1941,1941,m
1941j,1941j,m
19xx,19xx,m
3wonders,3wonders,m
wonder3,wonder3,m
aof,aof,m
aof2,aof2,m
aof3,aof3,m
armwar,armwaru,m
avsp,avsp,m
batcirj,batcirj,m
captcomm,captcomm,m
captcomj,captcommj,m
captcomu,captcommu,m
csclubj,csclubj,m
ddtod,ddtodu,m
dino,dino,m
dinoj,dinoj,m
vampj,vampj,m
ecofghtr,ecofghtr,m
fatfury1,fatfury1,m
ffight,ffight,m
ffightj,ffightj,m
ffightu,ffightua,m
gpilots,gpilots,m
kof94,kof94,m
kof95,kof95h,m
kof96,kof96,m
kof97,kof97,m
kof98,kof98n,m
maglord,maglord,m
megaman,megaman,m
rockmanj,rockmanj,m
msh,mshu,m
mslug,mslug,m
mslug2,mslug2,m
mtwins,mtwins,m
chikij,chikij,m
mutnat,mutnat,m
nam1975,nam1975,m
nemo,nemo,m
nemoj,nemoj,m
neodrift,neodrift,m
pbobble,pbobble,m
pspikes2,pspikes2,m
pulstar,pulstar,m
punisher,punisher,m
punishrj,punisherj,m
punishru,punisheru,m
puzzledp,puzzledp,m
samsho,samsho,m
samsho2,samsho2,m
sf2,sf2eb,m
sf2j,sf2j,m
sf2ja,sf2ja,m
sf2ue,sf2ue,m
sf2ui,sf2ui,m
sfa,sfa,m
sfa2,sfa2u,m
shdancer,shdancer,m
shinobi,shinobi3,m
shocktro,shocktro,m
socbrawl,socbrawl,m
sonicwi2,sonicwi2,m
spf2xj,spf2xj,m
ssf2,ssf2u,m
ssideki,ssideki,m
strhoop,strhoop,m
strider,strider,m
striderj,striderjr,m
tophuntr,tophuntr,m
turfmast,turfmast,m
unsquad,unsquad,m
varth,varthr1,m
varthj,varthj,m
varthu,varthu,m
viewpoin,viewpoin,m
wjammers,wjammers,m
wof,wof,m
wofa,wofa,m
wofj,wofj,m
wofu,wofu,m
xmvsf,xmvsfur1,m
