280zzzap,280zzzap,m
alieninv,alieninvp2,m
blktiger,blktiger,m
bombjack,bombjack,m
boothill,boothill,m
checkmat,checkmat,m
cosmicmo,cosmicmo,m
earthinv,searthin,m
eyes,eyes,m
galaxian,galaxian,m
gyruss,gyruss,m
invaderl,invaderl,m
invaders,invaders,m
jspecter,jspecter,m
jspectr2,jspecter2,m
lagunar,lagunar,m
lizwiz,lizwiz,m
maze,maze,m
mrtnt,mrtnt,m
mspacman,mspacmab,m
pacman,puckman,m
ponpoko,ponpoko,m
scramblb,scramblb,m
sicv,sicv,m
sinvemag,sinvemag,m
sinvzen,sinvzen,m
sisv,sisv,m
sisv2,sisv2,m
sitv,sitv,m
solomon,solomonj,m
spaceat2,spaceat2,m
spaceatt,spaceatt,m
spacewr3,spacewr3,m
spceking,spceking,m
spcewars,spcewars,m
superinv,superinv,m
theglob,theglobp,m
1942,1942a,m
1942a,1942b,m
1942b,1942,m
1943,1943,m
1943j,1943j,m
1943kai,1943kai,m
arkangc,arkangc,m
arkatayt,arktayt2,m
arkbloc2,arkblock,m
bankp,bankp,m
bktigerb,blktigerb1,m
blkdrgnb,blkdrgonb,m
blkdrgon,blkdrgon,m
boblbobl,boblbobl,m
bombjac2,bombjack2,m
circusc,circusc,m
circusc2,circusc3,m
circuscc,circuscc,m
circusce,circusce,m
dkngjnrb,dkongjre,m
dkngjnrj,dkongjnrj,m
dkong,dkong,m
dkong3,dkong3,m
dkong3j,dkong3j,m
dkongjo,dkongjo,m
dkongjo1,dkongjo1,m
dkongjp,dkongj,m
dkongjr,dkongjr,m
dkongjrb,dkongjrb,m
dkongjrj,dkongjrj,m
dotriku2,dotrikun2,m
dotrikun,dotrikun,m
dremshpr,dremshpr,m
galaga,galagao,m
galaxiaj,galaxiana,m
gberet,gberet,m
gunsmoka,gunsmokeua,m
gunsmoke,gunsmoke,m
gunsmokj,gunsmokej,m
hexa,hexa,m
hpolym84,hpolym84,m
hyperspt,hyperspt,m
invrvnga,invrvngea,m
invrvnge,invrvnge,m
m79amb,m79amb,m
mario,marioo,m
mariojp,marioj,m
masao,masao,m
minivadr,minivadr,m
mrgoemon,mrgoemon,m
news,news,m
pingpong,pingpong,m
radarscp,radarscp,m
roadf,roadf,m
roadf2,roadf2,m
rocnrope,rocnrope,m
rocnropk,rocnropek,m
rushatck,rushatck,m
safarir,safarir,m
sboblbob,sboblbob,m
tokiob,tokiob,m
vanvan,vanvan,m
warofbug,warofbug,m
yiear,yiear,m
yiear2,yiear2,m
crazyblk,crazyblk,m
crush2,crush2,m
crush3,crush3,m
dkongo,dkongo,m
eyes2,eyes2,m
gunsmoku,gunsmokeu,m
hangly,hangly,m
hangly2,hangly2,m
jumpshot,jumpshot,m
ldrun,ldrun,m
mbrush,mbrush,m
mrjong,mrjong,m
mspacpls,mspacpls,m
newpuckx,newpuckx,m
pacgal,pacgal,m
pacheart,pacheart,m
pacmod,pacmod,m
pacplus,pacplus,m
paintrlr,paintrlr,m
piranha,piranhah,m
ponpokov,ponpokov,m
pootan,pootan,m
pooyan,pooyan,m
pooyans,pooyans,m
puckman,puckman,m
puckmana,puckmana,m
puckmod,puckmod,m
sonson,sonson,m
sonsonj,sonsonj,m
troangel,troangel,m
