1942,1942,m
1943,1943,m
1943kai,1943kai,m
arkatayt,arktayt2,m
blktiger,blktiger,m
boblbobl,boblbobl,m
bombjack,bombjack,m
circusc,circusc,m
commando,commando,m
dkong,dkong,m
dkong3,dkong3,m
dkongjr,dkongjr,m
galaga,galaga,m
galaxian,galaxian,m
gberet,gberet,m
gng,gng,m
gunsmoke,gunsmoke,m
gyruss,gyruss,m
hexa,hexa,m
invaders,invaders,m
kungfum,kungfum,m
ldrun,ldrun,m
ldrun2,ldrun2,m
mario,mario,m
mspacman,mspacman,m
news,news,m
pacman,pacman,m
pingpong,pingpong,m
roadf,roadf,m
rocnrope,rocnrope,m
scramblb,scramblb,m
solomon,solomonj,m
sonson,sonson,m
tokiob,tokiob,m
troangel,troangel,m
warofbug,warofbug,m
yiear,yiear,m
sf2,sf2,m
bankp,bankp,m
checkmat,checkmat,m
crazyblk,crazyblk,m
dremshpr,dremshpr,m
eyes,eyes,m
lizwiz,lizwiz,m
maze,maze,m
mrgoemon,mrgoemon,m
mrjong,mrjong,m
ponpoko,ponpoko,m
radarscp,radarscp,m
vanvan,vanvan,m
snowbros,snowbros,m
diamond,diamond,m
gforce2,gforce2,m
gloc,gloc,m
jrpacman,jrpacman,m
pacplus,pacplus,m
pdrift,pdrift,m
rchase,rchase,m
sharrier,sharrier,m
strkfgtr,strkfgtr,m
zigzag,zigzag,m

