1942,1942a,m
1942a,1942b,m
1942b,1942,m
1943,1943,m
1943j,1943j,m
1943kai,1943kai,m
1945kiii,1945kiii,m
4enraya,4enraya,m
bankp,bankp,m
battroad,battroad,m
blktiger,blktiger,m
bktigerb,bktigerb,m
blkdrgnb,blkdrgnb,m
blkdrgon,blkdrgon,m
bombjack,bombjack,m
bombjac2,bombjac2,m
commando,commando,m
diverboy,diverboy,m
dkong,dkong,m
dkongjo,dkongjo,m
dkongjo1,dkongjo1,m
dkongjp,dkongjp,m
dkongo,dkongo,m
dkong3,dkong3,m
dkong3j,dkong3j,m
dkongjr,dkongjr,m
dkngjnrb,dkongjre,m
dkngjnrj,dkngjnrj,m
dkongjrb,dkongjrb,m
dkongjrj,dkongjrj,m
gberet,gberet,m
gberetb,gberetb,m
rushatck,rushatck,m
gunsmoke,gunsmoke,m
gunsmoka,gunsmoka,m
gunsmokj,gunsmokj,m
gunsmoku,gunsmoku,m
hexa,hexa,m
horizon,horizon,m
kidniki,kidnikiu,m
lithero,lithero,m
ldrun,ldrun,m
ldruna,ldruna,m
ldrun2,ldrun2,m
ldrun3,ldrun3,m
ldrun3jp,ldrun3jp,m
ldrun4,ldrun4,m
lotlot,lotlot,m
mario,marioo,m
mariojp,marioj,m
merlinmm,merlinmm,m
mrdo,mrdo,m
mrgoemon,mrgoemon,m
mrjong,mrjong,m
crazyblk,crazyblk,m
news,news,m
pingpong,pingpong,m
pooyan,pooyan,m
pootan,pootan,m
pooyans,pooyans,m
puckman,puckman,m
pacman,pacman,m
snowbros,snowbros,m
solomon,solomonj,m
avsp,avsp,m
batcir,batcir,m
csclub,csclub,m
ecofghtr,ecofghtr,m
mpangj,mpangj,m
pang,pang,m
pangb,pangb,m
sf2,sf2,m
spf2t,spf2t,m
