19xx,19xx,m
19xxh,19xxh,m
19xxj,19xxj,m
19xxjr1,19xxjr1,m
armwaru,armwaru,m
armwara,armwara,m
pgear,pgear,m
pgearr1,pgearr1,m
avsp,avsp,m
avspa,avspa,m
avspj,avspj,m
avspu,avspu,m
batcirj,batcirj,m
batcira,batcira,m
csclubj,csclubj,m
cscluba,cscluba,m
cybotsj,cybotsj,m
ddsomu,ddsomur1,m
ddsomj,ddsomj,m
ddsomjr1,ddsomjr1,m
ddtodu,ddtodu,m
ddtoda,ddtoda,m
ddtodj,ddtodjr2,m
ddtodur1,ddtodur1,m
dimahoo,dimahoou,m
gmahou,gmahou,m
dstlk,dstlku,m
dstlka,dstlka,m
vampj,vampj,m
vampja,vampja,m
vampjr1,vampjr1,m
ecofghtr,ecofghtr,m
uecology,uecology,m
gwingj,gigawingj,m
mmatrixj,mmatrixj,m
msh,mshu,m
mshh,mshh,m
mshj,mshjr1,m
mshvsf,mshvsfu1,m
mshvsfa,mshvsfa,m
mshvsfa1,mshvsfa1,m
mshvsfh,mshvsfh,m
mshvsfj,mshvsfj,m
mshvsfj1,mshvsfj1,m
mvsc,mvscu,m
mvsch,mvsch,m
mvscj,mvscj,m
mvscjr1,mvscjr1,m
nwarr,nwarru,m
vhuntj,vhuntj,m
qndream,qndream,m
rckman2j,rockman2j,m
ringdest,ringdest,m
smbomb,smbomb,m
smbombr1,smbombr1,m
sfa,sfa,m
sfau,sfau,m
sfzh,sfzhr1,m
sfzj,sfzj,m
sfzjr1,sfzjr1,m
sfzjr2,sfzjr2,m
sfa2,sfa2u,m
sfz2ah,sfz2alh,m
sfz2aj,sfz2alj,m
sfz2j,sfz2j,m
sfa3,sfa3u,m
sfa3r1,sfa3ur1,m
sfz3j,sfz3jr1,m
sfz3jr1,sfz3jr2,m
sgemf,sgemf,m
pfghtj,pfghtj,m
sgemfh,sgemfh,m
spf2t,spf2t,m
spf2xj,spf2xj,m
ssf2,ssf2u,m
ssf2a,ssf2ar1,m
ssf2j,ssf2j,m
ssf2jr1,ssf2jr1,m
ssf2jr2,ssf2jr2,m
ssf2t,ssf2t,m
ssf2ta,ssf2ta,m
ssf2tb,ssf2tb,m
ssf2tbj,ssf2tbj,m
ssf2tu,ssf2tur1,m
ssf2xj,ssf2xj,m
vhunt2,vhunt2r1,m
vsav,vsavu,m
vsavh,vsavh,m
vsavj,vsavj,m
vsav2,vsav2,m
xmcotau,xmcotau,m
xmcotah,xmcotah,m
xmcotaj,xmcotaj2,m
xmcotaj1,xmcotaj3,m
xmcotajr,xmcotajr,m
xmvsfu,xmvsfur1,m
xmvsfa,xmvsfa,m
xmvsfh,xmvsfh,m
xmvsfj,xmvsfjr1,m
1944j,1944j,m
armwar,armwarr1,m
ddsom,ddsomr2,m
ddsoma,ddsoma,m
ddtod,ddtod,m
dstlkr1,dstlkur1,m
mpangj,mpangj,m
mvsca,mvscar1,m
nwarrh,nwarrh,m
puzloop2,pzloop2j,m
rckmanj,rmancp2j,m
sfar1,sfar3,m
sfz3a,sfz3ar1,m
vhuntjr1,vhuntjr2,m
vsava,vsava,m
xmcota,xmcota,m
xmvsf,xmvsfr1,m
