1941,1941,m
1943,1943,m
19xx,19xx,m
3wonders,3wonders,m
aburner,aburner,m
aburner2,aburner2,m
ajax,typhoon,m
alexkidd,alexkidd1,m
aliensyn,aliensyn,m
altbeast,altbeast,m
androdun,androdun,m
aof,aof,m
armwar,armwar,m
assault,assault,m
aurail,aurail,m
avsp,avsp,m
bakutotu,bakutotu,m
baraduke,baraduke,m
batcirj,batcirj,m
batrider,batridj,m
battleg,bgareggacn,m
berabohm,berabohm,m
blazer,blazer,m
blazstar,blazstar,m
blswhstl,blswhstl,m
breakers,breakers,m
burnforc,burnforc,m
captcomm,captcomm,m
cawing,cawing,m
chplft,choplift,m
citybomb,citybomb,m
cosmognj,cosmogngj,m
crazycop,crazycop,m
csclubj,csclubj,m
cuebrick,cuebrickj,m
cybotsj,cybotsj,m
dangseed,dangseed,m
darius2,darius2,m
dduxbl,dduxbl,m
digdug2,digdug2,m
dondokod,dondokod,m
drgnbstr,drgnbstr,m
dsaber,dsaber,m
dspirit,dspirit,m
dstlk,dstlk,m
dwj,dynwarj,m
ecofghtr,ecofghtr,m
enduror,enduror,m
eswat,eswatbl,m
faceoff,faceoff,m
fantzone,fantzone,m
fatfursp,fatfursp,m
fatfury1,fatfury1,m
ffight,ffight,m
finehour,finehour,m
flicky,flicky,m
forgottn,forgottnu,m
galaga88,galaga88,m
gaplus,gaplus,m
garoup,garoup,m
garuka,garuka,m
genpeitd,genpeitd,m
ghouls,ghouls,m
goldnaxe,goldnaxe2,m
gradius,gradius,m
gradius3,gradius3,m
growl,growl,m
gunfront,gunfront,m
hcastle,hcastle,m
hopmappy,hopmappy,m
hotchase,hotchase,m
hpuncher,hpuncher,m
hvymetal,hvymetal,m
hwchamp,hwchamp,m
imsorryj,imsorryj,m
kabukikl,kabukikl,m
kod,kod,m
kof94,kof94,m
kof95,kof95h,m
kof98,kof98n,m
kof99,kof99a,m
konamigt,konamigt,m
lastblad,lastblad,m
lgtnfght,lgtnfghtu,m
liblrabl,liblrabl,m
lifefrcj,lifefrcej,m
liquidk,liquidk,m
mahoudai,mahoudai,m
majuu,majuu,m
mappy,mappy,m
marvland,marvlandj,m
mercs,mercs,m
metalb,metalb,m
metlhawk,metlhawk,m
metrocrs,metrocrs,m
mia,mia,m
mirninja,mirninja,m
mmaze,mmaze,m
mrviking,mrviking,m
msh,msh,m
mshvsf,mshvsfu,m
mslug,mslug,m
mslug2,mslug2,m
msword,msword,m
mtwins,mtwins,m
myhero,myhero,m
ncombat,ncombat,m
nemesis,nemesis,m
nemo,nemo,m
nightstr,nightstru,m
ninjaw,ninjaw,m
nyanpani,nyanpani,m
ordyne,ordyne,m
othunder,othunder,m
outrun,outrunra,m
pacland,pacland,m
pacmania,pacmania,m
pacnpal,pacnpal,m
panicbom,panicbom,m
parodius,parodius,m
phelios,phelios,m
phozon,phozon,m
pistoldm,pistoldm,m
pitfall2,pitfall2,m
pnickj,pnickj,m
pulirula,pulirula,m
punkshot,punkshot,m
qgakumon,qgakumon,m
qjinsei,qjinsei,m
qndream,qndream,m
quartet,quartet,m
quarth,quarth,m
quester,quester,m
raimais,raimaisj,m
rastsag2,rastsag2,m
regulus,regulus,m
ringdest,ringdest,m
roishtar,roishtar,m
rompers,rompers,m
rthunder,rthunder,m
salamand,salamand,m
samsho,samsho,m
samsho2,samsho2,m
sbm,sbm,m
scontra,scontra,m
sdi,sdibl,m
sectionz,sectionz,m
seganinj,seganinj,m
sf2t,sf2t,m
sfa,sfa,m
sfa2,sfa2u,m
sfa3,sfa3u,m
sgemf,sgemf,m
shadowld,shadowld,m
shangonb,shangonrb,m
sharrier,sharrier1,m
shinobi,shinobi3,m
shippumd,shippumd,m
skykid,skykid,m
skykiddx,skykiddx,m
spf2t,spf2t,m
splatter,splatterj,m
ssf2,ssf2t,m
ssriders,ssriders,m
starblad,starblad,m
strider,strider,m
suprloco,suprloco,m
syvalion,syvalion,m
teddybb,teddybb,m
tetris,tetrisbl,m
thnderxj,thunderxj,m
thunderx,thunderxa,m
tmnt,tmnt,m
todruaga,todruaga,m
toypop,toypop,m
twinbee,twinbee,m
unsquad,unsquad,m
upndown,upndownu,m
valkyrie,valkyrie,m
varth,varthr1,m
viewpoin,viewpoin,m
vsav,vsav,m
vulcan,vulcan,m
wakuwak7,wakuwak7,m
wb3,wb3,m
wbml,wbml,m
wboy,wboy,m
wecleman,wecleman,m
wgp,wgp,m
wndrmomo,wndrmomo,m
xexex,xexex,m
xmcota,xmcota,m
xmcotajr,xmcotajr,m
xmen,xmen,m
xmvsf,xmvsfr1,m
yuyugogo,yuyugogo,m
actfight,afighter,m
aircombt,aircombj,m
ales,lwingsj,m
cameltru,cameltry,m
cotton,cottonj,m
crfight2,vendetta,m
cybrsled,cybsled,m
dadtod,ddtod,m
daiskiss,daiskiss,m
dirtfox,dirtfoxj,m
dragoonm,dragoonj,m
dunkshot,dunkshot,m
fantzojm,fantzone1,m
fight_fever,fightfev,m
flpoint,fpoint1,m
gaiapols,gaiapolsj,m
galfight,galaxyfg,m
gforce2,gforce2,m
gngjap,makaimur,m
gokuparo,gokuparo,m
kikikaik,kikikai,m
lastrsrt,lresort,m
megablst,megablst,m
misticw,mystwarr,m
mmatrix,mmatrix,m
mvc,mvscu,m
mvp,mvp,m
myheroj,sscandal,m
outrunrs,orunnersu,m
puzzbobb,pbobblen,m
pwrdrift,pdriftj,m
railchaj,rchase,m
rthund2,rthun2,m
sala2,salmndr2,m
sexyparo,sexyparo,m
sjryuko,sjryuko,m
slmdunk1,slmdunkj,m
slmdunk2,slamdnk2,m
soccerss,soccerssja,m
sol_snd,solvalou,m
sonicbom,sonicbom,m
spmonaco,smgpu2,m
suzuka81,suzuka8h,m
suzuka82,suzuk8h2,m
swings3,sonicwi3,m
thndrbld,thndrbld,m
tkmmpzdm,tkmmpzdm,m
tokkaedm,tokkae,m
toutrun,toutrun2,m
twbyahho,tbyahhoo,m
vtstorm,viostorm,m
winrun91,winrun91,m
wrunsuzu,winrun,m
