4dwarrio,4dwarrio,m
aburner,aburner2,m
alexkidd,alexkidd1,m
aliensyn,aliensyn,m
altbeast,altbeast,m
astormj,astormj,m
aurail,aurail,m
blockgal,blockgal,m
bloxeed,bloxeed,m
imsorry,imsorry,m
bullfgtj,thetogyu,m
chplft,choplift,m
dakkochn,dakkochn,m
darius2,darius2,m
dduxbl,dduxbl,m
devilwld,devilw,m
dinorex,dinorex,m
endracer,enduror,m
eswatbl,eswatbl,m
fantzone,fantzone,m
flicky,flicky,m
fntzonej,fantzone1,m
fpointbl,fpoint1,m
goldnaxe,goldnaxe2,m
hang-on,hangon,m
harrier,sharrier1,m
hvymetal,hvymetal,m
hwchamp,hwchamp,m
liquidk,liquidk,m
metalb,metalb,m
moonwlkb,mwalkbl,m
mrviking,mrviking,m
myhero,myhero,m
ninjaw,ninjaw,m
nprinces,nprinces,m
outrun,outrunra,m
passshtb,passshtb,m
pitfall,pitfall2,m
quartet2,quartet2,m
raimais,raimaisj,m
rastan2,rastsag2,m
regulus,regulus,m
s-hangon,shangupb,m
sdi,sdibl,m
shdancer,shdancer,m
shinobi,shinobi3,m
slocomo,suprloco,m
starjack,starjack,m
swat,swat,m
syvalion,syvalion,m
teddybb,teddybb,m
tetrisbl,tetrisbl,m
timscanr,timescan,m
tokisen,tokisens,m
ufoyoko,ufosensi,m
upndown,upndownu,m
vulcan,vulcan,m
warriorb,warriorb,m
wb3bl,wb3bbl,m
wbdeluxe,wbdeluxe,m
wbmland,wbmlb,m
wboy,wboyo,m
wecleman,wecleman,m
wrestwar,wrestwar,m
dumpmtmt,dumpmtmt,m
gardia,gardia,m
pulirula,pulirula,m
nightstr,nightstru,m
spidrman,spidman,m
thunderb,thndrbld1,m
gforce,gforce2,m
pwrdrift,pdrift,m
tuoutrun,toutrun1,m
abcop,abcop,m
arabfght,arabfgtu,m
charon,charon,n
darkedge,darkedge,m
g-loc,gloc,m
gprider,gprider1,m
rhero,rhero,n
ab1,aburner,m
ajax,typhoon,m
brain,brain,m
cheqflag,chqflag,m
darius,darius,m
darius2a,darius2d,m
endrcbl,endurob2,m
endurob1,endurobl,m
exelizer,exerizrb,m
forgottn,forgottnu,m
fullthr,fullthrl,m
gngcps,daimakai,m
growl,growl,m
hotchase,hotchase,m
loffire,loffire,m
nemesis,nemesis,m
plusalph,plusalph,m
psyforce,psyforcej,m
railchas,rchase,m
rmobile,radm,m
soldam,soldamj,m
stdragon,stdragon,m
strider,striderjr,m
thndcept,hangon,m
thundbus,thndrbld,m
