19xx,19xx,m
3wonders,3wonders,m
armwar,armwar,m
avsp,avsp,m
captcomm,captcomm,m
cybots,cybots,m
ddsom,ddsom,m
ddtod,ddtod,m
dino,dino,m
dstlk,dstlk,m
ffight,ffight,m
ghouls,ghouls,m
knights,knights,m
kod,kod,m
msh,msh,m
punisher,punisher,m
qndream,qndream,m
rvschool,rvschool,m
sf2ce,sf2ce,m
sfa,sfa,m
sfa2,sfa2u,m
sfa3,sfa3u,m
sfex,sfexu,m
sfex2p,sfex2pj,m
ringdest,ringdest,m
slammast,slammast,m
spf2t,spf2t,m
ssf2,ssf2,m
strider,strider,m
1941,1941,m
cawing,cawing,m
forgottn,forgottnu,m
msword,msword,m
megaman,megaman,m
mtwins,mtwins,m
mercs,mercs,m
nemo,nemo,m
pang3,pang3n,m
varth,varthr1,m
willow,willow,m
unsquad,unsquad,m
vsav,vsav,m
wof,wof,m
xmcota,xmcota,m
xmvsf,xmvsfr1,m
csclub,csclub1,m
ecofghtr,ecofghtr,m
sf2,sf2,m
2020bb,2020bb,m
3countb,3countb,m
alpham2,alpham2,m
androdun,androdun,m
aodk,aodk,m
aof,aof,m
aof2,aof2,m
aof3,aof3,m
bakatono,bakatono,m
bjourney,bjourney,m
blazstar,blazstar,m
breakers,breakers,m
bstars,bstarsh,m
bstars2,bstars2,m
burningf,burningf,m
crsword,crsword,m
ctomaday,ctomaday,m
cyberlip,cyberlip,m
doubledr,doubledr,m
eightman,eightman,m
fatfursp,fatfursp,m
fatfury1,fatfury1,m
fatfury2,fatfury2,m
fatfury3,fatfury3,m
fbfrenzy,fbfrenzy,m
fightfev,fightfev,m
flipshot,flipshot,m
galaxyfg,galaxyfg,m
goalx3,goalx3,m
gowcaizr,gowcaizr,m
gpilots,gpilots,m
gururin,gururin,m
irrmaze,irrmaze,m
janshin,janshin,m
joyjoy,joyjoy,m
kabukikl,kabukikl,m
karnovr,karnovr,m
kizuna,kizuna,m
kof94,kof94,m
kof95,kof95h,m
kof96,kof96,m
kof97,kof97,m
kof98,kof98,m
kof99,kof99,m
kotm,kotm,m
kotm2,kotm2,m
lastblad,lastblad,m
lastbld2,lastbld2,m
lbowling,lbowling,m
legendos,legendos,m
lresort,lresort,m
magdrop2,magdrop2,m
magdrop3,magdrop3,m
maglord,maglord,m
mahretsu,mahretsu,m
marukodq,marukodq,m
miexchng,miexchng,m
minasan,minasan,m
mosyougi,mosyougi,m
mslug,mslug,m
mslug2,mslug2,m
mslugx,mslugx,m
mutnat,mutnat,m
nam1975,nam1975,m
ncombat,ncombat,m
ncommand,ncommand,m
neobombe,neobombe,m
neocup98,neocup98,m
neodrift,neodrift,m
neomrdo,neomrdo,m
ninjamas,ninjamas,m
overtop,overtop,m
panicbom,panicbom,m
pbobbl2n,pbobbl2n,m
pbobblen,pbobblen,m
pgoal,pgoal,m
popbounc,popbounc,m
preisle2,preisle2,m
pspikes2,pspikes2,m
pulstar,pulstar,m
puzzledp,puzzledp,m
quizdai2,quizdai2,m
quizdais,quizdais,m
quizkof,quizkof,m
ragnagrd,ragnagrd,m
rbff1,rbff1,m
rbff2,rbff2,m
rbffspec,rbffspec,m
ridhero,ridhero,m
roboarmy,roboarmy,m
samsho,samsho,m
samsho2,samsho2,m
samsho3,samsho3h,m
samsho4,samsho4,m
savagere,savagere,m
sdodgeb,sdodgeb,m
sengoku,sengoku,m
sengoku2,sengoku2,m
shocktr2,shocktr2,m
shocktro,shocktro,m
socbrawl,socbrawl,m
sonicwi2,sonicwi2,m
sonicwi3,sonicwi3,m
spinmast,spinmast,m
ssideki,ssideki,m
ssideki2,ssideki2,m
ssideki3,ssideki3,m
ssideki4,ssideki4,m
stakwin,stakwin,m
stakwin2,stakwin2,m
strhoop,strhoop,m
superspy,superspy,m
tophuntr,tophuntr,m
tpgolf,tpgolf,m
trally,trally,m
turfmast,turfmast,m
twinspri,twinspri,m
tws96,tws96,m
viewpoin,viewpoin,m
wakuwak7,wakuwak7,m
wh1,wh1h,m
wh2,wh2,m
wh2j,wh2jh,m
whp,whp,m
wjammers,wjammers,m
zedblade,zedblade,m
diggerma,diggerma,m
dimahoo,dimahoou,m
ganryu,ganryu,m
gigawing,gigawing,m
kof2000,kof2000,m
mmatrix,mmatrix,m
mshvsf,mshvsfu,m
mvsc,mvscu,m
nwarr,nwarru,m
megaman2,megaman2,m
sgemf,sgemf,m
vliner,vliner,m
vsav2,vsav2,m
mslug3,mslug3,m
nitd,nitd,m
s1945p,s1945p,m
sengoku3,sengoku3,m
tgmj,tgmj,m
cworld2j,cworld2j,m
dw,dynwar,m
garou,garou,m
neopong,neopong,n
pnickj,pnickj,m
qad,qad,m
qtono2,qtono2,m
zupapa,zupapa,m
moo,mooua,m
bucky,bucky,m
kof2001,kof2001,m
bangbead,bangbead,m
kov,kov,m
neonopon,neonopon,n
orlegend,orlegend,m
1944,1944,m
batcir,batcir,m
doa,doa,m
dynabb,dynabb,m
gunblade,gunblade,m
indy500,indy500to,m
lastbrxa,lastbrnx,m
manxtt,manxtt,m
pltkids,pltkids,m
schamp,sfight,m
sgt24h,sgt24h,m
srallyc,srallyc,m
vcop2,vcop2,m
vf2,vf2,m
von,vonj,m
vstriker,vstrikero,m
zerogun,zerogun,m
daytona,daytona,m
hotd,hotd,m
topskatr,topskatr,m
vcop,vcop,m
von2,von2,m
bel,bel,m
dynamcop,dynamcop,m
fvipers,fvipers,m
skytargt,skytargt,m
stcc,stcc,m
jockeygp,jockeygp,m
mpangj,mpangj,m
sg2j,plsmaswd,m
sr2j,strider2a,m
kikaioh,techromnu,m
ts2j,ts2,m
zintrckb,zintrckb,m
desert,desert,m
dragwld2,drgw2,m
scudrace,scud,m
srally2,srally2,m
vf3,vf3,m
vs2,vs2,m
vs298,vs298,m
vs299,vs299,m
