nam1975,nam1975,m
bstars,bstars,m
tpgolf,tpgolf,m
mahretsu,mahretsu,m
maglord,maglord,m
alpham2,alpham2,m
ncombat,ncombat,m
cyberlip,cyberlip,m
superspy,superspy,m
mutnat,mutnat,m
sengoku,sengoku,m
burningf,burningf,m
gpilots,gpilots,m
joyjoy,joyjoy,m
bjourney,bjourney,m
quizdais,quizdais,m
lresort,lresort,m
legendos,legendos,m
2020bb,2020bb,m
socbrawl,socbrawl,m
roboarmy,roboarmy,m
fatfury1,fatfury1,m
crsword,crsword,m
trally,trally,m
kotm2,kotm2,m
sengoku2,sengoku2,m
bstars2,bstars2,m
quizdai2,quizdai2,m
3countb,3countb,m
aof,aof,m
samsho,samsho,m
tophuntr,tophuntr,m
fatfury2,fatfury2,m
janshin,janshin,m
androdun,androdun,m
viewpoin,viewpoin,m
ssideki,ssideki,m
wh1,wh1,m
kof94,kof94,m
aof2,aof2,m
wh2,wh2,m
fatfursp,fatfursp,m
savagere,savagere,m
fightfev,fightfev,m
ssideki2,ssideki2,m
spinmast,spinmast,m
samsho2,samsho2,m
wh2j,wh2j,m
wjammers,wjammers,m
karnovr,karnovr,m
gururin,gururin,m
pspikes2,pspikes2,m
fatfury3,fatfury3,m
panicbom,panicbom,m
aodk,aodk,m
sonicwi2,sonicwi2,m
zedblade,zedblade,m
galaxyfg,galaxyfg,m
strhoop,strhoop,m
quizkof,quizkof,m
ssideki3,ssideki3,m
doubledr,doubledr,m
pbobblen,pbobblen,m
kof95,kof95,m
tws96,tws96,m
samsho3,samsho3,m
stakwin,stakwin,m
pulstar,pulstar,m
whp,whp,m
kabukikl,kabukikl,m
neobombe,neobombe,m
gowcaizr,gowcaizr,m
rbff1,rbff1,m
aof3,aof3,m
sonicwi3,sonicwi3,m
turfmast,turfmast,m
mslug,mslug,m
puzzledp,puzzledp,m
mosyougi,mosyougi,m
marukodq,marukodq,m
neomrdo,neomrdo,m
sdodgeb,sdodgeb,m
goalx3,goalx3,m
overtop,overtop,m
neodrift,neodrift,m
kof96,kof96,m
ssideki4,ssideki4,m
kizuna,kizuna,m
ninjamas,ninjamas,m
ragnagrd,ragnagrd,m
pgoal,pgoal,m
magdrop2,magdrop2,m
samsho4,samsho4,m
rbffspec,rbffspec,m
twinspri,twinspri,m
wakuwak7,wakuwak7,m
stakwin2,stakwin2,m
breakers,breakers,m
miexchng,miexchng,m
kof97,kof97,m
magdrop3,magdrop3,m
lastblad,lastblad,m
irrmaze,irrmaze,m
popbounc,popbounc,m
shocktro,shocktro,m
blazstar,blazstar,m
rbff2,rbff2,m
mslug2,mslug2,m
kof98,kof98,m
lastbld2,lastbld2,m
neocup98,neocup98,m
shocktr2,shocktr2,m
flipshot,flipshot,m
ridhero,ridhero,m
kotm,kotm,m
fbfrenzy,fbfrenzy,m
eightman,eightman,m
lbowling,lbowling,m
minasan,minasan,m
ncommand,ncommand,m
bakatono,bakatono,m
pbobbl2n,pbobbl2n,m
ctomaday,ctomaday,m
mslugx,mslugx,m
kof99,kof99,m
garoup,garoup,m
wof,wof,m
dino,dino,m
slammast,slammast,m
punisher,punisher,m
ssf2,ssf2u,m
ddtod,ddtod,m
avsp,avsp,m
dstlk,dstlk,m
armwar,armwar,m
xmcota,xmcota,m
nwarr,nwarru,m
sfa,sfa,m
msh,msh,m
sfa2,sfa2,m
megaman2,megaman2,m
xmvsf,xmvsfr1,m
vsav,vsav,m
mshvsf,mshvsfu,m
vhunt2,vhunt2r1,m
vsav2,vsav2,m
mvsc,mvscu,m
sfa3,sfa3,m
sfex,sfexu,m
rvschool,rvschool,m
tgmj,tgmj,m
preisle2,preisle2,m
ganryu,ganryu,m
diggerma,diggerma,m
mslug3,mslug3,m
vliner,vliner,m
nitd,nitd,m
sengoku3,sengoku3,m
garou,garou,m
kof2000,kof2000,m
s1945p,s1945p,m
zupapa,zupapa,m
neopong,neopong,n
kof2001,kof2001,m
bangbead,bangbead,m
mslug4,mslug4,m
neonopon,neonopon,n
batcir,batcir,m
jockeygp,jockeygp,m
kof2002,kof2002,m
rotd,rotd,m
sfex2,sfex2,m
ts2,ts2,m
svc,svc,m
mslug5,mslug5,m
matrim,matrim,m
samsho5,samsho5,m
ssf2xj,ssf2xj,m
zintrckb,zintrckb,m
ghostlop,ghostlop,m
kof2003,kof2003,m
pnyaa,pnyaa,m
samsh5sp,samsh5sp,m
