klax,klax,m
hydra,hydra,m
pitfight,pitfight4,m
harddriv,harddriv,m
stunrun,stunrun,m
wfortune,wfortune,m
gtg,gtg,m
slikshot,slikshot,m
gtg2,gtg2,m
peggle,peggle,m
hstennis,hstennis,m
rimrockn,rimrockn,m
ninclown,ninclown,m
berlwall,berlwallt,m
gtmr,gtmr,m
shogwarr,shogwarru,m
hotpinbl,hotpinbl,m
galspnbl,galspnbl,m
galpanic,galpanic,m
fantasia,fantasia,m
newfant,newfant,m
missw96,missw96,m
dogyuun,dogyuun,m
kbash,kbash,m
truxton2,truxton2,m
fixeight,fixeight,m
batsugun,batsugun,m
snowbro2,snowbro2,m
mahoudai,mahoudai,m
shippumd,shippumd,m
battleg,bgareggacn,m
batrider,batridj,m
bjtwin,bjtwin,m
raiden,raiden,m
mk,mk,m
term2,term2la3,m
totcarn,totcarn,m
nbajam,nbajam,m
nbajamte,nbajamte,m
airbustr,airbustrj,m
ultraman,ultraman,m
hbarrel,hbarrel,m
hbarrelw,hbarrelw,m
baddudes,baddudes,m
birdtry,birdtry,m
robocop,robocop,m
hippodrm,hippodrm,m
slyspy,slyspy,m
midres,midres,m
midresj,midresj,m
bouldash,bouldash,m
cninja,cninja,m
stoneage,stoneage,m
supbtime,supbtime,m
chinatwn,chinatwn,m
tumblep,tumblep,m
tumblepb,tumbleb,m
gaiden,gaiden,m
tknight,tknight,m
fstarfrc,fstarfrc,m
ginkun,ginkun,m
mgakuen,mgakuen,m
mgakuen2,mgakuen2,m
pkladies,pkladies,m
dokaben,dokaben,m
pang,pang,m
cworld,cworld,m
hatena,hatena,m
spang,spang,m
sbbros,sbbros,m
marukin,marukin,m
qtono1,qtono1,m
qsangoku,qsangoku,m
block,block,m
forgottn,forgottnua,m
lostwrld,lostwrld,m
strider,strider,m
dwj,dynwarj,m
willow,willow,m
unsquad,unsquad,m
ffight,ffight,m
1941,1941,m
mercs,mercs,m
mtwins,mtwins,m
chikij,chikij,m
msword,msword,m
cawing,cawing,m
nemo,nemo,m
sf2,sf2,m
3wonders,3wonders,m
kod,kod,m
kodj,kodj,m
captcomm,captcommr1,m
knights,knights,m
varth,varthr1,m
cworld2j,cworld2j,m
pnickj,pnickj,m
qad,qad,m
qadj,qadj,m
qtono2,qtono2j,m
pang3,pang3n,m
rockmanj,rockmanj,m
sfzch,sfzch,n
