alienst,alienst,n
armora,armora,m
astdelu1,astdelu1,m
astdelu2,astdelu2,m
astdelux,astdelux,m
asterock,asterock,m
asteroi1,asteroi1,m
asteroib,asteroib,m
asteroid,asteroid,m
barrier,barrier,m
bwidow,bwidow,m
bzone,bzone,m
bzonec,bzonec,m
bzonep,bzonep,n
deltrace,deltrace,m
demon,demon,m
elim2,elim2,m
gravitar,gravitar,m
llander,llander,m
llander1,llander1,m
lunarbat,lunarbat,m
meteorts,meteorts,m
mhavoc,mhavoc,m
omegrace,omegrace,m
quantum,quantum,m
redbaron,redbaron,m
ripoff,ripoff,m
solarq,solarq,m
spacduel,spacduel,m
spacewar,spacewar,m
spacfura,spacfura,m
spacfury,spacfury,m
starcas,starcas,m
starhawk,starhawk,m
startrek,startrek,m
starwars,starwars,m
sundance,sundance,m
tacscan,tacscan,m
tailg,tailg,m
tempest,tempest,m
tempest1,tempest1,m
tempest2,tempest2,m
tempest3,tempest3,m
tempestm,tempestm,n
temptube,temptube,m
vbreak,vectorb,n
vortex,vortex,n
warrior,warrior,m
zektor,zektor,m
boxingb,boxingb,m
bzone2,bzone2,m
elim2a,elim2a,m
elim2c,elim2c,m
elim4,elim4,m
elim4p,elim4p,m
gravitr2,gravitr2,m
gravp,gravp,m
lunarba1,lunarba1,m
spacfurb,spacfurb,m
speedfrk,speedfrk,m
starwar1,starwar1,m
wotw,wotw,m
