3wonders,3wonders,m
armwar,armwarr1,m
armwaru,armwaru,m
pgear,pgear,m
pgearr1,pgearr1,m
avsp,avsp,m
avspj,avspj,m
avspu,avspu,m
batcirj,batcirj,m
csclubj,csclubj,m
cscluba,cscluba,m
cybotsj,cybotsj,m
ddsom,ddsomr2,m
ddsomjr1,ddsomjr1,m
ddsomu,ddsomur1,m
ddtod,ddtod,m
ddtodj,ddtodjr1,m
ddtodu,ddtodu,m
ddtodur1,ddtodur1,m
dstlk,dstlk,m
dstlka,dstlka,m
dstlkr1,dstlkur1,m
dstlku,dstlku,m
vampja,vampja,m
vampjr1,vampjr1,m
ecofghtr,ecofghtr,m
ffight,ffight,m
goalx3,goalx3,m
kof94,kof94,m
megaman,megaman,m
mshvsf,mshvsfu1,m
mshvsfj,mshvsfj,m
mshvsfj1,mshvsfj1,m
mslug,mslug,m
mslug2,mslug2,m
mslug3nd,mslug3nd,n
mslugx,mslugx,m
mvsc,mvscu,m
mvsca,mvscar1,m
mvscj,mvscj,m
mvscjr1,mvscjr1,m
neodrift,neodrift,m
pbobble,pbobblen,m
puzzledp,puzzledp,m
rckman2j,rckman2j,m
ringdest,ringdest,m
smbomb,smbomb,m
smbombr1,smbombr1,m
sdodgeb,sdodgeb,m
sf2,sf2eb,m
sfa,sfa,m
sfar1,sfar3,m
sfau,sfau,m
sfzj,sfzj,m
sfzjr1,sfzjr1,m
sfzjr2,sfzjr2,m
sfa2,sfa2,m
sfz2a,sfz2a,m
sfz2aj,sfz2aj,m
sfz2j,sfz2j,m
sfa3,sfa3,m
sfa3r1,sfa3r1,m
sfz3a,sfz3ar1,m
sfz3j,sfz3jr1,m
sfz3jr1,sfz3jr2,m
shdancer,shdancer,m
shinobi,shinobi3,m
shocktro,shocktro,m
spf2t,spf2t,m
spf2xj,spf2xj,m
ssideki,ssideki,m
turfmast,turfmast,m
viewpoin,viewpoin,m
vsav,vsav,m
vsava,vsava,m
vsavu,vsavu,m
vsav2,vsav2,m
wakuwak7,wakuwak7,m
xmcota,xmcota,m
xmcotaj1,xmcotaj1,m
xmcotajr,xmcotajr,m
xmcotau,xmcotau,m
xmvsf,xmvsfr1,m
xmvsfu,xmvsfur1,m
sgemf,sgemf,m
