1941,1941,m
1941j,1941j,m
19xx,19xx,m
19xxh,19xxh,m
3wonders,3wonders,m
wonder3,wonder3,m
avsp,avspu,m
avspj,avspj,m
captcomm,captcommr1,m
captcomj,captcommj,m
captcomu,captcommu,m
cawing,cawing,m
cawingj,cawingj,m
cworld2j,cworld2j,m
cybotsj,cybotsj,m
ddtod,ddtodu,m
ddtodj,ddtodjr2,m
ddtodr1,ddtodur1,m
dino,dino,m
dinoj,dinoj,m
dstlk,dstlku,m
vampa,dstlka,m
vampj,vampj,m
vampja,vampja,m
dwj,dynwarj,m
ffight,ffight,m
ffightj,ffightj,m
ffightu,ffightua,m
forgottn,forgottnu,m
lostwrld,lostwrld,m
ghouls,ghouls,m
knights,knights,m
knightsj,knightsj,m
knightsu,knightsu,m
kod,kod,m
kodb,kodb,m
kodj,kodj,m
kodu,kodu,m
megaman,megaman,m
rockmanj,rockmanj,m
mercs,mercs,m
msh,mshu,m
msword,msword,m
mswordj,mswordj,m
mswordu,mswordu,m
mtwins,mtwins,m
chikij,chikij,m
nemo,nemo,m
nemoj,nemoj,m
pang3,pang3n,m
pang3j,pang3j,m
pnickj,pnickj,m
punisher,punisher,m
punishrj,punisherj,m
punishru,punisheru,m
qad,qad,m
qadj,qadj,m
qndream,qndream,m
qtono2,qtono2j,m
sf2,sf2eb,m
sf2a,sf2ua,m
sf2b,sf2ub,m
sf2e,sf2ue,m
sf2i,sf2ui,m
sf2j,sf2j,m
sf2jb,sf2ja,m
sf2ce,sf2ce,m
sf2accp2,sf2accp2,m
sf2cea,sf2ceua,m
sf2ceb,sf2ceub,m
sf2cej,sf2cej,m
sf2rb,sf2rb,m
sf2red,sf2red,m
sf2t,sf2hfu,m
sf2tj,sf2hfj,m
sfa,sfau,m
sfzj,sfzj,m
sfzjr1,sfzjr1,m
sfzjr2,sfzjr2,m
sfa2,sfa2u,m
sfzch,sfzch,n
slammast,slammast,m
mbomberj,mbomberj,m
mbombrd,mbombrd,m
mbombrdj,mbombrdj,m
slammasu,slammastu,m
ssf2,ssf2u,m
ssf2j,ssf2j,m
ssf2jr1,ssf2jr1,m
ssf2jr2,ssf2jr2,m
strider,strider,m
striderj,striderjr,m
unsquad,unsquad,m
area88,area88,m
varth,varthr1,m
varthj,varthj,m
varthu,varthu,m
willow,willowje,m
willowj,willowj,m
wof,wof,m
wofa,wofa,m
wofj,wofj,m
wofu,wofu,m
19xxj,19xxjr1,m
ddsomj,ddsomjr1,m
ghoulsj,daimakai,m
mshh,mshh,m
slam2e,ringdest,m
vsavj,vsavj,m
ssf2t,ssf2t,m
armwar,armwaru,m
armwara,armwara,m
avspa,avspa,m
ddsom,ddsomur1,m
mshj,mshjr1,m
pgear,pgear,m
pgearr1,pgearr1,m
sfaer1,sfa,m
sfz2,sfz2j,m
sfzh,sfzhr1,m
smbomber,smbombr1,m
ssf2a,ssf2ar1,m
ssf2tu,ssf2tur1,m
ssf2ta,ssf2ta,m
vsav,vsavu,m
xmcota,xmcotau,m
xmcotaj,xmcotaj2,m
xmcotaj1,xmcotaj3,m
xmvsf,xmvsfur1,m
xmvsfa,xmvsfa,m
xmvsfj,xmvsfjr1,m
spf2xj,spf2xj,m
ssf2xj,ssf2xj,m
sfz3jr1,sfz3jr2,m
sfz2a,sfz2alj,m
jgakuen,jgakuen,m
kikaioh,kikaioh,m
mercsj,mercsj,m
mercsu,mercsu,m
rvschool,rvschoola,m
sfex,sfexa,m
sfex2,sfex2j,m
sfex2p,sfex2pj,m
sfexj,sfexj,m
sfexp,sfexpu1,m
sfexpj,sfexpj,m
shiryu2,shiryu2,m
sncwgltd,sncwgltd,m
tgmj,tgmj,m
ts2j,ts2j,m
atomicp,atomicp,m
avspe,avsp,m
cscluba,cscluba,m
csclubj,csclubj,m
fpointbl,fpointbl,m
goldnaxe,goldnaxe2,m
shdancer,shdancer,m
shinobi,shinobi3,m
ssf2tb,ssf2tb,m
tetrisbl,tetrisbl,m
wb3bl,wb3bbl,m
2020bb,2020bb,m
2020bbh,2020bbh,m
3countb,3countb,m
alexkidd,alexkidd,m
alpham2,alpham2,m
altbeast,altbeast4,m
androdun,androdun,m
aodk,aodk,m
aof,aof,m
aof2,aof2,m
aof3,aof3,m
astormbl,astormbl,m
bakatono,bakatono,m
batcira,batcira,m
batcirj,batcirj,m
bjourney,bjourney,m
blazstar,blazstar,m
breakers,breakers,m
breakrev,breakrev,m
bstars,bstarsh,m
bstars2,bstars2,m
burningf,burningf,m
burningh,burningfh,m
crsword,crsword,m
ctomaday,ctomaday,m
cyberlip,cyberlip,m
dduxbl,dduxbl,m
diggerma,diggerma,m
dimahoo,dimahoou,m
doubledr,doubledr,m
ecofe,ecofghtr,m
eightman,eightman,m
eswatbl,eswatbl,m
fatfursp,fatfursp,m
fatfury1,fatfury1,m
fatfury2,fatfury2,m
fatfury3,fatfury3,m
fbfrenzy,fbfrenzy,m
fightfev,fightfev,m
flipshot,flipshot,m
galaxyfg,galaxyfg,m
garoup,garoup,m
gmahoo,gmahou,m
goalx3,goalx3,m
gowcaizr,gowcaizr,m
gpilots,gpilots,m
gururin,gururin,m
hangon,hangon,m
irrmaze,irrmaze,m
janshin,janshin,m
joyjoy,joyjoy,m
kabukikl,kabukikl,m
karnovr,karnovr,m
kizuna,kizuna,m
kof94,kof94,m
kof95,kof95h,m
kof96,kof96,m
kof97,kof97,m
kof98,kof98h,m
kof99p,kof99p,m
kotm,kotm,m
kotm2,kotm2,m
lastblad,lastblad,m
lastbld2,lastbld2,m
lbowling,lbowling,m
legendos,legendos,m
lresort,lresort,m
magdrop2,magdrop2,m
magdrop3,magdrop3,m
maglord,maglord,m
maglordh,maglordh,m
mahretsu,mahretsu,m
marukodq,marukodq,m
miexchng,miexchng,m
minasan,minasan,m
moonwlkb,mwalkbl,m
mosyougi,mosyougi,m
mslug,mslug,m
mslug2,mslug2,m
mslugx,mslugx,m
mutnat,mutnat,m
nam1975,nam1975,m
ncombat,ncombat,m
ncommand,ncommand,m
neobombe,neobombe,m
neocup98,neocup98,m
neodrift,neodrift,m
neomrdo,neomrdo,m
ninjamas,ninjamas,m
overtop,overtop,m
panicbom,panicbom,m
pbobbl2n,pbobbl2n,m
pbobble,pbobblen,m
pbobblen,pbobblen,m
pgoal,pgoal,m
popbounc,popbounc,m
pspikes2,pspikes2,m
pulstar,pulstar,m
puzzldpr,puzzldpr,m
puzzledp,puzzledp,m
quizdai2,quizdai2,m
quizdais,quizdais,m
quizkof,quizkof,m
ragnagrd,ragnagrd,m
rbff1,rbff1,m
rbff2,rbff2,m
rbffspec,rbffspec,m
ridhero,ridhero,m
ridheroh,ridheroh,m
roboarmy,roboarmy,m
samsho,samsho,m
samsho2,samsho2,m
samsho3,samsho3h,m
samsho4,samsho4,m
savagere,savagere,m
sdodgeb,sdodgeb,m
sengokh,sengokh,m
sengoku,sengoku,m
sengoku2,sengoku2,m
sfa3,sfa3u,m
sfa3jr1,sfa3ur1,m
sharrier,sharrier1,m
shocktr2,shocktr2,m
shocktrj,shocktra,m
shocktro,shocktro,m
socbrawl,socbrawlh,m
sonicwi2,sonicwi2,m
sonicwi3,sonicwi3,m
spinmast,spinmast,m
ssideki,ssideki,m
ssideki2,ssideki2,m
ssideki3,ssideki3,m
ssideki4,ssideki4,m
stakwin,stakwin,m
stakwin2,stakwin2,m
strhoop,strhoop,m
superspy,superspy,m
timscanr,timescan,m
tophuntr,tophuntr,m
tpgolf,tpgolf,m
trally,trally,m
turfmast,turfmast,m
twinspri,twinspri,m
tws96,tws96,m
uecology,uecology,m
vampjr1,vampjr1,m
viewpoin,viewpoin,m
wakuwak7,wakuwak7,m
wh1,wh1h,m
wh2,wh2,m
wh2j,wh2jh,m
whp,whp,m
wjammers,wjammers,m
zedblade,zedblade,m
bigkarnk,bigkarnk,m
biomtoy,biomtoy,m
kof2000,kof2knd,n
mshvsf,mshvsfu1,m
mshvsfj,mshvsfj,m
mslug3n,mslug3nd,n
nitd,nitd,m
preisle2,preisle2,m
rckman2j,rockman2j,m
s1945p,s1945p,m
vliner,vliner,m
vsav2,vsav2,m
mvsc,mvscu,m
mvscj,mvscj,m
mvsca,mvscar1,m
bangbead,bngbeadn,n
dd2gu,ddsomu,m
kof2001,kof2k1nd,n
mslug4,mslug4,m
mslug4n,mslug4,m
mvsug,mshvsfu,m
neonopon,neonopon1,n
neopong,neopong,n
nwarr,nwarru,m
sengoku3,sngoku3n,n
sgemf,sgemf,m
sgemfa,sgemfa,m
sgemfh,sgemfh,m
sgemfj,pfghtj,m
spf2t,spf2t,m
vhunt2,vhunt2r1,m
vhuntj,vhuntj,m
vhuntjr1,vhuntjr2,m
rotdnd,rotdnd,n
mpangj,mpangj,m
