1941,1941,m
1941j,1941j,m
3wonders,3wonderu,m
area88,area88,m
captcomj,captcomj,m
captcomm,captcomm,m
captcomu,captcomu,m
cawing,cawing,m
cawingj,cawingj,m
chikij,chikij,m
cworld2j,cworld2j,m
dino,dino,m
dinoj,dinoj,m
dwj,dynwarj,m
ffight,ffight,m
ffightj,ffightj,m
ffightu,ffightua,m
forgottn,forgottu,m
ghouls,ghouls,m
ghoulsj,daimakai,m
ghoulsu,ghoulsu,m
knights,knights,m
knightsj,knightsj,m
kod,kod,m
kodb,kodb,m
kodj,kodj,m
lostwrld,lostwrld,m
mbomberj,mbomberj,m
mbombrd,mbombrd,m
mbombrdj,mbombrdj,m
megaman,megaman,m
mercs,mercs,m
mercsj,mercsj,m
mercsu,mercsu,m
msword,msword,m
mswordj,mswordj,m
mswordu,mswordu,m
mtwins,mtwins,m
nemo,nemo,m
nemoj,nemoj,m
pang3,pang3,m
pang3j,pang3j,m
pnickj,pnickj,m
punisher,punisher,m
punishrj,punishrj,m
punishru,punishru,m
qad,qad,m
qadj,qadj,m
qsound,qsound,h
qtono2,qtono2,m
rockmanj,rockmanj,m
sf2,sf2eb,m
sf2a,sf2ua,m
sf2accp2,sf2accp2,m
sf2b,sf2ub,m
sf2ce,sf2ce,m
sf2cea,sf2ceua,m
sf2ceb,sf2ceub,m
sf2cej,sf2cej,m
sf2e,sf2ue,m
sf2j,sf2j,m
sf2jb,sf2ja,m
sf2rb,sf2rb,m
sf2red,sf2red,m
sf2t,sf2t,m
sf2tj,sf2tj,m
sfzch,sfzch,n
slammast,slammast,m
strider,strider,m
striderj,striderj,m
stridrja,stridrja,m
unsquad,unsquad,m
varth,varthr1,m
varthj,varthj,m
varthu,varthu,m
willow,willowje,m
willowj,willowj,m
wof,wof,m
wofa,wofa,m
wofj,wofj,m
wonder3,wonder3,m
knightsu,knightsu,m
kodu,kodu,m
sf2i,sf2ui,m
slammasu,slammasu,m
wofu,wofu,m
