ace,spaceace,n
astron,astron,n
astronp,astronp,n
cobraab,cobraab,n
cliff,cliff,n
dle11,dle11,n
esh,esh,n
galaxy,galaxy,n
blazer,sblazer,n
lair,lair,n
sdq,sdq,n
sdqshort,sdqshort,n
tq,tq,n
badlands,badlnds,n
gtg,goaltogo,n
sae,sae,n
cliffalt,cliffalt,n
dle20,dle20,n
acereva,acereva,n
acereva2,acereva2,n
bega,bega,n
begarev1,begarev1,n
eshalt1,eshalt1,n
eshalt2,eshalt2,n
lairreva,lairreva,n
lairrevb,lairrevb,n
lairrevc,lairrevc,n
lairrevd,lairrevd,n
lairreve,lairreve,n
lairrevf,lairrevf,n
badlandh,badlandh,n
cobra,cobra,n
cobraconv,cobraconv,n
cobram3,cobram3,n
cputest,cputest,n
dle21,dle21,n
firefox,firefox,n
firefoxa,firefoxa,n
galaxyp,galaxyp,n
gpworld,gpworld,n
interstellar,interstellar,n
lair2,lair2,n
lair2_211,lair2_211,n
lair2_300,lair2_300,n
lair2_314,lair2_314,n
lair2_315,lair2_315,n
lair2_316e,lair2_316e,n
lair2_317,lair2_317,n
lair2_318,lair2_318,n
lair2_319e,lair2_319e,n
lair2_319es,lair2_319es,n
laireuro,dlair,m
lgp,lgp,n
mach3,mach3,m
multicputest,multicputest,n
roadblaster,roadblaster,n
sdqshortalt,sdqshortalt,n
timetrav,timetrav,n
tqalt,tqalt,n
tqhack,tqhack,n
uvt,uvt,n

