ace,spaceace,m
astron,astron,m
astronp,astronp,m
cobraab,cobraseg,m
cliff,cliffhgr,m
dle11,dle11,n
esh,esh,m
galaxy,galaxyr,m
blazer,sblazerp,m
lair,dlair,m
sdq,superdq,m
sdqshort,superdqs,m
tq,thayers,m
badlands,badlnds,n
gtg,goaltogo,m
sae,sae,n
cliffalt,cliffhga,m
dle20,dle20,n
acereva,spaceaa,m
acereva2,spaceaa2,m
bega,bega,n
begarev1,begarev1,n
eshalt1,esha,m
eshalt2,eshb,m
lairreva,dlaira,m
lairrevb,dlairb,m
lairrevc,dlairc,m
lairrevd,dlaird,m
lairreve,dlaire,m
lairrevf,dlairf,m
badlandh,badlandh,n
cobra,cobra,n
cobraconv,cobraconv,n
cobram3,cobram3,m
cputest,cputest,n
dle21,dle21,n
firefox,firefoxa,m
firefoxa,firefox,m
galaxyp,galaxyrp,m
gpworld,gpworld,m
interstellar,istellar,m
lair2,lair2,n
lair2_211,lair2_211,n
lair2_300,lair2_300,n
lair2_314,lair2_314,n
lair2_315,lair2_315,n
lair2_316e,lair2_316e,n
lair2_317,lair2_317,n
lair2_318,lair2_318,n
lair2_319e,lair2_319e,n
lair2_319es,lair2_319es,n
laireuro,dleuro,m
lgp,lgp,m
mach3,mach3,m
multicputest,multicputest,n
roadblaster,roadblaster,n
sdqshortalt,superdqa,m
timetrav,timetrav,n
tqalt,thayersa,m
tqhack,tqhack,n
uvt,usvsthem,m
