getstar,getstar,m
gprider,gprider,m
opwolf,opwolf,m
1941j,1941j,m
1941,1941,m
1944j,1944j,m
1944,1944,m
19xxa,19xxa,m
19xxjr1,19xxjr1,m
19xx,19xx,m
19xxh,19xxh,m
19xxj,19xxj,m
2020bb,2020bb,m
2020bba,2020bba,m
2020bbh,2020bbh,m
3countb,3countb,m
abcop,abcop,m
afighter,afighter,m
sonicwi2,sonicwi2,m
sonicwi3,sonicwi3,m
aburner,aburner,m
aburner2,aburner2,m
aodk,aodk,m
agallet,agallet,m
alexkid1,alexkid1,m
alexkidd,alexkidd,m
aliensy1,aliensy1,m
aliensy2,aliensy2,m
aliensy3,aliensy3,m
aliensyn,aliensyn,m
avspa,avspa,m
avsp,avsp,m
avsph,avsph,m
avspj,avspj,m
avspu,avspu,m
alpham2,alpham2,m
altbeas2,altbeas2,m
altbeas4,altbeas4,m
altbeas5,altbeas5,m
altbeast,altbeast,m
androdun,androdun,m
area88,area88,m
batrider,batrider,m
batridrk,batridrk,m
batridra,batridra,m
armwara,armwara,m
armwarr1,armwarr1,m
armwar,armwar,m
armwaru,armwaru,m
aof2,aof2,m
aof2a,aof2a,m
aof3k,aof3k,m
aof3,aof3,m
aof,aof,m
aurailj,aurailj,m
aurail1,aurail1,m
aurail,aurail,m
bakatono,bakatono,m
bangbead,bangbead,m
bstars2,bstars2,m
bstars,bstars,m
batsugun,batsugun,m
batsugna,batsugna,m
batugnsp,batugnsp,m
bbakraid,bbakraid,m
bbakradu,bbakradu,m
batcira,batcira,m
batcir,batcir,m
batcirj,batcirj,m
flipshot,flipshot,m
battlegc,bgareghk,m
battlega,bgaregga,m
battlegb,bgaregnv,m
battleg,bgaregcn,m
btlkroad,btlkroad,m
bayrout1,bayrout1,m
bayroutj,bayroutj,m
bayroute,bayroute,m
biomtoy,biomtoy,m
blazstar,blazstar,m
bjourney,bjourney,m
bodyslam,bodyslam,m
bombjack,bombjack,m
bombjac2,bombjac2,m
breakers,breakers,m
breakrev,breakrev,m
burningf,burningf,m
burningh,burningh,m
dino,dino,m
dinou,dinou,m
dinoj,dinoj,m
cscluba,cscluba,m
csclub,csclub,m
csclubh,csclubh,m
csclubj,csclubj,m
cworld2j,cworld2j,m
captcomu,captcomu,m
captcomm,captcomm,m
captcomj,captcomj,m
ctomaday,ctomaday,m
cawingr1,cawingr1,m
cawing,cawing,m
cawingu,cawingu,m
marukodq,marukodq,m
chikij,chikij,m
choko,choko,m
cookbib2,cookbib2,m
cookbib3,cookbib3,m
cottonj,cottonj,m
cottonu,cottonu,m
cotton,cotton,m
crsword,crsword,m
cthd2003,cthd2003,m
ct2k3sp,ct2k3sp,m
cyberlip,cyberlip,m
cybotsj,cybotsj,m
cybots,cybots,m
cybotsu,cybotsu,m
daimakai,daimakai,m
daisenpu,daisenpu,m
dfeveron,dfeveron,m
dstlka,dstlka,m
dstlk,dstlk,m
dstlkur1,dstlkur1,m
dstlku,dstlku,m
defense,defense,m
diggerma,diggerma,m
dimahoo,dimahoou,m
ddonpach,ddonpach,m
ddonpchj,ddonpchj,m
dogyuun,dogyuun,m
donpacjp,donpacjp,m
donpachi,donpachi,m
donpachk,donpachk,m
donpackr,donpackr,m
doubledr,doubledr,m
dumpmtmt,dumpmtmt,m
ddsomjr1,ddsomjr1,m
ddsomr3,ddsomr3,m
ddsomr2,ddsomr2,m
ddsomur1,ddsomur1,m
ddsomb,ddsomb,m
ddsomr1,ddsomr1,m
ddsoma,ddsoma,m
ddsom,ddsom,m
ddsomj,ddsomj,m
ddsomu,ddsomu,m
ddtoda,ddtoda,m
ddtodr1,ddtodr1,m
ddtodjr1,ddtodjr1,m
ddtodur1,ddtodur1,m
ddtodh,ddtodh,m
ddtodj,ddtodj,m
ddtodu,ddtodu,m
ddtod,ddtod,m
dunkshot,dunkshot,m
ddux1,ddux1,m
ddux,ddux,m
dynwar,dynwar,m
eswatj,eswatj,m
eswatu,eswatu,m
eswat,eswat,m
ecofghta,ecofghta,m
ecofghtr,ecofghtr,m
ecofghtu,ecofghtu,m
eightman,eightman,m
endurobl,endurobl,m
enduror,enduror,m
enduror1,enduror1,m
esprade,esprade,m
espradeo,espradeo,m
espradej,espradej,m
fantzon1,fantzon1,m
fantzone,fantzone,m
fatfury1,fatfury1,m
fatfury2,fatfury2,m
fatfury3,fatfury3,m
fatfursp,fatfursp,m
fatfursa,fatfursa,m
feversos,feversos,m
fightfev,fightfev,m
fightfva,fightfva,m
fswords,fswords,m
ffightu,ffightua,m
ffightj1,ffightj1,m
ffightua,ffightub,m
ffightj,ffightj,m
ffight,ffight,m
fstarfrc,fstarfrc,m
finalttr,finalttr,m
fpoint1,fpoint1,m
fpoint,fpoint,m
fbfrenzy,fbfrenzy,m
forgottn,forgottn,m
gaia,gaia,m
galaxyfg,galaxyfg,m
ganryu,ganryu,m
garoubl,garoubl,m
garoup,garoup,m
garou,garou,m
garouo,garouo,m
gensitou,gensitou,m
getstarb,getstarb,m
gtstarba,gtstarba,m
gpilots,gpilots,m
ghostlop,ghostlop,m
ghoulsu,ghoulsu,m
ghouls,ghouls,m
gwinga,gwinga,m
gigawing,gigawing,m
gwingj,gwingj,m
goalx3,goalx3,m
goldnax1,goldnax1,m
goldnax2,goldnax2,m
goldnax3,goldnax3,m
goldnaxj,goldnaxj,m
goldnaxu,goldnaxu,m
goldnaxe,goldnaxe,m
gprider1,gprider1,m
gmahou,gmahou,m
grindsta,grindsta,m
grindstm,grindstm,m
gunbirdj,gunbirdj,m
gunbirdk,gunbirdk,m
gunbird,gunbird,m
gururin,gururin,m
guwange,guwange,m
hangon,hangon,m
hwchamp,hwchamp,m
hellfir1,hellfir1,m
hellfire,hellfire,m
hellfir2,hellfir2,m
hyperpac,hyperpac,m
hyperpcb,hyperpcb,m
hsf2j,hsf2j,m
hsf2,hsf2,m
jockeygp,jockeygp,m
altbeaj3,altbeaj3,m
altbeasj,altbeasj,m
jyangoku,jyangoku,m
janshin,janshin,m
kabukikl,kabukikl,m
karnovr,karnovr,m
kog,kog,m
kotm,kotm,m
kotmh,kotmh,m
kotm2,kotm2,m
kingdmgp,kingdmgp,m
kizuna,kizuna,m
knights,knights,m
knightsj,knightsj,m
knightsu,knightsu,m
kbash,kbash,m
lans2004,lans2004,m
lresort,lresort,m
lbowling,lbowling,m
legendos,legendos,m
shangnle,shangnle,m
lostwrld,lostwrld,m
mswordj,mswordj,m
msword,msword,m
mswordu,mswordu,m
mswordr1,mswordr1,m
magdrop2,magdrop2,m
magdrop3,magdrop3,m
maglord,maglord,m
maglordh,maglordh,m
mahretsu,mahretsu,m
mahoudai,mahoudai,m
mmatrixj,mmatrixj,m
mmatrix,mmatrix,m
msha,msha,m
msh,msh,m
mshjr1,mshjr1,m
mshu,mshu,m
mshb,mshb,m
mshh,mshh,m
mshj,mshj,m
mshvsfa1,mshvsfa1,m
mshvsfa,mshvsfa,m
mshvsfb1,mshvsfb1,m
mshvsf,mshvsf,m
mshvsfh,mshvsfh,m
mshvsfj2,mshvsfj2,m
mshvsfu1,mshvsfu1,m
mshvsfj1,mshvsfj1,m
mshvsfj,mshvsfj,m
mshvsfb,mshvsfb,m
mshvsfu,mshvsfu,m
mvscar1,mvscar1,m
mvsc,mvsc,m
mvscjr1,mvscjr1,m
mvsca,mvsca,m
mvscb,mvscb,m
mvsch,mvsch,m
mvscj,mvscj,m
mvscu,mvscu,m
megaman,megaman,m
megamn2a,megamn2a,m
megaman2,megaman2,m
mtwins,mtwins,m
mercs,mercs,m
mercsu,mercsu,m
mercsua,mercsua,m
mslug,mslug,m
mslug2,mslug2,m
mslug3,mslug3,m
mslug3n,mslug3n,m
mslug4,mslug4,m
ms4plus,ms4plus,m
mslug5,mslug5,m
ms5pcb,ms5pcb,m
ms5plus,ms5plus,m
mslug3b6,mslug3b6,m
mslugx,mslugx,m
mpang,mpang,m
mpangj,mpangj,m
minasan,minasan,m
miexchng,miexchng,m
moremore,moremore,m
moremorp,moremorp,m
mbomberj,mbomberj,m
mbombrdj,mbombrdj,m
mbombrd,mbombrd,m
mutnat,mutnat,m
mvpj,mvpj,m
mvp,mvp,m
nam1975,nam1975,m
nemoj,nemoj,m
nemo,nemo,m
neobombe,neobombe,m
neodrift,neodrift,m
neomrdo,neomrdo,m
turfmast,turfmast,m
neocup98,neocup98,m
news,news,m
newsa,newsa,m
nwarrb,nwarrb,m
nwarrh,nwarrh,m
nwarr,nwarru,m
nitd,nitd,m
ncombat,ncombat,m
ncombata,ncombath,m
ncommand,ncommand,m
ninjamas,ninjamas,m
ohmygod,ohmygod,m
opwolfb,opwolfb,m
ragnagrd,ragnagrd,m
outrunb,outrunb,m
outrun1,outrun1,m
outrun2,outrun2,m
outrun,outrun,m
outzone,outzone,m
outzonea,outzonea,m
outzoneb,outzoneb,m
outzonec,outzonec,m
overtop,overtop,m
pang3,pang3,m
pang3j,pang3j,m
panicbom,panicbom,m
passshtj,passshtj,m
passsht,passsht,m
passshta,passshta,m
pgoal,pgoal,m
pnickj,pnickj,m
pnyaa,pnyaa,m
pfghtj,pfghtj,m
popbounc,popbounc,m
pspikes2,pspikes2,m
pgearr1,pgearr1,m
pgear,pgear,m
preisle2,preisle2,m
prehislu,prehislu,m
prehisle,prehisle,m
sailormo,sailormo,m
sailormn,sailormn,m
progeara,progeara,m
progear,progear,m
progearj,progearj,m
pulstar,pulstar,m
pzloop2j,pzloop2j,m
pzloop2,pzloop2,m
pbobblen,pbobblen,m
pbobblna,pbobblna,m
pbobbl2n,pbobbl2n,m
puzzledp,puzzledp,m
puzzldpr,puzzldpr,m
4in1boot,4in1boot,m
uopoko,uopoko,m
joyjoy,joyjoy,m
quartet1,quartet1,m
quartet,quartet,m
quart21,quart21,m
quart2,quart2,m
qadj,qadj,m
qad,qad,m
quizdais,quizdais,m
quizkof,quizkof,m
quizdai2,quizdai2,m
qndream,qndream,m
qtono2,qtono2,m
rachero,rachero,m
rotd,rotd,m
rainbowe,rainbowe,m
rainbow,rainbow,m
rainbowo,rainbowo,m
rastanu,rastanu,m
rastanu2,rastanu2,m
rastan,rastan,m
rastsag1,rastsag1,m
rastsaga,rastsaga,m
rbff2k,rbff2k,m
rbff2,rbff2,m
rbff2h,rbff2h,m
rbffspec,rbffspec,m
rbff1,rbff1,m
ridhero,ridhero,m
ridheroh,ridheroh,m
ringdest,ringdest,m
riotcity,riotcity,m
roboarmy,roboarmy,m
roboarma,roboarma,m
rockmanj,rockmanj,m
rckman2j,rckman2j,m
ryukyu,ryukyu,m
samuraia,samuraia,m
samsho2,samsho2,m
samsho3,samsho3,m
samsho3a,samsho3a,m
samsho4,samsho4,m
samsho5b,samsho5b,m
samsho5,samsho5,m
samsho5h,samsho5h,m
samsh5sp,samsh5sp,m
samsh5sh,samsh5sh,m
samsh5sn,samsh5sn,m
samsho,samsho,m
wofa,wofa,m
slammast,slammast,m
slammasu,slammasu,m
savagere,savagere,m
sdibl,sdibl,m
sdi,sdi,m
sdib,sdib,m
sengoku,sengoku,m
sengokh,sengokh,m
sengoku2,sengoku2,m
sengoku3,sengoku3,m
sngkace,sngkace,m
mercsj,mercsj,m
matrim,matrim,m
shinobi1,shinobi1,m
shinobi2,shinobi2,m
shinobi3,shinobi3,m
shinobi4,shinobi4,m
shinobi,shinobi,m
shippumd,shippumd,m
shocktro,shocktro,m
shocktra,shocktra,m
shocktr2,shocktr2,m
slapfgtr,slapfgtr,m
slapbtuk,slapbtuk,m
slapbtjp,slapbtjp,m
slapfigh,slapfigh,m
snowbroj,snowbroj,m
snowbros,snowbros,m
snowbroa,snowbroa,m
snowbrob,snowbrob,m
snowbroc,snowbroc,m
snowbro2,snowbro2,m
socbrawl,socbrawl,m
solomonj,solomonj,m
solomon,solomon,m
sonicbom,sonicbom,m
sstriker,sstriker,m
sstrikra,sstrikra,m
sharrir1,sharrir1,m
sharrier,sharrier,m
spinmast,spinmast,m
stakwin,stakwin,m
stakwin2,stakwin2,m
sfach,sfach,n
sfar3,sfar3,m
sfar2,sfar2,m
sfau,sfau,m
sfar1,sfar1,m
sfa,sfa,m
sfa2,sfa2,m
sfa3b,sfa3b,m
sfa3r1,sfa3ur1,m
sfa3,sfa3u,m
sf2ua,sf2ua,m
sf2eb,sf2eb,m
sf2ja,sf2ja,m
sf2ub,sf2ub,m
sf2ue,sf2ue,m
sf2jc,sf2jc,m
sf2ud,sf2ud,m
sf2uf,sf2uf,m
sf2,sf2,m
sf2ui,sf2ui,m
sf2uk,sf2uk,m
sf2j,sf2j,m
sf2accp2,sf2accp2,m
sf2koryu,sf2koryu,m
sf2m2,sf2m2,m
sf2m4,sf2m4,m
sf2m5,sf2m5,m
sf2m6,sf2m6,m
sf2m7,sf2m7,m
sf2rb,sf2rb,m
sf2rb2,sf2rb2,m
sf2red,sf2red,m
sf2v004,sf2v004,m
sf2yyc,sf2yyc,m
sf2ce,sf2ce,m
sf2ceua,sf2ceua,m
sf2cej,sf2cej,m
sf2ceub,sf2ceub,m
sf2ceuc,sf2ceuc,m
sf2hf,sf2hf,m
sf2t,sf2t,m
sf2tj,sf2tj,m
sfzjr2,sfzjr2,m
sfza,sfza,m
sfzh,sfzh,m
sfzjr1,sfzjr1,m
sfzbr1,sfzbr1,m
sfzj,sfzj,m
sfzch,sfzch,n
sfzb,sfzb,m
sfz2a,sfz2a,m
sfz2j,sfz2j,m
sfz2n,sfz2n,m
sfz2br1,sfz2br1,m
sfz2h,sfz2h,m
sfz2b,sfz2b,m
sfz2aj,sfz2aj,m
sfz2ab,sfz2ab,m
sfz2ah,sfz2ah,m
sfz2aa,sfz2aa,m
sfz3jr2,sfz3jr2,m
sfz3ar1,sfz3ar1,m
sfz3jr1,sfz3jr1,m
sfz3a,sfz3a,m
sfz3j,sfz3j,m
strhoop,strhoop,m
strider,strider,m
stridrua,stridrua,m
striderj,striderj,m
stridrja,stridrja,m
s1945,s1945,m
s1945a,s1945a,m
s1945j,s1945j,m
s1945jn,s1945jn,m
s1945k,s1945k,m
s1945p,s1945p,m
sjryuko1,sjryuko1,m
sjryuko,sjryuko,m
sdodgeb,sdodgeb,m
sgemfa,sgemfa,m
sgemfh,sgemfh,m
sgemf,sgemf,m
shangon2,shangon2,m
shangon3,shangon3,m
shangon,shangon,m
smgpj,smgpj,m
smgpu3,smgpu3,m
smgpu2,smgpu2,m
smgpu1,smgpu1,m
smgpu,smgpu,m
smgp5,smgp5,m
smgp6,smgp6,m
smgp,smgp,m
smbombr1,smbombr1,m
smbomb,smbomb,m
spf2ta,spf2ta,m
spf2t,spf2t,m
spf2xj,spf2xj,m
ssideki2,ssideki2,m
ssideki3,ssideki3,m
ssideki,ssideki,m
ssf2jr2,ssf2jr2,m
ssf2,ssf2,m
ssf2jr1,ssf2jr1,m
ssf2u,ssf2u,m
ssf2ar1,ssf2ar1,m
ssf2a,ssf2a,m
ssf2j,ssf2j,m
ssf2tbr1,ssf2tbr1,m
ssf2tbj,ssf2tbj,m
ssf2tb,ssf2tb,m
ssf2ta,ssf2ta,m
ssf2t,ssf2t,m
ssf2tur1,ssf2tur1,m
ssf2tu,ssf2tu,m
ssf2xj,ssf2xj,m
superman,superman,m
suprmanj,suprmanj,m
svcpcb,svcpcb,m
svcpcba,svcpcba,m
svc,svc,m
svcboot,svcboot,m
svcplus,svcplus,m
svcplusa,svcplusa,m
svcsplus,svcsplus,m
mosyougi,mosyougi,m
tws96,tws96,m
tekipaki,tekipaki,m
dynwarj,dynwarj,m
wofj,wofj,m
tengai,tengai,m
tetris1,tetris1,m
tetris2,tetris2,m
tetris3,tetris3,m
tetris,tetris,m
irrmaze,irrmaze,m
kod,kod,m
kodj,kodj,m
kodu,kodu,m
kof94,kof94,m
kof95,kof95,m
kof95a,kof95a,m
kof96,kof96,m
kof96h,kof96h,m
kof97,kof97,m
kof97a,kof97a,m
kof97pls,kof97pls,m
kof98k,kof98k,m
kof98n,kof98n,m
kof98,kof98,m
kof99e,kof99e,m
kof99n,kof99n,m
kof99p,kof99p,m
kof99,kof99,m
kof99a,kof99a,m
kof10th,kof10th,m
kf2k5uni,kf2k5uni,m
kf10thep,kf10thep,m
kof2000,kof2000,m
kof2000n,kof2000n,m
kof2001,kof2001,m
kof2001h,kof2001h,m
kof2002,kof2002,m
kf2k2mp,kf2k2mp,m
kf2k2mp2,kf2k2mp2,m
kf2k2pls,kf2k2pls,m
kf2k2pla,kf2k2pla,m
kf2k3bl,kf2k3bl,m
kf2k3bla,kf2k3bla,m
kf2k3pcb,kf2k3pcb,m
kof2003,kof2003,m
kf2k3pl,kf2k3pl,m
kf2k3upl,kf2k3upl,m
kof2k4se,kof2k4se,m
lastblad,lastblad,m
lastbldh,lastbldh,m
lastbld2,lastbld2,m
lastsold,lastsold,m
punisher,punisher,m
punishrj,punishrj,m
punishru,punishru,m
superspy,superspy,m
ssideki4,ssideki4,m
trally,trally,m
3wonders,3wonders,m
3wonderu,3wonderu,m
thndrbd1,thndrbd1,m
thndrbld,thndrbld,m
theroes,theroes,m
tigerhb1,tigerhb1,m
tigerhb2,tigerhb2,m
tigerh,tigerh,m
timesca1,timesca1,m
timescan,timescan,m
tophuntr,tophuntr,m
tophunta,tophunta,m
tpgolf,tpgolf,m
toppyrap,toppyrap,m
toryumon,toryumon,m
tturfu,tturfu,m
tturf,tturf,m
truxton2,truxton2,m
truxton,truxton,m
toutrun,toutrun,m
toutrun2,toutrun2,m
twinadvk,twinadvk,m
twinadv,twinadv,m
twinhwku,twinhwku,m
twinhawk,twinhawk,m
twinkle,twinkle,m
twinspri,twinspri,m
unsquad,unsquad,m
cawingj,cawingj,m
uecology,uecology,m
uopokoj,uopokoj,m
vfive,vfive,m
vliner,vliner,m
vlinero,vlinero,m
vampjr1,vampjr1,m
vampj,vampj,m
vampja,vampja,m
vhuntjr2,vhuntjr2,m
vhuntjr1,vhuntjr1,m
vhuntj,vhuntj,m
vhunt2r1,vhunt2r1,m
vhunt2,vhunt2,m
vsava,vsava,m
vsav,vsav,m
vsavh,vsavh,m
vsavj,vsavj,m
vsavu,vsavu,m
vsav2,vsav2,m
varthr1,varthr1,m
varthu,varthu,m
varth,varth,m
varthj,varthj,m
viewpoin,viewpoin,m
gowcaizr,gowcaizr,m
wakuwak7,wakuwak7,m
wof,wof,m
wofu,wofu,m
willowje,willowje,m
willowj,willowj,m
willow,willow,m
wjammers,wjammers,m
wonder3,wonder3,m
wb31,wb31,m
wb32,wb32,m
wb33,wb33,m
wb34,wb34,m
wb3,wb3,m
wc90,wc90,m
wc90a,wc90a,m
wc90t,wc90t,m
wh1,wh1h,m
wh1h,wh1ha,m
wh2,wh2,m
wh2j,wh2jh,m
whp,whp,m
wrestwa1,wrestwa1,m
wrestwa2,wrestwa2,m
wrestwar,wrestwar,m
xmcotajr,xmcotajr,m
xmcotaa,xmcotaa,m
xmcotaj1,xmcotaj2,m
xmcotaj,xmcotaj1,m
xmcota,xmcota,m
xmcotau,xmcotau,m
xmcotah,xmcotah,m
xmvsfjr2,xmvsfjr2,m
xmvsfr1,xmvsfr1,m
xmvsfjr1,xmvsfjr1,m
xmvsfar1,xmvsfar1,m
xmvsf,xmvsf,m
xmvsfh,xmvsfh,m
xmvsfj,xmvsfj,m
xmvsfur1,xmvsfur1,m
xmvsfa,xmvsfa,m
xmvsfb,xmvsfb,m
xmvsfu,xmvsfu,m
3in1semi,3in1semi,m
zedblade,zedblade,m
zerowing,zerowing,m
zintrckb,zintrckb,m
zupapa,zupapa,m
neogeo,neogeo,m
gforce2,gforce2,m
gforce2j,gforce2j,m
gloc,gloc,m
glocr360,glocr360,m
loffire,loffire,m
loffirej,loffirej,m
loffireu,loffireu,m
mjleague,mjleague,m
pdrift,pdrift,m
pdrifta,pdrifta,m
pdrifte,pdrifte,m
pdriftj,pdriftj,m
rchase,rchase,m
strkfgtr,strkfgtr,m
