arkanoid,arkanoid,m
astorm,astorm,m
getstar,getstar,m
gprider,gprider,m
mwalk,mwalk,m
opwolf,opwolf,m
tumblep,tumblep,m
99lstwar,99lstwar,m
99lstwra,99lstwra,m
99lstwrk,99lstwrk,m
gtmra,gtmra,m
gtmr,gtmr,m
1941j,1941j,m
1941,1941,m
1942b,1942b,m
1942a,1942a,m
1942,1942,m
1942w,1942w,m
1944j,1944j,m
1944,1944,m
1945kiii,1945kiii,m
19xxa,19xxa,m
19xxjr1,19xxjr1,m
19xx,19xx,m
19xxb,19xxb,m
19xxh,19xxh,m
19xxj,19xxj,m
2020bb,2020bb,m
2020bba,2020bba,m
2020bbh,2020bbh,m
3countb,3countb,m
4enraya,4enraya,m
4dwarrio,4dwarrio,m
abcop,abcop,m
abscam,abscam,m
aceattac,aceattac,m
aceattaa,aceattaa,m
afighter,afighter,m
aerofgt,aerofgt,m
aerofgtb,aerofgtb,m
aerofgtc,aerofgtc,m
sonicwi2,sonicwi2,m
sonicwi3,sonicwi3,m
aburner,aburner,m
aburner2,aburner2,m
aodk,aodk,m
agallet,agallet,m
airwolf,airwolf,m
airwolfa,airwolfa,m
alexkid1,alexkid1,m
alexkidd,alexkidd,m
alibaba,alibaba,m
astormj,astormj,m
astormu,astormu,m
astorm3,astorm3,m
aliensy1,aliensy1,m
aliensy2,aliensy2,m
aliensy3,aliensy3,m
aliensyn,aliensyn,m
aliensy5,aliensy5,m
avspa,avspa,m
avsp,avsp,m
avsph,avsph,m
avspj,avspj,m
avspu,avspu,m
alpham2,alpham2,m
altbeas2,altbeas2,m
altbeas4,altbeas4,m
altbeas5,altbeas5,m
altbeast,altbeast,m
ambush,ambush,m
ambusht,ambusht,m
ambushv,ambushv,m
androdun,androdun,m
aquajckj,aquajckj,m
aquajack,aquajack,m
area88,area88,m
arkgcbl,arkgcbl,m
arkangc,arkangc,m
arkangc2,arkangc2,m
arkatayt,arkatayt,m
arktayt2,arktayt2,m
batridj,batridj,m
batridk,batridk,m
batridja,batridja,m
armwara,armwara,m
armwarr1,armwarr1,m
armwar,armwar,m
armwaru,armwaru,m
aof2,aof2,m
aof2a,aof2a,m
aof3k,aof3k,m
aof3,aof3,m
aof,aof,m
acitya,acitya,m
aurailj,aurailj,m
aurail1,aurail1,m
aurail,aurail,m
bonkadv,bonkadv,m
bcstry,bcstry,m
bcstrya,bcstrya,m
bakatono,bakatono,m
bakubrkr,bakubrkr,m
bangbead,bangbead,m
bankp,bankp,m
bstars2,bstars2,m
bstars,bstars,m
batsugun,batsugun,m
batsugna,batsugna,m
batugnsp,batugnsp,m
bkraidj,bkraidj,m
bkraiduj,bkraiduj,m
batcira,batcira,m
batcir,batcir,m
batcirj,batcirj,m
flipshot,flipshot,m
bgareghk,bgareghk,m
bgaregga,bgaregga,m
bgaregnv,bgaregnv,m
bgaregcn,bgaregcn,m
bgaregt2,bgaregt2,m
btlkroad,btlkroad,m
bsharkj,bsharkj,m
bshark,bshark,m
bayrout1,bayrout1,m
bayroutj,bayroutj,m
bayroute,bayroute,m
beastf,beastf,m
bigbucks,bigbucks,m
biomtoy,biomtoy,m
blazeon,blazeon,m
blazstar,blazstar,m
arkblock,arkblock,m
arkbloc2,arkbloc2,m
blockgal,blockgal,m
bloodwar,bloodwar,m
bjourney,bjourney,m
bwcasino,bwcasino,m
bodyslam,bodyslam,m
bombjack,bombjack,m
bombjac2,bombjac2,m
brain,brain,m
breakers,breakers,m
breakrev,breakrev,m
brix,brix,m
bullet,bullet,m
bullfgt,bullfgt,m
burningf,burningf,m
burningfh,burningfh,m
buzzard,buzzard,m
dino,dino,m
dinou,dinou,m
dinoj,dinoj,m
cannonbp,cannonbp,m
cscluba,cscluba,m
csclub1,csclub1,m
csclubh,csclubh,m
csclubj,csclubj,m
cworld2j,cworld2j,m
captcomu,captcomu,m
captcomm,captcomm,m
captcomj,captcomj,m
ctomaday,ctomaday,m
cawingr1,cawingr1,m
cawing,cawing,m
cawingu,cawingu,m
ctrpllrp,ctrpllrp,m
chasehqj,chasehqj,m
chasehq,chasehq,m
marukodq,marukodq,m
chikij,chikij,m
choko,choko,m
chokchok,chokchok,m
drgw2j,drgw2j,m
cltchtrj,cltchtrj,m
cltchitr,cltchitr,m
combh,combh,m
contcrcu,contcrcu,m
contcrua,contcrua,m
contcirc,contcirc,m
cookbib,cookbib,m
cookbib2,cookbib2,m
cookbib3,cookbib3,m
cottonj,cottonj,m
cottonu,cottonu,m
cotton,cotton,m
crsword,crsword,m
cthd2003,cthd2003,m
ct2k3sa,ct2k3sa,m
ct2k3sp,ct2k3sp,m
crushbl,crushbl,m
crush3,crush3,m
crush2,crush2,m
crush,crush,m
crush4,crush4,m
crushs,crushs,m
cyberlip,cyberlip,m
cybotsj,cybotsj,m
cybots,cybots,m
cybotsu,cybotsu,m
ddcrew1,ddcrew1,m
ddcrew2,ddcrew2,m
ddcrewu,ddcrewu,m
ddcrew,ddcrew,m
ddcrewj,ddcrewj,m
daimakai,daimakai,m
daisenpu,daisenpu,m
dfeveron,dfeveron,m
dstlka,dstlka,m
dstlk,dstlk,m
dstlkur1,dstlkur1,m
dstlku,dstlku,m
dquizgo,dquizgo,m
defense,defense,m
desertbr,desertbr,m
diggerma,diggerma,m
dimahoo,dimahoo,m
dimahoou,dimahoou,m
ddonpach,ddonpach,m
ddonpchj,ddonpchj,m
dogyuun,dogyuun,m
dommy,dommy,m
donpacjp,donpacjp,m
donpachi,donpachi,m
donpachk,donpachk,m
donpackr,donpackr,m
dotrikun,dotrikun,m
dotriku2,dotriku2,m
dblaxle,dblaxle,m
doubledr,doubledr,m
ddrago3b,ddrago3b,m
ddrago3j,ddrago3j,m
ddragon3,ddragon3,m
drgw2,drgw2,m
dremshpr,dremshpr,m
dumpmtmt,dumpmtmt,m
ddsomjr1,ddsomjr1,m
ddsomr3,ddsomr3,m
ddsomr2,ddsomr2,m
ddsomur1,ddsomur1,m
ddsomb,ddsomb,m
ddsomr1,ddsomr1,m
ddsoma,ddsoma,m
ddsom,ddsom,m
ddsomj,ddsomj,m
ddsomu,ddsomu,m
ddtoda,ddtoda,m
ddtodr1,ddtodr1,m
ddtodjr2,ddtodjr2,m
ddtodur1,ddtodur1,m
ddtodh,ddtodh,m
ddtodjr1,ddtodjr1,m
ddtodu,ddtodu,m
ddtod,ddtod,m
ddtodj,ddtodj,m
dunkshot,dunkshot,m
dduxbl,dduxbl,m
ddux1,ddux1,m
ddux,ddux,m
dynwar,dynwar,m
dynwaru,dynwaru,m
eswatbl,eswatbl,m
eswatj,eswatj,m
eswatu,eswatu,m
eswat,eswat,m
ecofghta,ecofghta,m
ecofghtr,ecofghtr,m
ecofgtu1,ecofgtu1,m
ecofghtu,ecofghtu,m
eggor,eggor,m
eggs,eggs,m
eightman,eightman,m
endurobl,endurobl,m
enduror,enduror,m
enduror1,enduror1,m
enforce,enforce,m
esprade,esprade,m
espradeo,espradeo,m
espradej,espradej,m
euroch92,euroch92,m
exctleag,exctleag,m
explbrkr,explbrkr,m
eyes,eyes,m
eyes2,eyes2,m
eyeszac,eyeszac,m
fx,fx,m
fncywld,fncywld,m
fantasia,fantasia,m
fantsia2,fantsia2,m
fntsia2a,fntsia2a,m
fantsy95,fantsy95,m
fantzon1,fantzon1,m
fantzone,fantzone,m
fatfury1,fatfury1,m
fatfury2,fatfury2,m
fatfury3,fatfury3,m
fatfursp,fatfursp,m
fatfursa,fatfursa,m
feversos,feversos,m
fightfev,fightfev,m
fightfeva,fightfeva,m
fswords,fswords,m
finalbj,finalbj,m
finalbu,finalbu,m
finalb,finalb,m
ffightj2,ffightj2,m
ffightua,ffightua,m
ffightj1,ffightj1,m
ffightub,ffightub,m
ffightj,ffightj,m
ffightu,ffightu,m
ffight,ffight,m
fstarfrc,fstarfrc,m
finalttr,finalttr,m
fpointbj,fpointbj,m
fpoint1,fpoint1,m
fpoint,fpoint,m
fpointbl,fpointbl,m
flashgal,flashgal,m
flashgla,flashgla,m
flicky,flicky,m
flickys2,flickys2,m
flickyo,flickyo,m
flickys1,flickys1,m
footchmp,footchmp,m
fbfrenzy,fbfrenzy,m
forgottu,forgottu,m
freeze,freeze,m
funkybee,funkybee,m
funkbeeb,funkbeeb,m
gloc,gloc,m
glocr360,glocr360,m
gaia,gaia,m
galaxyfg,galaxyfg,m
gforce2,gforce2,m
gforce2j,gforce2j,m
galhustl,galhustl,m
galpanic,galpanic,m
ginkun,ginkun,m
ganryu,ganryu,m
gardia,gardia,m
garoubl,garoubl,m
garoup,garoup,m
garou,garou,m
garouo,garouo,m
gensitou,gensitou,m
gtstarb2,gtstarb2,m
gtstarb1,gtstarb1,m
gpilots,gpilots,m
gpilotsh,gpilotsh,m
ghostlop,ghostlop,m
ghoulsu,ghoulsu,m
ghouls,ghouls,m
gwinga,gwinga,m
gigawing,gigawing,m
gwingj,gwingj,m
goalx3,goalx3,m
goldnax1,goldnax1,m
goldnax2,goldnax2,m
goldnax3,goldnax3,m
goldnaxj,goldnaxj,m
goldnaxu,goldnaxu,m
goldnaxe,goldnaxe,m
imsorryj,imsorryj,m
gorkans,gorkans,m
powerinj,powerinj,m
gprider1,gprider1,m
gtmr2u,gtmr2u,m
gtmre,gtmre,m
gtmrusa,gtmrusa,m
gmahou,gmahou,m
gberet,gberet,m
gberetb,gberetb,m
grindsta,grindsta,m
grindstm,grindstm,m
grdians,grdians,m
gunfront,gunfront,m
gunfrontj,gunfrontj,m
gunsmokj,gunsmokj,m
gunsmoku,gunsmoku,m
gunsmoka,gunsmoka,m
gunsmoke,gunsmoke,m
gunbirdj,gunbirdj,m
gunbirdk,gunbirdk,m
gunbird,gunbird,m
gururin,gururin,m
guwange,guwange,m
gyrodinc,gyrodinc,m
gyrodine,gyrodine,m
hangon1,hangon1,m
hangon,hangon,m
hangly,hangly,m
hangly2,hangly2,m
hangly3,hangly3,m
hthero,hthero,m
htchctch,htchctch,m
hwchamp,hwchamp,m
hellfir1,hellfir1,m
hellfire,hellfire,m
hellfir2,hellfir2,m
honeydol,honeydol,m
hyperpac,hyperpac,m
hyperpcb,hyperpcb,m
hsf2j,hsf2j,m
hsf2,hsf2,m
imsorry,imsorry,m
igmo,igmo,m
jack,jack,m
jack2,jack2,m
jack3,jack3,m
jockeygp,jockeygp,m
joinem,joinem,m
jojobane,jojobane,m
jojoba,jojoba,m
jojoban,jojoban,m
jojoan,jojoan,m
jojon,jojon,m
jojoa,jojo,m
joyman,joyman,m
jumpkids,jumpkids,m
jumpshot,jumpshot,m
jumpshtp,jumpshtp,m
jumppop,jumppop,m
altbeaj3,altbeaj3,m
altbeasj,altbeasj,m
jyangoku,jyangoku,m
janshin,janshin,m
kabukikl,kabukikl,m
karatblj,karatblj,m
karatblu,karatblu,m
karatblz,karatblz,m
karnovr,karnovr,m
kog,kog,m
kotm,kotm,m
kotmh,kotmh,m
kotm2,kotm2,m
kingdmgp,kingdmgp,m
kizuna,kizuna,m
knights,knights,m
knightsj,knightsj,m
knightsu,knightsu,m
kovj,kovj,m
kov115,kov115,m
kov,kov,m
kovplusa,kovplusa,m
kovplus,kovplus,m
kbash,kbash,m
korosuke,korosuke,m
myangel,myangel,m
myangel2,myangel2,m
lans2004,lans2004,m
lghostu,lghostu,m
lghost,lghost,m
lstduelb,lstduelb,m
lastduel,lastduel,m
lstduela,lstduela,m
lresort,lresort,m
lbowling,lbowling,m
ledstorm,ledstorm,m
ledstrm2,ledstrm2,m
legend,legend,m
legendos,legendos,m
shangnle,shangnle,m
loffirej,loffirej,m
loffireu,loffireu,m
loffire,loffire,m
liquidku,liquidku,m
liquidk,liquidk,m
lizwiz,lizwiz,m
lostwrld,lostwrld,m
loverboy,loverboy,m
madgearj,madgearj,m
madgear,madgear,m
mbrush,mbrush,m
mswordj,mswordj,m
mswordr1,mswordr1,m
msword,msword,m
mswordu,mswordu,m
mgcrystj,mgcrystj,m
mgcrysto,mgcrysto,m
mgcrystl,mgcrystl,m
magdrop2,magdrop2,m
magdrop3,magdrop3,m
maglord,maglord,m
maglordh,maglordh,m
ttmahjng,ttmahjng,m
mahretsu,mahretsu,m
mahoudai,mahoudai,m
majest12,majest12,m
mjleague,mjleague,m
maketrax,maketrax,m
maketrxb,maketrxb,m
mmatrixj,mmatrixj,m
mmatrix,mmatrix,m
msha,msha,m
msh,msh,m
mshjr1,mshjr1,m
mshu,mshu,m
mshb,mshb,m
mshh,mshh,m
mshj,mshj,m
mshvsfa1,mshvsfa1,m
mshvsfa,mshvsfa,m
mshvsfb1,mshvsfb1,m
mshvsf,mshvsf,m
mshvsfh,mshvsfh,m
mshvsfj2,mshvsfj2,m
mshvsfu1,mshvsfu1,m
mshvsfj1,mshvsfj1,m
mshvsfj,mshvsfj,m
mshvsfb,mshvsfb,m
mshvsfu,mshvsfu,m
mvscar1,mvscar1,m
mvscr1,mvscr1,m
mvscjr1,mvscjr1,m
mvsca,mvsca,m
mvscb,mvscb,m
mvsch,mvsch,m
mvscj,mvscj,m
mvscu,mvscu,m
megaman,megaman,m
mmancp2u,mmancp2u,m
megamn2a,megamn2a,m
megaman2,megaman2,m
mtwins,mtwins,m
megadon,megadon,m
meijinsn,meijinsn,m
mercs,mercs,m
mercsu,mercsu,m
mercsua,mercsua,m
metlsavr,metlsavr,m
mslug,mslug,m
mslug2,mslug2,m
mslug3,mslug3,m
mslug3h,mslug3h,m
mslug4,mslug4,m
ms4plus,ms4plus,m
mslug5,mslug5,m
mslug5h,mslug5h,m
ms5pcb,ms5pcb,m
ms5plus,ms5plus,m
mslug3b6,mslug3b6,m
mslugx,mslugx,m
mwalkbl,mwalkbl,m
mpangu,mpangu,m
mpangj,mpangj,m
gtmr2a,gtmr2a,m
gtmr2,gtmr2,m
minivadr,minivadr,m
minasan,minasan,m
missmw96,missmw96,m
missw96,missw96,m
mrviking,mrviking,m
mrvikingj,mrvikingj,m
mizubaku,mizubaku,m
mole,mole,m
miexchng,miexchng,m
moremore,moremore,m
moremorp,moremorp,m
mrdo,mrdo,m
mrdofix,mrdofix,m
mrdoy,mrdoy,m
mrdot,mrdot,m
mrdu,mrdu,m
mrgoemon,mrgoemon,m
mrlo,mrlo,m
mrtnt,mrtnt,m
mspacman,mspacman,m
mspacmab,mspacmab,m
mspacmat,mspacmat,m
mspacmbe,mspacmbe,m
mspacmnf,mspacmnf,m
mspacpls,mspacpls,m
mschamp,mschamp,m
rocktrv2,rocktrv2,m
semibase,semibase,m
mbomberj,mbomberj,m
mbombrdj,mbombrdj,m
mbombrd,mbombrd,m
mutnat,mutnat,m
mvpj,mvpj,m
mvp,mvp,m
myherok,myherok,m
myhero,myhero,m
mystston,mystston,m
myststno,myststno,m
nam1975,nam1975,m
nmouse,nmouse,m
nmouseb,nmouseb,m
nemoj,nemoj,m
nemo,nemo,m
neobombe,neobombe,m
neodrift,neodrift,m
neomrdo,neomrdo,m
turfmast,turfmast,m
neocup98,neocup98,m
newfant,newfant,m
newpuckx,newpuckx,m
newpuc2,newpuc2,m
newpuc2b,newpuc2b,m
news,news,m
newsa,newsa,m
nghtstru,nghtstru,m
nwarr,nwarr,m
nwarrb,nwarrb,m
nwarrh,nwarrh,m
nwarru,nwarru,m
nitd,nitd,m
nitdbl,nitdbl,m
ninja,ninja,m
ncombat,ncombat,m
ncombath,ncombath,m
ncommand,ncommand,m
ninjamas,ninjamas,m
nprinces,nprinces,m
nprincesb,nprincesb,m
nprinceso,nprinceso,m
nprincesu,nprincesu,m
nobb,nobb,m
ohmygod,ohmygod,m
opwolfb,opwolfb,m
ragnagrd,ragnagrd,m
orld105k,orld105k,m
orld111c,orld111c,m
orlegnde,orlegnde,m
orlegndc,orlegndc,m
orlegend,orlegend,m
outrunb,outrunb,m
outrun1,outrun1,m
outrun2,outrun2,m
outrun,outrun,m
outzone,outzone,m
outzonea,outzonea,m
outzoneb,outzoneb,m
outzonec,outzonec,m
overtop,overtop,m
pacgal,pacgal,m
pacheart,pacheart,m
pacman,pacman,m
pacmod,pacmod,m
pacmanf,pacmanf,m
pacplus,pacplus,m
paddle2,paddle2,m
pangpang,pangpang,m
pang3,pang3,m
pang3j,pang3j,m
panicbom,panicbom,m
passshtj,passshtj,m
pshot16a,pshot16a,m
passsht,passsht,m
passshta,passshta,m
penbros,penbros,m
pkunwarj,pkunwarj,m
pkunwar,pkunwar,m
photoy2k,photoy2k,m
piranha,piranha,m
piranhah,piranhah,m
piranhao,piranhao,m
higemaru,higemaru,m
pitfall2,pitfall2,m
pitfall2a,pitfall2a,m
pitfall2u,pitfall2u,m
pgoal,pgoal,m
pnickj,pnickj,m
pnyaa,pnyaa,m
pfghtj,pfghtj,m
ponpoko,ponpoko,m
ponpokov,ponpokov,m
pootan,pootan,m
pooyan,pooyan,m
pooyans,pooyans,m
popbounc,popbounc,m
pdriftj,pdriftj,m
pdrifta,pdrifta,m
pdrifte,pdrifte,m
pdrift,pdrift,m
powerina,powerina,m
powerinb,powerinb,m
pspikes2,pspikes2,m
pwheelsj,pwheelsj,m
pgearr1,pgearr1,m
pgear,pgear,m
preisle2,preisle2,m
prehislu,prehislu,m
prehisle,prehisle,m
sailormo,sailormo,m
sailormn,sailormn,m
progeara,progeara,m
progear,progear,m
progearj,progearj,m
puckmanh,puckmanh,m
puckmanf,puckmanf,m
puckman,puckman,m
puckmana,puckmana,m
puckmod,puckmod,m
pulstar,pulstar,m
pzloop2j,pzloop2j,m
pzloop2,pzloop2,m
pbobblen,pbobblen,m
pbobblena,pbobblena,m
pbobbl2n,pbobbl2n,m
pzlbowl,pzlbowl,m
puzzledp,puzzledp,m
puzzldpr,puzzldpr,m
4in1boot,4in1boot,m
puzlstar,puzlstar,m
uopoko,uopoko,m
joyjoy,joyjoy,m
quartet1,quartet1,m
quartet,quartet,m
quart21,quart21,m
quart2,quart2,m
qadj,qadj,m
qad,qad,m
quizdais,quizdais,m
quizkof,quizkof,m
quizdai2,quizdai2,m
qndream,qndream,m
quizo,quizo,m
qtono2,qtono2,m
rachero,rachero,m
raflesia,raflesia,m
rotd,rotd,m
raiden,raiden,m
raidena,raidena,m
raidenk,raidenk,m
raident,raident,m
rchase,rchase,m
rainbowe,rainbowe,m
rainbow,rainbow,m
rainbowo,rainbowo,m
rastanu,rastanu,m
rastanu2,rastanu2,m
rastan,rastan,m
rastsag1,rastsag1,m
rastsaga,rastsaga,m
raf102j,raf102j,m
rbff1,rbff1,m
rbff1a,rbff1a,m
rbff2k,rbff2k,m
rbff2,rbff2,m
rbff2h,rbff2h,m
rbffspec,rbffspec,m
redearth,redearth,m
redeartn,redeartn,m
reguluso,reguluso,m
regulus,regulus,m
regulusu,regulusu,m
repulse,repulse,m
ridhero,ridhero,m
ridheroh,ridheroh,m
ringdest,ringdest,m
riot,riot,m
riotcity,riotcity,m
roboarmy,roboarmy,m
rockduck,rockduck,m
rockmanj,rockmanj,m
rckman2j,rckman2j,m
rmancp2j,rmancp2j,m
route16,route16,m
route16b,route16b,m
route16a,route16a,m
routex,routex,m
rushatck,rushatck,m
ryukyu,ryukyu,m
srdmissn,srdmissn,m
samuraia,samuraia,m
samsho,samsho,m
samshoh,samshoh,m
samsho2,samsho2,m
samsho3,samsho3,m
samsho4,samsho4,m
samsho5b,samsho5b,m
samsho5,samsho5,m
samsho5h,samsho5h,m
samsh5sp,samsh5sp,m
samsh5sph,samsh5sph,m
samsh5spn,samsh5spn,m
wofa,wofa,m
ssanchan,ssanchan,m
slammast,slammast,m
slammasu,slammasu,m
savagere,savagere,m
scregg,scregg,m
sdfight,sdfight,m
sdibl,sdibl,m
sdi,sdi,m
sdib,sdib,m
seganinj,seganinj,m
seganinju,seganinju,m
sscandal,sscandal,m
sengoku,sengoku,m
sengokh,sengokh,m
sengoku2,sengoku2,m
sengoku3,sengoku3,m
sngkace,sngkace,m
mercsj,mercsj,m
shdance1,shdance1,m
shdancej,shdancej,m
shdancer,shdancer,m
shadfrcj,shadfrcjv2,m
shadfrce,shadfrce,m
matrim,matrim,m
shinobi1,shinobi1,m
shinobi2,shinobi2,m
shinobi3,shinobi3,m
shinobi4,shinobi4,m
shinobi5,shinobi5,m
shinobi,shinobi,m
shinobls,shinobls,m
shippumd,shippumd,m
shocktro,shocktro,m
shocktra,shocktra,m
shocktr2,shocktr2,m
shootbul,shootbul,m
skylancr,skylancr,m
skylance,skylance,m
skywolf,skywolf,m
skywolf2,skywolf2,m
slapfgtr,slapfgtr,m
slapbtuk,slapbtuk,m
slapbtjp,slapbtjp,m
slapfigh,slapfigh,m
snowbroj,snowbroj,m
snowbros,snowbros,m
snowbroa,snowbroa,m
snowbrob,snowbrob,m
snowbroc,snowbroc,m
snowbro2,snowbro2,m
snowbro3,snowbro3,m
socbrawl,socbrawl,m
socbrawla,socbrawla,m
solomonj,solomonj,m
solomon,solomon,m
sonofphx,sonofphx,m
sonicbom,sonicbom,m
sonicwi,sonicwi,m
sstriker,sstriker,m
sstrikra,sstrikra,m
spacecho,spacecho,m
spacegun,spacegun,m
sharrir1,sharrir1,m
sharrier,sharrier,m
spatter,spatter,m
speakres,speakres,m
scij,scij,m
sciu,sciu,m
sci,sci,m
scia,scia,m
spinmast,spinmast,m
spinlbrj,spinlbrj,m
spinlbru,spinlbru,m
spinlbrk,spinlbrk,m
stakwin,stakwin,m
stakwin2,stakwin2,m
starjack,starjack,m
starjacks,starjacks,m
stratvox,stratvox,m
stratvob,stratvob,m
sfar3,sfar3,m
sfar2,sfar2,m
sfau,sfau,m
sfar1,sfar1,m
sfa,sfa,m
sfa2,sfa2,m
sfa2u,sfa2u,m
sfa3b,sfa3b,m
sfa3ur1,sfa3ur1,m
sfa3,sfa3,m
sfa3u,sfa3u,m
sf2ua,sf2ua,m
sf2eb,sf2eb,m
sf2ja,sf2ja,m
sf2ub,sf2ub,m
sf2ue,sf2ue,m
sf2jc,sf2jc,m
sf2ud,sf2ud,m
sf2uf,sf2uf,m
sf2,sf2,m
sf2ui,sf2ui,m
sf2uk,sf2uk,m
sf2j,sf2j,m
sf2accp2,sf2accp2,m
sf2koryu,sf2koryu,m
sf2m2,sf2m2,m
sf2m4,sf2m4,m
sf2m5,sf2m5,m
sf2m6,sf2m6,m
sf2m7,sf2m7,m
sf2rb,sf2rb,m
sf2rb2,sf2rb2,m
sf2red,sf2red,m
sf2v004,sf2v004,m
sf2yyc,sf2yyc,m
sf2ce,sf2ce,m
sf2ceua,sf2ceua,m
sf2cej,sf2cej,m
sf2ceub,sf2ceub,m
sf2ceuc,sf2ceuc,m
sf2hf,sf2hf,m
sf2t,sf2t,m
sf2tj,sf2tj,m
sfiii2n,sfiii2n,m
sfiii2j,sfiii2j,m
sfiii3an,sfiii3an,m
sfiii3n,sfiii3n,m
sfiii3a,sfiii3,m
sfiiin,sfiiin,m
sfiiij,sfiiij,m
sfzjr2,sfzjr2,m
sfza,sfza,m
sfzh,sfzh,m
sfzjr1,sfzjr1,m
sfzbr1,sfzbr1,m
sfzj,sfzj,m
sfzch,sfzch,n
sfzb,sfzb,m
sfz2a,sfz2a,m
sfz2j,sfz2j,m
sfz2n,sfz2n,m
sfz2br1,sfz2br1,m
sfz2h,sfz2h,m
sfz2b,sfz2b,m
sfz2alj,sfz2alj,m
sfz2alb,sfz2alb,m
sfz2alh,sfz2alh,m
sfz2al,sfz2al,m
sfz3jr2,sfz3jr2,m
sfz3ar1,sfz3ar1,m
sfz3jr1,sfz3jr1,m
sfz3a,sfz3a,m
sfz3j,sfz3j,m
strhoop,strhoop,m
strider,strider,m
stridrua,stridrua,m
striderj,striderj,m
stridrja,stridrja,m
strkfgtr,strkfgtr,m
s1945,s1945,m
s1945a,s1945a,m
s1945j,s1945j,m
s1945jn,s1945jn,m
s1945k,s1945k,m
s1945p,s1945p,m
sjryuko1,sjryuko1,m
sjryuko,sjryuko,m
sucasino,sucasino,m
sdodgeb,sdodgeb,m
sgemfa,sgemfa,m
sgemfh,sgemfh,m
sgemf,sgemf,m
suprglob,suprglob,m
sprglobp,sprglobp,m
sprglbpg,sprglbpg,m
shangon2,shangon2,m
shangon3,shangon3,m
shangon,shangon,m
suprleag,suprleag,m
supmodel,supmodel,m
smgpja,smgpja,m
smgpj,smgpj,m
smgpu3,smgpu3,m
smgpu2,smgpu2,m
smgpu1,smgpu1,m
smgpu,smgpu,m
smgp5,smgp5,m
smgp6,smgp6,m
smgp,smgp,m
smbombr1,smbombr1,m
smbomb,smbomb,m
spf2ta,spf2ta,m
spf2t,spf2t,m
spf2xj,spf2xj,m
ssideki2,ssideki2,m
ssideki3,ssideki3,m
ssideki,ssideki,m
ssi,ssi,m
ssf2jr2,ssf2jr2,m
ssf2,ssf2,m
ssf2jr1,ssf2jr1,m
ssf2u,ssf2u,m
ssf2ar1,ssf2ar1,m
ssf2a,ssf2a,m
ssf2j,ssf2j,m
ssf2tbr1,ssf2tbr1,m
ssf2tbj,ssf2tbj,m
ssf2tb,ssf2tb,m
ssf2ta,ssf2ta,m
ssf2t,ssf2t,m
ssf2tur1,ssf2tur1,m
ssf2tu,ssf2tu,m
ssf2xj,ssf2xj,m
suprtrio,suprtrio,m
striv,striv,m
superman,superman,m
supermanj,supermanj,m
svcpcb,svcpcb,m
svcpcba,svcpcba,m
svc,svc,m
svcboot,svcboot,m
svcplus,svcplus,m
svcplusa,svcplusa,m
svcsplus,svcsplus,m
swat,swat,m
mosyougi,mosyougi,m
tws96,tws96,m
teddybb,teddybb,m
teddybbo,teddybbo,m
tekipaki,tekipaki,m
dynwarj,dynwarj,m
wofj,wofj,m
tengaij,tengaij,m
tetrisbl,tetrisbl,m
tetris1,tetris1,m
tetris2,tetris2,m
tetris3,tetris3,m
tetris,tetris,m
mrflea,mrflea,m
berlwall,berlwall,m
berlwalt,berlwalt,m
ctribeb,ctribeb,m
ctribe,ctribe,m
ctribe1,ctribe1,m
theglob,theglob,m
theglob2,theglob2,m
theglobp,theglobp,m
theglob3,theglob3,m
irrmaze,irrmaze,m
killbld,killbld,m
killbldt,killbldt,m
kod,kod,m
kodj,kodj,m
kodu,kodu,m
kof94,kof94,m
kof95,kof95,m
kof96,kof96,m
kof96h,kof96h,m
kof97,kof97,m
kof97a,kof97a,m
kof97pls,kof97pls,m
kof98k,kof98k,m
kof98n,kof98n,m
kof98,kof98,m
kof99e,kof99e,m
kof99n,kof99n,m
kof99p,kof99p,m
kof99,kof99,m
kof99a,kof99a,m
kof10th,kof10th,m
kf2k5uni,kf2k5uni,m
kf10thep,kf10thep,m
kof2000,kof2000,m
kof2000n,kof2000n,m
kof2001,kof2001,m
kof2001h,kof2001h,m
kof2002,kof2002,m
kf2k2mp,kf2k2mp,m
kf2k2mp2,kf2k2mp2,m
kf2k2pls,kf2k2pls,m
kf2k2pla,kf2k2pla,m
kf2k3bl,kf2k3bl,m
kf2k3bla,kf2k3bla,m
kf2k3pcb,kf2k3pcb,m
kof2003,kof2003,m
kf2k3pl,kf2k3pl,m
kf2k3upl,kf2k3upl,m
kof2k4se,kof2k4se,m
lastblad,lastblad,m
lastbladh,lastbladh,m
lastbld2,lastbld2,m
lastsold,lastsold,m
tnzs,tnzs,m
punisher,punisher,m
punishrj,punishrj,m
punishru,punishru,m
superspy,superspy,m
thetogyu,thetogyu,m
ssideki4,ssideki4,m
wintbob,wintbob,m
trally,trally,m
3wonders,3wonders,m
3wonderu,3wonderu,m
thndrbd1,thndrbd1,m
thndrbld,thndrbld,m
theroes,theroes,m
tigerhb3,tigerhb3,m
tigerhb2,tigerhb2,m
tigerh,tigerh,m
timesca1,timesca1,m
timescan,timescan,m
tophuntr,tophuntr,m
tophuntra,tophuntra,m
tpgolf,tpgolf,m
toppyrap,toppyrap,m
toryumon,toryumon,m
tturfu,tturfu,m
tturf,tturf,m
treahunt,treahunt,m
tripool,tripool,m
tripoola,tripoola,m
truxton2,truxton2,m
truxton,truxton,m
tumbleb,tumbleb,m
tumbleb2,tumbleb2,m
turbofrc,turbofrc,m
toutrunu,toutrunu,m
toutrun2,toutrun2,m
twinadvk,twinadvk,m
twinadv,twinadv,m
twinhawku,twinhawku,m
twinhawk,twinhawk,m
twinkle,twinkle,m
twinspri,twinspri,m
unsquad,unsquad,m
cawingj,cawingj,m
uecology,uecology,m
uopokoj,uopokoj,m
upndown,upndown,m
upndownu,upndownu,m
vfive,vfive,m
vliner,vliner,m
vlinero,vlinero,m
vampjr1,vampjr1,m
vampj,vampj,m
vampja,vampja,m
vhuntjr2,vhuntjr2,m
vhuntjr1,vhuntjr1,m
vhuntj,vhuntj,m
vhunt2r1,vhunt2r1,m
vhunt2,vhunt2,m
vsava,vsava,m
vsav,vsav,m
vsavh,vsavh,m
vsavj,vsavj,m
vsavu,vsavu,m
vsav2,vsav2,m
vanvan,vanvan,m
vanvank,vanvank,m
vanvanb,vanvanb,m
varthr1,varthr1,m
varthu,varthu,m
varth,varth,m
varthj,varthj,m
viewpoin,viewpoin,m
gowcaizr,gowcaizr,m
mj4simai,mj4simai,m
wakuwak7,wakuwak7,m
wallc,wallc,m
wallca,wallca,m
wwallyja,wwallyja,m
wwallyj,wwallyj,m
wof,wof,m
wofu,wofu,m
wmatch,wmatch,m
willowje,willowje,m
willowj,willowj,m
willow,willow,m
wjammers,wjammers,m
wonder3,wonder3,m
wboyu,wboyu,m
wboyo,wboyo,m
wboy,wboy,m
wboy2,wboy2,m
wboy2u,wboy2u,m
wboy3,wboy3,m
wboy4,wboy4,m
wbdeluxe,wbdeluxe,m
wb31,wb31,m
wb32,wb32,m
wb33,wb33,m
wb34,wb34,m
wb3,wb3,m
wlstar,wlstar,m
woodpek,woodpek,m
wc90,wc90,m
wc90a,wc90a,m
wc90t,wc90t,m
wh1,wh1,m
wh1h,wh1h,m
wh1ha,wh1ha,m
wh2,wh2,m
wh2j,wh2j,m
wh2jh,wh2jh,m
whp,whp,m
wrestwa1,wrestwa1,m
wrestwa2,wrestwa2,m
wrestwar,wrestwar,m
wwfwfstj,wwfwfstj,m
wwfwfstb,wwfwfstb,m
wwfwfest,wwfwfest,m
wwfwfsta,wwfwfsta,m
xmcotajr,xmcotajr,m
xmcotaa,xmcotaa,m
xmcotaj2,xmcotaj2,m
xmcotaj1,xmcotaj1,m
xmcotaj,xmcotaj,m
xmcota,xmcota,m
xmcotau,xmcotau,m
xmcotah,xmcotah,m
xmvsfjr2,xmvsfjr2,m
xmvsfr1,xmvsfr1,m
xmvsfjr1,xmvsfjr1,m
xmvsfar1,xmvsfar1,m
xmvsf,xmvsf,m
xmvsfh,xmvsfh,m
xmvsfj,xmvsfj,m
xmvsfur1,xmvsfur1,m
xmvsfa,xmvsfa,m
xmvsfb,xmvsfb,m
xmvsfu,xmvsfu,m
3in1semi,3in1semi,m
yankeedo,yankeedo,m
zedblade,zedblade,m
zerowing,zerowing,m
zerowng2,zerowng2,m
drgw2c,drgw2c,m
zintrckb,zintrckb,m
zupapa,zupapa,m
zzyzzyxx,zzyzzyxx,m
zzyzzyx2,zzyzzyx2,m
neogeo,neogeo,m
pgm,pgm,m
ballbros,ballbros,m
bionicc,bionicc,m
bionicc1,bionicc1,m
bionicc2,bionicc2,m
cameltryj,cameltryj,m
cameltry,cameltry,m
cameltryua,cameltryua,m
cameltrya,cameltrya,m
csclubjr,csclubjr,n
ctribb2,ctribb2,m
darius,darius,m
darius2,darius2,m
dariuse,dariuse,m
dariusj,dariusj,m
dariuso,dariuso,m
deadconxj,deadconxj,m
deadconx,deadconx,m
dinorex,dinorex,m
dinorexj,dinorexj,m
dinorexu,dinorexu,m
dondokodj,dondokodj,m
dondokodu,dondokodu,m
dondokod,dondokod,m
drgnbowl,drgnbowl,m
driftout,driftout,m
driveout,driveout,m
drtomy,drtomy,m
exedexes,exedexes,m
gaiden,gaiden,m
gigandes,gigandes,m
gigandesj,gigandesj,m
growl,growl,m
growlu,growlu,m
hotdogst,hotdogst,m
jumping,jumping,m
koshien,koshien,m
kyustrkr,kyustrkr,m
mazinger,mazinger,m
megab,megab,m
megabj,megabj,m
metalb,metalb,m
metalbj,metalbj,m
metmqstr,metmqstr,m
mjnquestb,mjnquestb,m
mjnquest,mjnquest,m
mpang,mpang,m
ninjak,ninjak,m
ninjakj,ninjakj,m
ninjaku,ninjaku,m
ninjaw,ninjaw,m
ninjawj,ninjawj,m
nmaster,nmaster,m
opwolfa,opwolfa,m
opwolfu,opwolfu,m
plegendj,plegendj,m
plegends,plegends,m
pulirula,pulirula,m
pulirulaj,pulirulaj,m
pwrins2j,pwrins2j,m
pwrinst2,pwrinst2,m
qcrayon,qcrayon,m
qcrayon2,qcrayon2,m
qjinsei,qjinsei,m
qtorimon,qtorimon,m
quizhq,quizhq,m
qzchikyu,qzchikyu,m
qzquest,qzquest,m
raiga,raiga,m
runark,runark,m
ryukenda,ryukenda,m
ryukendn,ryukendn,m
savgbees,savgbees,m
shadoww,shadoww,m
shadowwa,shadowwa,m
silkroad,silkroad,m
solfigtr,solfigtr,m
stratof,stratof,m
tknight,tknight,m
topsecrt,topsecrt,m
toutrun,toutrun,m
wildfang,wildfang,m
yesnoj,yesnoj,m
yuyugogo,yuyugogo,m
1944d,1944d,m
19xxd,19xxd,m
4play,4play,n
7ordi,7ordi,m
avspd,avspd,m
bangbedp,bangbedp,n
batcird,batcird,m
beast,beast,n
bestbest,bestbest,m
bngbeadn,bngbeadn,n
bssoccer,bssoccer,m
burglarx,burglarx,m
cnbe,cnbe,n
columnsn,columnsn,n
commandb,commandb,m
commandj,commandj,m
commando,commando,m
commandu,commandu,m
cps1demo,cps1demo,n
cps1frog,cps1frog,n
daimakr2,daimakr2,m
ddsomud,ddsomud,m
ddtodd,ddtodd,m
dinoeh,dinoeh,n
dinoh,dinoh,n
dinoha,dinoha,n
dstlku1d,dstlku1d,m
fr2ch,fr2ch,n
ganryun,ganryun,n
garogun,garogun,m
garoun,garoun,n
gemini,gemini,m
gwingjd,gwingjd,m
hedpanic,hedpanic,m
hedpanif,hedpanif,m
hsf2d,hsf2d,m
jckygpnd,jckygpnd,n
jojo,jojoa,m
k2k3pcbd,k2k3pcbd,n
knghtsha,knghtsha,n
knightsh,knightsh,n
kodh,kodh,n
kof2002b,kof2002b,m
kof2003h,kof2003h,m
kof2k1nd,kof2k1nd,n
kof2k2nd,kof2k2nd,n
kof2k3nd,kof2k3nd,n
kof2knd,kof2knd,n
kof99nd,kof99nd,n
ltorb1,ltorb1,n
matrimbl,matrimbl,m
matrimnd,matrimnd,n
mchampda,mchampda,m
mchampdx,mchampdx,m
megamn2d,megamn2d,m
mia,mia,m
mia2,mia2,m
ms5pcbnd,ms5pcbnd,n
mshud,mshud,m
mslug3hd,mslug3hd,n
mslug4nd,mslug4nd,n
mslug5nd,mslug5nd,n
multchmk,multchmk,m
multchmp,multchmp,m
mvscud,mvscud,m
neo2500,neo2500,n
neodemo,neodemo,n
neonopon,neonopon,n
neopong,neopong,n
ngem2k,ngem2k,n
ngfrog,ngfrog,n
nghtstrj,nghtstrj,m
nightstr,nightstr,m
nitdn,nitdn,n
nmg5,nmg5,m
nmg5e,nmg5e,m
nwarrud,nwarrud,m
pclubys,pclubys,m
pclubysa,pclubysa,m
pgemeni,pgemeni,n
pgmdemo,pgmdemo,n
pgmfrog,pgmfrog,n
pnyaand,pnyaand,n
poknight,poknight,n
preisl2n,preisl2n,n
progerjd,progerjd,m
ringdstd,ringdstd,m
rotdnd,rotdnd,n
rygar,rygar,m
rygar2,rygar2,m
rygar3,rygar3,m
rygarj,rygarj,m
s1945pn,s1945pn,n
samsh5nd,samsh5nd,n
searchey,searchey,m
searchp2,searchp2,m
sf,sf,m
sf2m13,sf2m13,n
sf2m3,sf2m3,m
sf2m8,sf2m8,n
sf2tlona,sf2tlona,n
sf2tlonb,sf2tlonb,n
sfa3ud,sfa3ud,m
sfad,sfad,m
sfiii2,sfiii2,m
sfiii3,sfiii3a,m
sfiii,sfiii,m
sfjp,sfjp,m
sfp,sfp,m
sfus,sfus,m
sfz2ald,sfz2ald,m
sfz2ad,sfz2ad,m
sgemfd,sgemfd,m
silkworm,silkworm,m
silkwrm2,silkwrm2,m
sinvasn,sinvasn,m
sinvasnb,sinvasnb,m
sngoku3n,sngoku3n,n
snowbrod,snowbrod,m
spf2xjd,spf2xjd,m
ss5shnd,ss5shnd,n
ssf2tbd,ssf2tbd,m
ssf2ud,ssf2ud,m
ssf2xjd,ssf2xjd,m
sunaq,sunaq,m
svcnd,svcnd,n
svcpcbnd,svcpcbnd,n
swatpolc,swatpolc,m
syscheck,syscheck,n
tangtang,tangtang,m
tigerhb1,tigerhb1,m
tmht,tmht,m
tmht2p,tmht2p,m
tmht2pa,tmht2pa,m
tmnt,tmnt,m
tmnt2pj,tmnt2pj,m
tmnt2po,tmnt2po,m
tmntj,tmntj,m
tmntu,tmntu,m
tmntua,tmntua,m
uballoon,uballoon,m
vsavd,vsavd,m
vulgus,vulgus,m
vulgus2,vulgus2,m
vulgusj,vulgusj,m
warzard,warzard,m
wof3js,wof3js,n
wofah,wofah,n
wofhfh,wofhfh,m
wofjh,wofjh,n
wondl96,wondl96,m
wondstck,wondstck,m
xmcotad,xmcotad,m
xmvsfu1d,xmvsfu1d,m
zeropnt,zeropnt,m
zeropnt2,zeropnt2,m
zeropnta,zeropnta,m
zintrkcd,zintrkcd,n
zupapan,zupapan,n
3wonderh,3wonderh,m
lvgirl94,lvgirl94,m
zerozone,zerozone,m
ddragn2u,ddragn2u,m
ddragnba,ddragnba,m
ddragnw1,ddragnw1,m
ddragob2,ddragob2,m
ddragon,ddragon,m
ddragon2,ddragon2,m
ddragonb,ddragonb,m
ddragonu,ddragonu,m
ddragonw,ddragonw,m
ddragoua,ddragoua,m
diamond,diamond,m
gng,gng,m
gnga,gnga,m
gngbl,gngbl,m
gngblita,gngblita,m
gngt,gngt,m
ikari3,ikari3,m
ikari3nr,ikari3nr,m
kuniokub,kuniokub,m
kuniokun,kuniokun,m
makaimuc,makaimuc,m
makaimug,makaimug,m
makaimur,makaimur,m
mvsc,mvscr1,m
pow,pow,m
powj,powj,m
renegade,renegade,m
searchar,searchar,m
sercharj,sercharj,m
sercharu,sercharu,m
streets1,streets1,m
streetsj,streetsj,m
streetsm,streetsm,m
streetsw,streetsw,m
tengai,tengaij,m
tnzsj,tnzsj,m
armwaru1,armwaru1,m
avenger2,avenger2,m
avengers,avengers,m
buraiken,buraiken,m
contra,contra,m
contra1,contra1,m
contrab,contrab,m
contraj,contraj,m
contrajb,contrajb,m
csclub,csclub,m
cuebrick,cuebrick,m
funybubc,funybubc,m
funybubl,funybubl,m
gryzor,gryzor,m
gryzora,gryzora,m
gwingb,gwingb,m
kof95h,kof95h,m
lkage,lkage,m
lkageb,lkageb,m
lkageb2,lkageb2,m
lkageb3,lkageb3,m
lkageo,lkageo,m
lwings,lwings,m
lwings2,lwings2,m
lwingsb,lwingsb,m
lwingsjp,lwingsjp,m
samsho3h,samsho3h,m
sctionza,sctionza,m
sectionz,sectionz,m
sonson,sonson,m
sonsonj,sonsonj,m
trojan,trojan,m
trojanj,trojanj,m
trojanr,trojanr,m
agress,agress,m
agressb,agressb,m
blktigerb1,blktigerb1,m
blckout2,blckout2,m
blckoutj,blckoutj,m
blkdrgonb,blkdrgonb,m
blkdrgon,blkdrgon,m
blktiger,blktiger,m
blockout,blockout,m
ddrago3p,ddrago3p,m
genix,genix,m
mugsmash,mugsmash,m
pirates,pirates,m
powerins,powerins,m
sf2rb3,sf2rb3,m
taotaida,taotaida,m
taotaido,taotaido,m
4in1,4in1,m
600,600,m
800fath,800fath,m
ad2083,ad2083,m
amidar,amidar,m
amidarb,amidarb,m
amidaro,amidaro,m
amidars,amidars,m
amidaru,amidaru,m
amigo,amigo,m
anteater,anteater,m
anteatg,anteatg,m
anteatgb,anteatgb,m
aponow,aponow,m
aquarium,aquarium,m
armorca2,armorca2,m
armorcar,armorcar,m
armwar1d,armwar1d,m
atlantis,atlantis,m
atlants2,atlants2,m
azurian,azurian,m
bagman,bagman,m
bagmanmc,bagmanmc,m
batman2,batman2,m
batrid,batrid,m
batridc,batridc,m
batridu,batridu,m
bestri,bestri,m
billiard,billiard,m
bkraidu,bkraidu,m
blkhole,blkhole,m
blueprnj,blueprnj,m
blueprnt,blueprnt,m
bongo,bongo,m
calipso,calipso,m
catacomb,catacomb,m
cavelon,cavelon,m
checkmaj,checkmaj,m
checkman,checkman,m
chewing,chewing,m
ckong,ckong,m
ckongg,ckongg,m
ckongs,ckongs,m
croquis,croquis,m
crospang,crospang,m
dambust,dambust,m
dambustr,dambustr,m
darkplnt,darkplnt,m
darksea1,darksea1,m
darkseaj,darkseaj,m
darkseal,darkseal,m
devilfsg,devilfsg,m
devilfsh,devilfsh,m
dimahoud,dimahoud,m
dingo,dingo,m
dkongjr,dkongjr,m
dkongjrm,dkongjrm,m
eagle,eagle,m
eagle2,eagle2,m
eagle3,eagle3,m
exodus,exodus,m
explorer,explorer,m
f1dream,f1dream,m
f1dreamb,f1dreamb,m
fantazia,fantazia,m
farmer,farmer,m
frogf,frogf,m
frogg,frogg,m
frogger,frogger,m
froggers,froggers,m
froggrmc,froggrmc,m
frogseg1,frogseg1,m
frogseg2,frogseg2,m
galap1,galap1,m
galap4,galap4,m
galapx,galapx,m
galaxbsf,galaxbsf,m
galaxiaj,galaxiaj,m
galaxian,galaxian,m
galmidw,galmidw,m
galmidwo,galmidwo,m
galtaito,galtaito,m
galturbo,galturbo,m
gatedom1,gatedom1,m
gatedoom,gatedoom,m
gmgalax,gmgalax,m
gteikob2,gteikob2,m
gteikokb,gteikokb,m
gteikoku,gteikoku,m
heuksun,heuksun,m
hotshock,hotshock,m
hustler,hustler,m
hustlerb,hustlerb,m
ikki,ikki,m
jumpbug,jumpbug,m
jumpbugb,jumpbugb,m
karianx,karianx,m
kingbalj,kingbalj,m
kingball,kingball,m
kkgalax,kkgalax,m
knockout,knockout,m
ladybug,ladybug,m
ladybugg,ladybugg,m
levers,levers,m
livequiz,livequiz,m
logicpr2,logicpr2,m
logicpro,logicpro,m
losttmbh,losttmbh,m
losttomb,losttomb,m
luctoday,luctoday,m
mariner,mariner,m
mars,mars,m
minefld,minefld,m
mmatrixd,mmatrixd,m
moonal2,moonal2,m
moonal2b,moonal2b,m
moonaln,moonaln,m
mooncmw,mooncmw,m
mooncrgx,mooncrgx,m
mooncrs2,mooncrs2,m
mooncrs3,mooncrs3,m
mooncrsa,mooncrsa,m
mooncrsb,mooncrsb,m
mooncrsg,mooncrsg,m
mooncrst,mooncrst,m
mooncrsu,mooncrsu,m
moonqsr,moonqsr,m
moonwar,moonwar,m
moonwara,moonwara,m
mrkougar,mrkougar,m
mrkougb,mrkougb,m
mrkougb2,mrkougb2,m
mrkougr2,mrkougr2,m
mshutlj2,mshutlj2,m
mshuttle,mshuttle,m
mshuttlj,mshuttlj,m
newsin7,newsin7,m
omega,omega,m
omni,omni,m
orbitron,orbitron,m
ozon1,ozon1,m
pacmanbl,pacmanbl,m
phoenix,phoenix,m
pisces,pisces,m
piscesb,piscesb,m
porter,porter,m
redufo,redufo,m
rescue,rescue,m
rockclim,rockclim,m
saturn,saturn,m
scobra,scobra,m
scobrab,scobrab,m
scobras,scobras,m
scobrase,scobrase,m
scorpion,scorpion,m
scorpnmc,scorpnmc,m
scramb2,scramb2,m
scramblb,scramblb,m
scramble,scramble,m
scrambls,scrambls,m
scrpiona,scrpiona,m
scrpionb,scrpionb,m
sfx,sfx,m
skybase,skybase,m
skyraidr,skyraidr,m
smooncrs,smooncrs,m
spacbat2,spacbat2,m
spacbatt,spacbatt,m
spcdrag,spcdrag,m
spcdraga,spcdraga,m
spctbird,spctbird,m
spdcoin,spdcoin,m
starfght,starfght,m
stratgys,stratgys,m
stratgyx,stratgyx,m
streakng,streakng,m
strfbomb,strfbomb,m
superbon,superbon,m
superg,superg,m
swarm,swarm,m
tazmani2,tazmani2,m
tazmania,tazmania,m
tazzmang,tazzmang,m
theend,theend,m
theends,theends,m
tigeroad,tigeroad,m
tigerodb,tigerodb,m
toramich,toramich,m
triplep,triplep,m
tst_galx,tst_galx,m
turpin,turpin,m
turpins,turpins,m
turtles,turtles,m
uniwars,uniwars,m
vpool,vpool,m
warofbug,warofbug,m
zerotime,zerotime,m
zigzag,zigzag,m
zigzag2,zigzag2,m
armedf,armedf,m
catt,catt,m
cclimbr2,cclimbr2,m
cclmbr2a,cclmbr2a,m
dblpoind,dblpoind,m
dblpoint,dblpoint,m
dealer,dealer,m
diverboy,diverboy,m
dogyuunk,dogyuunk,m
drivfrcb,drivfrcb,m
drivfrcg,drivfrcg,m
drivfrcp,drivfrcp,m
exerizrb,exerizrb,m
galaga,galaga,m
galagamf,galagamf,m
galagamk,galagamk,m
galagamw,galagamw,m
galagao,galagao,m
gallag,gallag,m
gotcha,gotcha,m
gumbo,gumbo,m
hexpool,hexpool,m
hexpoola,hexpoola,m
hncholms,hncholms,m
hunchbak,hunchbak,m
hunchbkg,hunchbkg,m
hunchbks,hunchbks,m
huncholy,huncholy,m
kodure,kodure,m
kov2,kov2,m
kov2p,kov2p,m
kov2p205,kov2p205,m
legion,legion,m
legiono,legiono,m
martmasc,martmasc,m
martmast,martmast,m
mcatadv,mcatadv,m
mcatadvj,mcatadvj,m
msbingo,msbingo,m
mspuzzle,mspuzzle,m
mspuzzlen,mspuzzlen,n
mspuzzlg,mspuzzlg,m
nost,nost,m
nostj,nostj,m
nostk,nostk,m
ppchamp,ppchamp,m
racknrol,racknrol,m
revenger,revenger,m
skyfox,skyfox,m
suprheli,suprheli,m
terraf,terraf,m
terrafa,terrafa,m
terrafu,terrafu,m
wc90b,wc90b,m
wofch,wofch,n
1943,1943,m
1943j,1943j,m
1943kai,1943kai,m
asurabld,asurabld,m
asurabus,asurabus,m
buccanra,buccanra,m
buccanrs,buccanrs,m
chasehqu,chasehqu,m
crshrac2,crshrac2,m
crshrace,crshrace,m
f1gp,f1gp,m
f1gp2,f1gp2,m
gyruss,gyruss,m
gyrussce,gyrussce,m
kikcubib,kikcubib,m
kikcubic,kikcubic,m
kovsh,kovsh,m
mpangr1,mpangr1,m
nwarra,nwarra,m
olds,olds,m
olds100,olds100,m
olds100a,olds100a,m
opwolfj,opwolfj,m
pass,pass,m
venus,venus,m
vigilant,vigilant,m
vigilntj,vigilntj,m
vigilntu,vigilntu,m
88games,88games,m
ajax,ajax,m
ajaxj,ajaxj,m
aliens,aliens,m
aliens2,aliens2,m
aliens3,aliens3,m
aliensa,aliensa,m
aliensj,aliensj,m
aliensj2,aliensj2,m
aliensu,aliensu,m
arabian,arabian,m
arabiana,arabiana,m
bktigrb2,blktigerb2,m
blockhl,blockhl,m
boblbobl,boblbobl,m
bottom9,bottom9,m
bottom9n,bottom9n,m
bubbobr1,bubbobr1,m
bublbob1,bublbob1,m
bublbobl,bublbobl,m
bublbobr,bublbobr,m
crazycop,crazycop,m
crimfght,crimfght,m
crimfgt2,crimfgt2,m
crimfgtj,crimfgtj,m
ctribej,ctribej,m
devstor2,devstor2,m
devstor3,devstor3,m
devstors,devstors,m
esckids,esckids,m
esckidsj,esckidsj,m
fnkyfish,fnkyfish,m
forgottn,forgottn,m
fstarfrcj,fstarfrcj,m
garuka,garuka,m
gbustera,gbustera,m
gbusters,gbusters,m
gradius3,gradius3,m
grdius3a,grdius3a,m
grdius3e,grdius3e,m
hexion,hexion,m
hypsptsp,hypsptsp,m
kangaroa,kangaroa,m
kangarob,kangarob,m
kangaroo,kangaroo,m
konami88,konami88,m
lkageoo,lkageoo,m
mainev2p,mainev2p,m
mainevt,mainevt,m
mainevto,mainevto,m
mimonkey,mimonkey,m
mimonsco,mimonsco,m
mimonscr,mimonscr,m
mstadium,mstadium,m
nob,nob,m
parodisj,parodisj,m
parodius,parodius,m
quarth,quarth,m
ringohja,ringohja,m
rollerg,rollerg,m
rollergj,rollergj,m
sboblboa,sboblboa,m
sboblbob,sboblbob,m
scinegro,scin,m
scontra,scontra,m
scontraj,scontraj,m
simp2pa,simp2pa,m
simps2pa,simps2pa,m
simps2pj,simps2pj,m
simps4pa,simps4pa,m
simpsn2p,simpsn2p,m
simpsons,simpsons,m
spy,spy,m
spyu,spyu,m
suratk,suratk,m
suratka,suratka,m
suratkj,suratkj,m
thnderxa,thnderxa,m
thnderxb,thnderxb,m
thnderxj,thnderxj,m
thunderx,thunderx,m
typhoon,typhoon,m
ultraman,ultraman,m
xmen,xmen,m
xmen2p,xmen2p,m
xmen2pj,xmen2pj,m
xmen6p,xmen6p,m
xmen6pu,xmen6pu,m
xmenj,xmenj,m

