3wondersh,3wondersh,m
3wondersu,3wondersu,m
99lstwara,99lstwara,m
99lstwark,99lstwark,m
aceattaca,aceattaca,m
alexkidd1,alexkidd1,m
aliensyn1,aliensynjo,m
aliensyn2,aliensyn2,m
aliensyn3,aliensyn3,m
aliensyn5,aliensyn5,m
altbeastj3,altbeastj3,m
altbeast2,altbeast2,m
altbeast4,altbeast4,m
altbeast5,altbeast5,m
altbeastj,altbeastj,m
aquajackj,aquajackj,m
armorcar2,armorcar2,m
atlantis2,atlantis2,m
avengers2,avengers2,m
batsuguna,batsuguna,m
batsugunsp,batsugunsp,m
bayroute1,bayroute1,m
bayroutej,bayroutej,m
berlwallt,berlwallt,m
bgareggacn,bgareggacn,m
bgareggahk,bgareggahk,m
bgaregganv,bgaregganv,m
bgareggat2,bgareggat2,m
blockout2,blockout2,m
blockoutj,blockoutj,m
blueprntj,blueprntj,m
bombjack2,bombjack2,m
bstarsh,bstarsh,m
bublboblr1,bublboblr1,m
bublbobl1,bublbobl1,m
bublboblr,bublboblr,m
buccanrsa,buccanrsa,m
captcommj,captcommj,m
captcommu,captcommu,m
cclimbr2a,cclimbr2a,m
checkmanj,checkmanj,m
cltchitrj,cltchitrj,m
commandob,commandob,m
commandoj,commandoj,m
commandou,commandou,m
contcircu,contcircu,m
contcircua,contcircua,m
crimfght2,crimfght2,m
crimfghtj,crimfghtj,m
crshrace2,crshrace2,m
ctribeb2,ctribeb2,m
daimakair,daimakair,m
darkseal1,darkseal1,m
darksealj,darksealj,m
dblpointd,dblpointd,m
ddonpachj,ddonpachj,m
ddragon2u,ddragon2u,m
ddragonba,ddragonba,m
ddragonw1,ddragonw1,m
ddragon3b,ddragon3b,m
ddragon3j,ddragon3j,m
ddragon3p,ddragon3p,m
ddragonb2,ddragonb2,m
ddragonua,ddragonua,m
ddtodhr1,ddtodhr1,m
devstors2,devstors2,m
devstors3,devstors3,m
donpachihk,donpachihk,m
donpachij,donpachij,m
donpachikr,donpachikr,m
dotrikun2,dotrikun2,m
ecofghtra,ecofghtra,m
ecofghtru,ecofghtru,m
ecofghtru1,ecofghtru1,m
espradejo,espradejo,m
fantzone1,fantzone1,m
flashgala,flashgala,m
fantsia2a,fantsia2a,m
forgottnu,forgottnu,m
froggermc,froggermc,m
froggers1,froggers1,m
froggers2,froggers2,m
funkybeeb,funkybeeb,m
funybublc,funybublc,m
galaxiana,galaxiana,m
galaxianm,galaxianm,m
galaxianmo,galaxianmo,m
galaxiant,galaxiant,m
gatedoom1,gatedoom1,m
gbustersa,gbustersa,m
goldnaxe1,goldnaxe1,m
goldnaxe2,goldnaxe2,m
goldnaxe3,goldnaxe3,m
goldnaxej,goldnaxej,m
goldnaxeu,goldnaxeu,m
gradius3a,gradius3a,m
gradius3e,gradius3e,m
grindstma,grindstma,m
gunsmokeua,gunsmokeua,m
gunsmokej,gunsmokej,m
gunsmokeu,gunsmokeu,m
gigawinga,gigawinga,m
gigawingb,gigawingb,m
gigawingj,gigawingj,m
gyrodinec,gyrodinec,m
hedpanicf,hedpanicf,m
hellfire1,hellfire1,m
hellfire2,hellfire2,m
hyperpacb,hyperpacb,m
kangarooa,kangarooa,m
kangaroob,kangaroob,m
karatblzj,karatblzj,m
karatblzu,karatblzu,m
kikcubicb,kikcubicb,m
kingballj,kingballj,m
kof97h,kof97h,m
kuniokunb,kuniokunb,m
losttombh,losttombh,m
lastduelb,lastduelb,m
lwingsj,lwingsj,m
mainevt2p,mainevt2p,m
makaimurc,makaimurc,m
makaimurg,makaimurg,m
martmastc,martmastc,m
mchampdxa,mchampdxa,m
megaman2a,megaman2a,m
mgcrystlj,mgcrystlj,m
mgcrystlo,mgcrystlo,m
mooncrsto,mooncrsto,m
mooncrstg,mooncrstg,m
mooncrstu,mooncrstu,m
mrkougar2,mrkougar2,m
mshuttlej2,mshuttlej2,m
mshuttlej,mshuttlej,m
mspuzzleg,mspuzzleg,m
multchmpk,multchmpk,m
myststono,myststono,m
nightstrj,nightstrj,m
nightstru,nightstru,m
orlegend105k,orlegend105k,m
orlegend111c,orlegend111c,m
orlegendc,orlegendc,m
orlegende,orlegende,m
outrundx,outrundx,m
outrunra,outrunra,m
parodiusj,parodiusj,m
pbobblenb,pbobblenb,m
plegendsj,plegendsj,m
powerinsa,powerinsa,m
powerinsb,powerinsb,m
powerinsj,powerinsj,m
prehisleu,prehisleu,m
passsht16a,passsht16a,m
punisherj,punisherj,m
punisheru,punisheru,m
pwrinst2j,pwrinst2j,m
quartet2a,quartet2a,m
quartet2,quartet2,m
quarteta,quarteta,m
rastsaga1,rastsaga1,m
ryukendna,ryukendna,m
sailormno,sailormno,m
scorpionmc,scorpionmc,m
scrambles,scrambles,m
scorpiona,scorpiona,m
scorpionb,scorpionb,m
sectionza,sectionza,m
searcharj,searcharj,m
searcharu,searcharu,m
sfj,sfj,m
shadfrcejv2,shadfrcejv2,m
shangonle,shangonle,m
sharrier1,sharrier1,m
shdancer1,shdancer1,m
shdancerj,shdancerj,m
silkworm2,silkworm2,m
simpsons2pa,simpsons2pa,m
simpsons2p2,simpsons2p2,m
simpsons2pj,simpsons2pj,m
simpsons4pa,simpsons4pa,m
simpsons2p,simpsons2p,m
skylancre,skylancre,m
slammastu,slammastu,m
snowbros3,snowbros3,m
snowbrosa,snowbrosa,m
snowbrosb,snowbrosb,m
snowbrosc,snowbrosc,m
snowbrosd,snowbrosd,m
snowbrosj,snowbrosj,m
spinlbrkj,spinlbrkj,m
spinlbrku,spinlbrku,m
sstrikera,sstrikera,m
stratvoxb,stratvoxb,m
streetsm1,streetsm1,m
streetsmj,streetsmj,m
streetsmw,streetsmw,m
striderj,striderj,m
striderua,striderua,m
taotaidoa,taotaidoa,m
thunderxa,thunderxa,m
thunderxb,thunderxb,m
thunderxj,thunderxj,m
thndrbld1,thndrbld1,m
tigeroadb,tigeroadb,m
timescan1,timescan1,m
vigilantj,vigilantj,m
vigilantu,vigilantu,m
woodpeck,woodpeck,m
wrestwar1,wrestwar1,m
wrestwar2,wrestwar2,m
wwfwfesta,wwfwfesta,m
wwfwfestb,wwfwfestb,m
wwfwfestj,wwfwfestj,m
xmen2pa,xmen2pa,m
zerowing2,zerowing2,m
zzyzzyxx2,zzyzzyxx2,m
7toitsu,7toitsu,m
acrobatm,acrobatm,m
airattck,airattck,m
airattcka,airattcka,m
arknoid2,arknoid2,m
arknoid2j,arknoid2j,m
arknoid2u,arknoid2u,m
atlantisb,atlantisb,m
atomicp,atomicp,m
backfirt,backfirt,m
bbros,bbros,m
bgareggatw,bgareggatw,m
bigbang,bigbang,m
bioship,bioship,m
bjtwin,bjtwin,m
bjtwina,bjtwina,m
blkheart,blkheart,m
blkheartj,blkheartj,m
block,block,m
blockbl,blockbl,m
blockj,blockj,m
blockjoy,blockjoy,m
bloodbro,bloodbro,m
bloodbroa,bloodbroa,m
blswhstl,blswhstl,m
bombkick,bombkick,m
breywood,breywood,m
bstars,bstars,m
bubl2000,bubl2000,m
cactus,cactus,m
chelnov,chelnov,m
chelnovj,chelnovj,m
chelnovu,chelnovu,m
chukatai,chukatai,m
chukataij,chukataij,m
chukataiu,chukataiu,m
cobracom,cobracom,m
cobracomj,cobracomj,m
csilver,csilver,m
csilverj,csilverj,m
cuebrickj,cuebrickj,m
cworld,cworld,m
dambustra,dambustra,m
dambustruk,dambustruk,m
daraku,daraku,m
darkadv,darkadv,m
dcon,dcon,m
ddtodh,ddtodh,m
deerhunt,deerhunt,m
deerhunta,deerhunta,m
deerhuntb,deerhuntb,m
deerhuntc,deerhuntc,m
detatwin,detatwin,m
devilw,devilw,m
dokaben,dokaben,m
dragnblz,dragnblz,m
drtoppel,drtoppel,m
drtoppelj,drtoppelj,m
drtoppelu,drtoppelu,m
extrmatn,extrmatn,m
extrmatnj,extrmatnj,m
extrmatnu,extrmatnu,m
firehawk,firehawk,m
fround,fround,m
froundl,froundl,m
garyoret,garyoret,m
gaunt2,gaunt2,m
gaunt22p,gaunt22p,m
gaunt22p1,gaunt22p1,m
gaunt22pg,gaunt22pg,m
gaunt2g,gaunt2g,m
gauntlet,gauntlet,m
gauntlet2p,gauntlet2p,m
gauntlet2pg,gauntlet2pg,m
gauntlet2pg1,gauntlet2pg1,m
gauntlet2pj,gauntlet2pj,m
gauntlet2pj2,gauntlet2pj2,m
gauntlet2pr3,gauntlet2pr3,m
gauntletg,gauntletg,m
gauntletgr3,gauntletgr3,m
gauntletgr6,gauntletgr6,m
gauntletgr8,gauntletgr8,m
gauntletj,gauntletj,m
gauntletj12,gauntletj12,m
gauntletr1,gauntletr1,m
gauntletr2,gauntletr2,m
gauntletr4,gauntletr4,m
gauntletr5,gauntletr5,m
gauntletr7,gauntletr7,m
gauntletr9,gauntletr9,m
gauntlets,gauntlets,m
ghostb,ghostb,m
ghostb3,ghostb3,m
gnbarich,gnbarich,m
gondo,gondo,m
gradius2,gradius2,m
gradius2a,gradius2a,m
gradius2b,gradius2b,m
grdnstrm,grdnstrm,m
grdnstrmk,grdnstrmk,m
gunbird2,gunbird2,m
gundamex,gundamex,m
gunnail,gunnail,m
hachamf,hachamf,m
hatena,hatena,m
hellfire3,hellfire3,m
hotbubl,hotbubl,m
hpuncher,hpuncher,m
insectx,insectx,m
jpopnics,jpopnics,m
juju,juju,m
jujub,jujub,m
kageki,kageki,m
kagekih,kagekih,m
kagekij,kagekij,m
kamakazi3,kamakazi3,m
karnov,karnov,m
karnovj,karnovj,m
kov2106,kov2106,m
lastduelo,lastduelo,m
lastmisn,lastmisn,m
lastmisnj,lastmisnj,m
lastmisno,lastmisno,m
ledstorm2,ledstorm2,m
lgtnfght,lgtnfght,m
lgtnfghta,lgtnfghta,m
lgtnfghtu,lgtnfghtu,m
macross,macross,m
macross2,macross2,m
magicbub,magicbub,m
magicbuba,magicbuba,m
majuu,majuu,m
makyosen,makyosen,m
mangchi,mangchi,m
manybloc,manybloc,m
marukin,marukin,m
meikyuh,meikyuh,m
meikyuha,meikyuha,m
mgakuen,mgakuen,m
mgakuen2,mgakuen2,m
miaj,miaj,m
mjgtaste,mjgtaste,m
mslug4h,mslug4h,m
mstworld,mstworld,m
mustang,mustang,m
mustangb,mustangb,m
mustangb2,mustangb2,m
mustangs,mustangs,m
nouryoku,nouryoku,m
oscar,oscar,m
oscarj1,oscarj1,m
oscarj2,oscarj2,m
oscaru,oscaru,m
outruno,outruno,m
pacmanbla,pacmanbla,m
pang,pang,m
pangb,pangb,m
pangbold,pangbold,m
paprazzi,paprazzi,m
phoenxp2,phoenxp2,m
pkladies,pkladies,m
pkladiesl,pkladiesl,m
pkladiesla,pkladiesla,m
plumppop,plumppop,m
pompingw,pompingw,m
popspops,popspops,m
punkshot,punkshot,m
punkshot2,punkshot2,m
punkshotj,punkshotj,m
qgakumon,qgakumon,m
qsangoku,qsangoku,m
qtono1,qtono1,m
raphero,raphero,m
redhawk,redhawk,m
redhawkb,redhawkb,m
redhawke,redhawke,m
redhawki,redhawki,m
retofinv,retofinv,m
retofinv1,retofinv1,m
retofinv2,retofinv2,m
rushcrsh,rushcrsh,m
s1945ii,s1945ii,m
s1945iii,s1945iii,m
sabotenb,sabotenb,m
sabotenba,sabotenba,m
sbbros,sbbros,m
sbomberb,sbomberb,m
sbsgomo,sbsgomo,m
scotrsht,scotrsht,m
sdgndmps,sdgndmps,m
sf2acc,sf2acc,m
sf2ebbl,sf2ebbl,m
sf2qp1,sf2qp1,m
shackled,shackled,m
shadfrcej,shadfrcej,m
shocking,shocking,m
skysmash,skysmash,m
snapper,snapper,m
soldivid,soldivid,m
spacempr,spacempr,m
spang,spang,m
spangj,spangj,m
spec2k,spec2k,m
srdarwin,srdarwin,m
srdarwinj,srdarwinj,m
srumbler,srumbler,m
srumbler2,srumbler2,m
ssmissin,ssmissin,m
ssriders,ssriders,m
ssridersabd,ssridersabd,m
ssridersadd,ssridersadd,m
ssridersb,ssridersb,m
ssriderseaa,ssriderseaa,m
ssridersebc,ssridersebc,m
ssridersebd,ssridersebd,m
ssridersjbd,ssridersjbd,m
ssridersuac,ssridersuac,m
ssridersubc,ssridersubc,m
ssridersuda,ssridersuda,m
stagger1,stagger1,m
strahl,strahl,m
strahla,strahla,m
striderjr,striderjr,m
strongx,strongx,m
tdragon,tdragon,m
tdragon1,tdragon1,m
tdragon2,tdragon2,m
tdragon2a,tdragon2a,m
tdragonb,tdragonb,m
tgm2,tgm2,m
tgm2p,tgm2p,m
tharrier,tharrier,m
tharrierj,tharrierj,m
thndrx2,thndrx2,m
thndrx2a,thndrx2a,m
thndrx2j,thndrx2j,m
tmht22pe,tmht22pe,m
tmnt2,tmnt2,m
tmnt22pu,tmnt22pu,m
tmnt2a,tmnt2a,m
tnzsjo,tnzsjo,m
tnzso,tnzso,m
tnzsop,tnzsop,m
toki,toki,m
tokia,tokia,m
tokiu,tokiu,m
tophuntrh,tophuntrh,m
trigon,trigon,m
trophyh,trophyh,m
turkhunt,turkhunt,m
twinactn,twinactn,m
vandyke,vandyke,m
vandykeb,vandykeb,m
vandykejal,vandykejal,m
vandykejal2,vandykejal2,m
vendetta,vendetta,m
vendetta2p,vendetta2p,m
vendetta2pd,vendetta2pd,m
vendetta2pu,vendetta2pu,m
vendettaj,vendettaj,m
vendettar,vendettar,m
vulcan,vulcan,m
wndrplnt,wndrplnt,m
wschamp,wschamp,m
wschampa,wschampa,m
wwfsstar,wwfsstar,m
wwfsstara,wwfsstara,m
wwfsstarj,wwfsstarj,m
wwfsstaru,wwfsstaru,m
xmen2pe,xmen2pe,m
1941,1941,m
1941j,1941j,m
1942,1942,m
1942a,1942a,m
1942b,1942b,m
1942w,1942w,m
1943,1943,m
1943j,1943j,m
1943kai,1943kai,m
1944,1944,m
1944d,1944d,m
1944j,1944j,m
1945kiii,1945kiii,m
19xx,19xx,m
19xxa,19xxa,m
19xxb,19xxb,m
19xxd,19xxd,m
19xxh,19xxh,m
19xxj,19xxj,m
19xxjr1,19xxjr1,m
2020bb,2020bb,m
2020bba,2020bba,m
2020bbh,2020bbh,m
3countb,3countb,m
3in1semi,3in1semi,m
3wonders,3wonders,m
4dwarrio,4dwarrio,m
4enraya,4enraya,m
4in1,4in1,m
4in1boot,4in1boot,m
4play,4play,n
600,600,m
7ordi,7ordi,m
800fath,800fath,m
88games,88games,m
99lstwar,99lstwar,m
abcop,abcop,m
abscam,abscam,m
aburner,aburner,m
aburner2,aburner2,m
aceattac,aceattac,m
acitya,acitya,m
ad2083,ad2083,m
aerofgt,aerofgt,m
aerofgtb,aerofgtb,m
aerofgtc,aerofgtc,m
afighter,afighter,m
agallet,agallet,m
agress,agress,m
agressb,agressb,m
airwolf,airwolf,m
airwolfa,airwolfa,m
ajax,ajax,m
ajaxj,ajaxj,m
alexkidd,alexkidd,m
alibaba,alibaba,m
aliens,aliens,m
aliens2,aliens2,m
aliens3,aliens3,m
aliensa,aliensa,m
aliensj,aliensj,m
aliensj2,aliensj2,m
aliensu,aliensu,m
aliensyn,aliensyn,m
alpham2,alpham2,m
altbeast,altbeast,m
ambush,ambush,m
ambusht,ambusht,m
ambushv,ambushv,m
amidar,amidar,m
amidarb,amidarb,m
amidaro,amidaro,m
amidars,amidars,m
amidaru,amidaru,m
amigo,amigo,m
androdun,androdun,m
anteater,anteater,m
anteatg,anteatg,m
anteatgb,anteatgb,m
aodk,aodk,m
aof,aof,m
aof2,aof2,m
aof2a,aof2a,m
aof3,aof3,m
aof3k,aof3k,m
aponow,aponow,m
aquajack,aquajack,m
aquarium,aquarium,m
arabian,arabian,m
arabiana,arabiana,m
area88,area88,m
arkangc,arkangc,m
arkangc2,arkangc2,m
arkanoid,arkanoid,m
arkatayt,arkatayt,m
arkbloc2,arkbloc2,m
arkblock,arkblock,m
arkgcbl,arkgcbl,m
arktayt2,arktayt2,m
armedf,armedf,m
armorcar,armorcar,m
armwar,armwar,m
armwar1d,armwar1d,m
armwara,armwara,m
armwarr1,armwarr1,m
armwaru,armwaru,m
armwaru1,armwaru1,m
astorm,astorm,m
astorm3,astorm3,m
astormj,astormj,m
astormu,astormu,m
asurabld,asurabld,m
asurabus,asurabus,m
atlantis,atlantis,m
aurail,aurail,m
aurail1,aurail1,m
aurailj,aurailj,m
avengers,avengers,m
avsp,avsp,m
avspa,avspa,m
avspd,avspd,m
avsph,avsph,m
avspj,avspj,m
avspu,avspu,m
azurian,azurian,m
bagman,bagman,m
bagmanmc,bagmanmc,m
bakatono,bakatono,m
bakubrkr,bakubrkr,m
ballbros,ballbros,m
bangbead,bangbead,m
bangbedp,bangbedp,n
bankp,bankp,m
batcir,batcir,m
batcira,batcira,m
batcird,batcird,m
batcirj,batcirj,m
batman2,batman2,m
batrid,batrid,m
batridc,batridc,m
batridj,batridj,m
batridja,batridja,m
batridk,batridk,m
batridu,batridu,m
batsugun,batsugun,m
bayroute,bayroute,m
bcstry,bcstry,m
bcstrya,bcstrya,m
beast,beast,n
beastf,beastf,m
berlwall,berlwall,m
bestbest,bestbest,m
bestri,bestri,m
bgaregga,bgaregga,m
bigbucks,bigbucks,m
billiard,billiard,m
biomtoy,biomtoy,m
bionicc,bionicc,m
bionicc1,bionicc1,m
bionicc2,bionicc2,m
bjourney,bjourney,m
bkraidj,bkraidj,m
bkraidu,bkraidu,m
bkraiduj,bkraiduj,m
bktigrb2,blktigerb2,m
blazeon,blazeon,m
blazstar,blazstar,m
blkdrgon,blkdrgon,m
blkdrgonb,blkdrgonb,m
blkhole,blkhole,m
blktiger,blktiger,m
blktigerb1,blktigerb1,m
blockgal,blockgal,m
blockhl,blockhl,m
blockout,blockout,m
bloodwar,bloodwar,m
blueprnt,blueprnt,m
bngbeadn,bngbeadn,n
boblbobl,boblbobl,m
bodyslam,bodyslam,m
bombjack,bombjack,m
bongo,bongo,m
bonkadv,bonkadv,m
bottom9,bottom9,m
bottom9n,bottom9n,m
brain,brain,m
breakers,breakers,m
breakrev,breakrev,m
brix,brix,m
bshark,bshark,m
bsharkj,bsharkj,m
bssoccer,bssoccer,m
bstars2,bstars2,m
btlkroad,btlkroad,m
bublbobl,bublbobl,m
buccanrs,buccanrs,m
bullet,bullet,m
bullfgt,bullfgt,m
buraiken,buraiken,m
burglarx,burglarx,m
burningf,burningf,m
burningfh,burningfh,m
buzzard,buzzard,m
bwcasino,bwcasino,m
calipso,calipso,m
cameltry,cameltry,m
cameltrya,cameltrya,m
cameltryj,cameltryj,m
cameltryua,cameltryua,m
cannonbp,cannonbp,m
captcomm,captcomm,m
catacomb,catacomb,m
catt,catt,m
cavelon,cavelon,m
cawing,cawing,m
cawingj,cawingj,m
cawingr1,cawingr1,m
cawingu,cawingu,m
cclimbr2,cclimbr2,m
chasehq,chasehq,m
chasehqj,chasehqj,m
chasehqu,chasehqu,m
checkman,checkman,m
chewing,chewing,m
chikij,chikij,m
chokchok,chokchok,m
choko,choko,m
ckong,ckong,m
ckongg,ckongg,m
ckongs,ckongs,m
cltchitr,cltchitr,m
cnbe,cnbe,n
columnsn,columnsn,n
combh,combh,m
commando,commando,m
contcirc,contcirc,m
contra,contra,m
contra1,contra1,m
contrab,contrab,m
contraj,contraj,m
contrajb,contrajb,m
cookbib,cookbib,m
cookbib2,cookbib2,m
cookbib3,cookbib3,m
cotton,cotton,m
cottonj,cottonj,m
cottonu,cottonu,m
cps1demo,cps1demo,n
cps1frog,cps1frog,n
crazycop,crazycop,m
crimfght,crimfght,m
croquis,croquis,m
crospang,crospang,m
crshrace,crshrace,m
crsword,crsword,m
crush,crush,m
crush2,crush2,m
crush3,crush3,m
crush4,crush4,m
crushbl,crushbl,m
crushs,crushs,m
csclub,csclub,m
csclub1,csclub1,m
cscluba,cscluba,m
csclubh,csclubh,m
csclubj,csclubj,m
csclubjr,csclubjr,n
ct2k3sa,ct2k3sa,m
ct2k3sp,ct2k3sp,m
cthd2003,cthd2003,m
ctomaday,ctomaday,m
ctribe,ctribe,m
ctribe1,ctribe1,m
ctribeb,ctribeb,m
ctribej,ctribej,m
ctrpllrp,ctrpllrp,m
cuebrick,cuebrick,m
cworld2j,cworld2j,m
cyberlip,cyberlip,m
cybots,cybots,m
cybotsj,cybotsj,m
cybotsu,cybotsu,m
daimakai,daimakai,m
daisenpu,daisenpu,m
dambustr,dambustr,m
darius,darius,m
darius2,darius2,m
dariuse,dariuse,m
dariusj,dariusj,m
dariuso,dariuso,m
darkplnt,darkplnt,m
darkseal,darkseal,m
dblaxle,dblaxle,m
dblpoint,dblpoint,m
ddcrew,ddcrew,m
ddcrew1,ddcrew1,m
ddcrew2,ddcrew2,m
ddcrewj,ddcrewj,m
ddcrewu,ddcrewu,m
ddonpach,ddonpach,m
ddragon,ddragon,m
ddragon2,ddragon2,m
ddragon3,ddragon3,m
ddragonb,ddragonb,m
ddragonu,ddragonu,m
ddragonw,ddragonw,m
ddsom,ddsom,m
ddsoma,ddsoma,m
ddsomb,ddsomb,m
ddsomj,ddsomj,m
ddsomjr1,ddsomjr1,m
ddsomr1,ddsomr1,m
ddsomr2,ddsomr2,m
ddsomr3,ddsomr3,m
ddsomu,ddsomu,m
ddsomud,ddsomud,m
ddsomur1,ddsomur1,m
ddtod,ddtod,m
ddtoda,ddtoda,m
ddtodd,ddtodd,m
ddtodj,ddtodj,m
ddtodjr1,ddtodjr1,m
ddtodjr2,ddtodjr2,m
ddtodr1,ddtodr1,m
ddtodu,ddtodu,m
ddtodur1,ddtodur1,m
ddux,ddux,m
ddux1,ddux1,m
dduxbl,dduxbl,m
deadconx,deadconx,m
deadconxj,deadconxj,m
dealer,dealer,m
defense,defense,m
desertbr,desertbr,m
devilfsg,devilfsg,m
devilfsh,devilfsh,m
devstors,devstors,m
dfeveron,dfeveron,m
diamond,diamond,m
diggerma,diggerma,m
dimahoo,dimahoo,m
dimahoou,dimahoou,m
dimahoud,dimahoud,m
dingo,dingo,m
dino,dino,m
dinoeh,dinoeh,n
dinoh,dinoh,n
dinoha,dinoha,n
dinoj,dinoj,m
dinorex,dinorex,m
dinorexj,dinorexj,m
dinorexu,dinorexu,m
dinou,dinou,m
diverboy,diverboy,m
dkongjr,dkongjr,m
dkongjrm,dkongjrm,m
dogyuun,dogyuun,m
dogyuunk,dogyuunk,m
dommy,dommy,m
dondokod,dondokod,m
dondokodj,dondokodj,m
dondokodu,dondokodu,m
donpachi,donpachi,m
dotrikun,dotrikun,m
doubledr,doubledr,m
dquizgo,dquizgo,m
dremshpr,dremshpr,m
drgnbowl,drgnbowl,m
drgw2,drgw2,m
drgw2c,drgw2c,m
drgw2j,drgw2j,m
driftout,driftout,m
driveout,driveout,m
drivfrcb,drivfrcb,m
drivfrcg,drivfrcg,m
drivfrcp,drivfrcp,m
drtomy,drtomy,m
dstlk,dstlk,m
dstlka,dstlka,m
dstlku,dstlku,m
dstlku1d,dstlku1d,m
dstlkur1,dstlkur1,m
dumpmtmt,dumpmtmt,m
dunkshot,dunkshot,m
dynwar,dynwar,m
dynwarj,dynwarj,m
dynwaru,dynwaru,m
eagle,eagle,m
eagle2,eagle2,m
eagle3,eagle3,m
ecofghtr,ecofghtr,m
eggor,eggor,m
eggs,eggs,m
eightman,eightman,m
endurobl,endurobl,m
enduror,enduror,m
enduror1,enduror1,m
enforce,enforce,m
esckids,esckids,m
esckidsj,esckidsj,m
esprade,esprade,m
espradej,espradej,m
eswat,eswat,m
eswatbl,eswatbl,m
eswatj,eswatj,m
eswatu,eswatu,m
euroch92,euroch92,m
exctleag,exctleag,m
exedexes,exedexes,m
exerizrb,exerizrb,m
exodus,exodus,m
explbrkr,explbrkr,m
explorer,explorer,m
eyes,eyes,m
eyes2,eyes2,m
eyeszac,eyeszac,m
f1dream,f1dream,m
f1dreamb,f1dreamb,m
f1gp,f1gp,m
f1gp2,f1gp2,m
fantasia,fantasia,m
fantazia,fantazia,m
fantsia2,fantsia2,m
fantsy95,fantsy95,m
fantzone,fantzone,m
farmer,farmer,m
fatfursa,fatfursa,m
fatfursp,fatfursp,m
fatfury1,fatfury1,m
fatfury2,fatfury2,m
fatfury3,fatfury3,m
fbfrenzy,fbfrenzy,m
feversos,feversos,m
ffight,ffight,m
ffightj,ffightj,m
ffightj1,ffightj1,m
ffightj2,ffightj2,m
ffightu,ffightu,m
ffightua,ffightua,m
ffightub,ffightub,m
fightfev,fightfev,m
fightfeva,fightfeva,m
finalb,finalb,m
finalbj,finalbj,m
finalbu,finalbu,m
finalttr,finalttr,m
flashgal,flashgal,m
flicky,flicky,m
flickyo,flickyo,m
flickys1,flickys1,m
flickys2,flickys2,m
flipshot,flipshot,m
fncywld,fncywld,m
fnkyfish,fnkyfish,m
footchmp,footchmp,m
forgottn,forgottn,m
fpoint,fpoint,m
fpoint1,fpoint1,m
fpointbj,fpointbj,m
fpointbl,fpointbl,m
fr2ch,fr2ch,n
freeze,freeze,m
frogf,frogf,m
frogg,frogg,m
frogger,frogger,m
froggers,froggers,m
fstarfrc,fstarfrc,m
fstarfrcj,fstarfrcj,m
fswords,fswords,m
funkybee,funkybee,m
funybubl,funybubl,m
fx,fx,m
gaia,gaia,m
gaiden,gaiden,m
galaga,galaga,m
galagamf,galagamf,m
galagamk,galagamk,m
galagamw,galagamw,m
galagao,galagao,m
galap1,galap1,m
galap4,galap4,m
galapx,galapx,m
galaxbsf,galaxbsf,m
galaxian,galaxian,m
galaxyfg,galaxyfg,m
galhustl,galhustl,m
gallag,gallag,m
galpanic,galpanic,m
galturbo,galturbo,m
ganryu,ganryu,m
ganryun,ganryun,n
gardia,gardia,m
garogun,garogun,m
garou,garou,m
garoubl,garoubl,m
garoun,garoun,n
garouo,garouo,m
garoup,garoup,m
garuka,garuka,m
gatedoom,gatedoom,m
gberet,gberet,m
gberetb,gberetb,m
gbusters,gbusters,m
gemini,gemini,m
genix,genix,m
gensitou,gensitou,m
getstar,getstar,m
gforce2,gforce2,m
gforce2j,gforce2j,m
ghostlop,ghostlop,m
ghouls,ghouls,m
ghoulsu,ghoulsu,m
gigandes,gigandes,m
gigandesj,gigandesj,m
gigawing,gigawing,m
ginkun,ginkun,m
gloc,gloc,m
glocr360,glocr360,m
gmahou,gmahou,m
gmgalax,gmgalax,m
gng,gng,m
gnga,gnga,m
gngbl,gngbl,m
gngblita,gngblita,m
gngt,gngt,m
goalx3,goalx3,m
goldnaxe,goldnaxe,m
gorkans,gorkans,m
gotcha,gotcha,m
gowcaizr,gowcaizr,m
gpilots,gpilots,m
gpilotsh,gpilotsh,m
gprider,gprider,m
gprider1,gprider1,m
gradius3,gradius3,m
grdians,grdians,m
grindstm,grindstm,m
growl,growl,m
growlu,growlu,m
gryzor,gryzor,m
gryzora,gryzora,m
gteikob2,gteikob2,m
gteikokb,gteikokb,m
gteikoku,gteikoku,m
gtmr,gtmr,m
gtmr2,gtmr2,m
gtmr2a,gtmr2a,m
gtmr2u,gtmr2u,m
gtmra,gtmra,m
gtmre,gtmre,m
gtmrusa,gtmrusa,m
gtstarb1,gtstarb1,m
gtstarb2,gtstarb2,m
gumbo,gumbo,m
gunbird,gunbird,m
gunbirdj,gunbirdj,m
gunbirdk,gunbirdk,m
gunfront,gunfront,m
gunfrontj,gunfrontj,m
gunsmoke,gunsmoke,m
gururin,gururin,m
guwange,guwange,m
gwingjd,gwingjd,m
gyrodine,gyrodine,m
gyruss,gyruss,m
gyrussce,gyrussce,m
hangly,hangly,m
hangly2,hangly2,m
hangly3,hangly3,m
hangon,hangon,m
hangon1,hangon1,m
hedpanic,hedpanic,m
hellfire,hellfire,m
heuksun,heuksun,m
hexion,hexion,m
hexpool,hexpool,m
hexpoola,hexpoola,m
higemaru,higemaru,m
hncholms,hncholms,m
honeydol,honeydol,m
hotdogst,hotdogst,m
hotshock,hotshock,m
hsf2,hsf2a,m
hsf2d,hsf2d,m
hsf2j,hsf2j,m
htchctch,htchctch,m
hthero,hthero,m
hunchbak,hunchbak,m
hunchbkg,hunchbkg,m
hunchbks,hunchbks,m
huncholy,huncholy,m
hustler,hustler,m
hustlerb,hustlerb,m
hwchamp,hwchamp,m
hyperpac,hyperpac,m
hypsptsp,hypsptsp,m
igmo,igmo,m
ikari3,ikari3,m
ikari3nr,ikari3nr,m
ikki,ikki,m
imsorry,imsorry,m
imsorryj,imsorryj,m
irrmaze,irrmaze,m
jack,jack,m
jack2,jack2,m
jack3,jack3,m
janshin,janshin,m
jckygpnd,jckygpnd,n
jockeygp,jockeygp,m
joinem,joinem,m
jojo,jojoa,m
jojoa,jojo,m
jojoan,jojoan,m
jojoba,jojoba,m
jojoban,jojoban,m
jojobane,jojobane,m
jojon,jojon,m
joyjoy,joyjoy,m
joyman,joyman,m
jumpbug,jumpbug,m
jumpbugb,jumpbugb,m
jumping,jumping,m
jumpkids,jumpkids,m
jumppop,jumppop,m
jumpshot,jumpshot,m
jumpshtp,jumpshtp,m
jyangoku,jyangoku,m
k2k3pcbd,k2k3pcbd,n
kabukikl,kabukikl,m
kangaroo,kangaroo,m
karatblz,karatblz,m
karianx,karianx,m
karnovr,karnovr,m
kbash,kbash,m
kf10thep,kf10thep,m
kf2k2mp,kf2k2mp,m
kf2k2mp2,kf2k2mp2,m
kf2k2pla,kf2k2pla,m
kf2k2pls,kf2k2pls,m
kf2k3bl,kf2k3bl,m
kf2k3bla,kf2k3bla,m
kf2k3pcb,kf2k3pcb,m
kf2k3pl,kf2k3pl,m
kf2k3upl,kf2k3upl,m
kf2k5uni,kf2k5uni,m
kikcubic,kikcubic,m
killbld,killbld,m
killbldt,killbldt,m
kingball,kingball,m
kingdmgp,kingdmgp,m
kizuna,kizuna,m
kkgalax,kkgalax,m
knghtsha,knghtsha,n
knights,knights,m
knightsh,knightsh,n
knightsj,knightsj,m
knightsu,knightsu,m
knockout,knockout,m
kod,kod,m
kodh,kodh,n
kodj,kodj,m
kodu,kodu,m
kodure,kodure,m
kof10th,kof10th,m
kof2000,kof2000,m
kof2000n,kof2000n,m
kof2001,kof2001,m
kof2001h,kof2001h,m
kof2002,kof2002,m
kof2002b,kof2002b,m
kof2003,kof2003,m
kof2003h,kof2003h,m
kof2k1nd,kof2k1nd,n
kof2k2nd,kof2k2nd,n
kof2k3nd,kof2k3nd,n
kof2k4se,kof2k4se,m
kof2knd,kof2knd,n
kof94,kof94,m
kof95,kof95,m
kof95h,kof95h,m
kof96,kof96,m
kof96h,kof96h,m
kof97,kof97,m
kof97pls,kof97pls,m
kof98,kof98,m
kof98k,kof98k,m
kof98n,kof98n,m
kof99,kof99,m
kof99a,kof99a,m
kof99e,kof99e,m
kof99n,kof99n,m
kof99nd,kof99nd,n
kof99p,kof99p,m
kog,kog,m
konami88,konami88,m
korosuke,korosuke,m
koshien,koshien,m
kotm,kotm,m
kotm2,kotm2,m
kotmh,kotmh,m
kov,kov,m
kov115,kov115,m
kov2,kov2,m
kov2p,kov2p,m
kov2p205,kov2p205,m
kovj,kovj,m
kovplus,kovplus,m
kovplusa,kovplusa,m
kovsh,kovsh,m
kuniokun,kuniokun,m
kyustrkr,kyustrkr,m
ladybug,ladybug,m
ladybugg,ladybugg,m
lans2004,lans2004,m
lastblad,lastblad,m
lastbladh,lastbladh,m
lastbld2,lastbld2,m
lastduel,lastduel,m
lastsold,lastsold,m
lbowling,lbowling,m
ledstorm,ledstorm,m
legend,legend,m
legendos,legendos,m
legion,legion,m
legiono,legiono,m
levers,levers,m
lghost,lghost,m
lghostu,lghostu,m
liquidk,liquidk,m
liquidku,liquidku,m
livequiz,livequiz,m
lizwiz,lizwiz,m
lkage,lkage,m
lkageb,lkageb,m
lkageb2,lkageb2,m
lkageb3,lkageb3,m
lkageo,lkageo,m
lkageoo,lkageoo,m
loffire,loffire,m
loffirej,loffirej,m
loffireu,loffireu,m
logicpr2,logicpr2,m
logicpro,logicpro,m
losttomb,losttomb,m
lostwrld,lostwrld,m
loverboy,loverboy,m
lresort,lresort,m
ltorb1,ltorb1,n
luctoday,luctoday,m
lvgirl94,lvgirl94,m
lwings,lwings,m
lwings2,lwings2,m
lwingsb,lwingsb,m
madgear,madgear,m
madgearj,madgearj,m
magdrop2,magdrop2,m
magdrop3,magdrop3,m
maglord,maglord,m
maglordh,maglordh,m
mahoudai,mahoudai,m
mahretsu,mahretsu,m
mainevt,mainevt,m
mainevto,mainevto,m
majest12,majest12,m
makaimur,makaimur,m
maketrax,maketrax,m
maketrxb,maketrxb,m
mariner,mariner,m
mars,mars,m
martmast,martmast,m
marukodq,marukodq,m
matrim,matrim,m
matrimbl,matrimbl,m
matrimnd,matrimnd,n
mazinger,mazinger,m
mbomberj,mbomberj,m
mbombrd,mbombrd,m
mbombrdj,mbombrdj,m
mbrush,mbrush,m
mcatadv,mcatadv,m
mcatadvj,mcatadvj,m
mchampdx,mchampdx,m
megab,megab,m
megabj,megabj,m
megadon,megadon,m
megaman,megaman,m
megaman2,megaman2,m
megamn2d,megamn2d,m
meijinsn,meijinsn,m
mercs,mercs,m
mercsj,mercsj,m
mercsu,mercsu,m
mercsua,mercsua,m
metalb,metalb,m
metalbj,metalbj,m
metlsavr,metlsavr,m
metmqstr,metmqstr,m
mgcrystl,mgcrystl,m
mia,mia,m
mia2,mia2,m
miexchng,miexchng,m
mimonkey,mimonkey,m
mimonsco,mimonsco,m
mimonscr,mimonscr,m
minasan,minasan,m
minefld,minefld,m
minivadr,minivadr,m
missmw96,missmw96,m
missw96,missw96,m
mizubaku,mizubaku,m
mj4simai,mj4simai,m
mjleague,mjleague,m
mjnquest,mjnquest,m
mjnquestb,mjnquestb,m
mmancp2u,mmancp2u,m
mmatrix,mmatrix,m
mmatrixd,mmatrixd,m
mmatrixj,mmatrixj,m
mole,mole,m
moonal2,moonal2,m
moonal2b,moonal2b,m
moonaln,moonaln,m
mooncmw,mooncmw,m
mooncrgx,mooncrgx,m
mooncrs2,mooncrs2,m
mooncrs3,mooncrs3,m
mooncrsb,mooncrsb,m
mooncrst,mooncrst,m
moonqsr,moonqsr,m
moonwar,moonwar,m
moonwara,moonwara,m
moremore,moremore,m
moremorp,moremorp,m
mosyougi,mosyougi,m
mpang,mpang,m
mpangj,mpangj,m
mpangr1,mpangr1,m
mpangu,mpangu,m
mrdo,mrdo,m
mrdofix,mrdofix,m
mrdot,mrdot,m
mrdoy,mrdoy,m
mrdu,mrdu,m
mrflea,mrflea,m
mrgoemon,mrgoemon,m
mrkougar,mrkougar,m
mrkougb,mrkougb,m
mrkougb2,mrkougb2,m
mrlo,mrlo,m
mrtnt,mrtnt,m
mrviking,mrviking,m
mrvikingj,mrvikingj,m
ms4plus,ms4plus,m
ms5pcb,ms5pcb,m
ms5pcbnd,ms5pcbnd,n
ms5plus,ms5plus,m
msbingo,msbingo,m
mschamp,mschamp,m
msh,msh,m
msha,msha,m
mshb,mshb,m
mshh,mshh,m
mshj,mshj,m
mshjr1,mshjr1,m
mshu,mshu,m
mshud,mshud,m
mshuttle,mshuttle,m
mshvsf,mshvsf,m
mshvsfa,mshvsfa,m
mshvsfa1,mshvsfa1,m
mshvsfb,mshvsfb,m
mshvsfb1,mshvsfb1,m
mshvsfh,mshvsfh,m
mshvsfj,mshvsfj,m
mshvsfj1,mshvsfj1,m
mshvsfj2,mshvsfj2,m
mshvsfu,mshvsfu,m
mshvsfu1,mshvsfu1,m
mslug,mslug,m
mslug2,mslug2,m
mslug3,mslug3,m
mslug3b6,mslug3b6,m
mslug3h,mslug3h,m
mslug3hd,mslug3hd,n
mslug4,mslug4,m
mslug4nd,mslug4nd,n
mslug5,mslug5,m
mslug5h,mslug5h,m
mslug5nd,mslug5nd,n
mslugx,mslugx,m
mspacmab,mspacmab,m
mspacman,mspacman,m
mspacmat,mspacmat,m
mspacmbe,mspacmbe,m
mspacmnf,mspacmnf,m
mspacpls,mspacpls,m
mspuzzle,mspuzzle,m
mspuzzlen,mspuzzlen,m
mstadium,mstadium,m
msword,msword,m
mswordj,mswordj,m
mswordr1,mswordr1,m
mswordu,mswordu,m
mtwins,mtwins,m
mugsmash,mugsmash,m
multchmp,multchmp,m
mutnat,mutnat,m
mvp,mvp,m
mvpj,mvpj,m
mvsc,mvscr1,m
mvsca,mvsca,m
mvscar1,mvscar1,m
mvscb,mvscb,m
mvsch,mvsch,m
mvscj,mvscj,m
mvscjr1,mvscjr1,m
mvscr1,mvscr1,m
mvscu,mvscu,m
mvscud,mvscud,m
mwalk,mwalk,m
mwalkbl,mwalkbl,m
myangel,myangel,m
myangel2,myangel2,m
myhero,myhero,m
myherok,myherok,m
mystston,mystston,m
nam1975,nam1975,m
ncombat,ncombat,m
ncombath,ncombath,m
ncommand,ncommand,m
nemo,nemo,m
nemoj,nemoj,m
neo2500,neo2500,n
neobombe,neobombe,m
neocup98,neocup98,m
neodemo,neodemo,n
neodrift,neodrift,m
neogeo,neogeo,m
neomrdo,neomrdo,m
neonopon,neonopon,n
neopong,neopong,n
newfant,newfant,m
newpuc2,newpuc2,m
newpuc2b,newpuc2b,m
newpuckx,newpuckx,m
news,news,m
newsa,newsa,m
newsin7,newsin7,m
ngem2k,ngem2k,n
ngfrog,ngfrog,n
nightstr,nightstr,m
ninja,ninja,m
ninjak,ninjak,m
ninjakj,ninjakj,m
ninjaku,ninjaku,m
ninjamas,ninjamas,m
ninjaw,ninjaw,m
ninjawj,ninjawj,m
nitd,nitd,m
nitdbl,nitdbl,m
nitdn,nitdn,n
nmaster,nmaster,m
nmg5,nmg5,m
nmg5e,nmg5e,m
nmouse,nmouse,m
nmouseb,nmouseb,m
nob,nob,m
nobb,nobb,m
nost,nost,m
nostj,nostj,m
nostk,nostk,m
nprinces,nprinces,m
nprincesb,nprincesb,m
nprinceso,nprinceso,m
nprincesu,nprincesu,m
nwarr,nwarr,m
nwarra,nwarra,m
nwarrb,nwarrb,m
nwarrh,nwarrh,m
nwarru,nwarru,m
nwarrud,nwarrud,m
ohmygod,ohmygod,m
olds,olds,m
olds100,olds100,m
olds100a,olds100a,m
omega,omega,m
omni,omni,m
opwolf,opwolf,m
opwolfa,opwolfa,m
opwolfb,opwolfb,m
opwolfj,opwolfj,m
opwolfu,opwolfu,m
orbitron,orbitron,m
orlegend,orlegend,m
outrun,outrun,m
outrunb,outrunb,m
outzone,outzone,m
outzonea,outzonea,m
outzoneb,outzoneb,m
outzonec,outzonec,m
overtop,overtop,m
ozon1,ozon1,m
pacgal,pacgal,m
pacheart,pacheart,m
pacman,pacman,m
pacmanbl,pacmanbl,m
pacmanf,pacmanf,m
pacmod,pacmod,m
pacplus,pacplus,m
paddle2,paddle2,m
pang3,pang3,m
pang3j,pang3j,m
pangpang,pangpang,m
panicbom,panicbom,m
parodius,parodius,m
pass,pass,m
passsht,passsht,m
passshta,passshta,m
passshtj,passshtj,m
pbobbl2n,pbobbl2n,m
pbobblen,pbobblen,m
pclubys,pclubys,m
pclubysa,pclubysa,m
pdrift,pdrift,m
pdrifta,pdrifta,m
pdrifte,pdrifte,m
pdriftj,pdriftj,m
penbros,penbros,m
pfghtj,pfghtj,m
pgear,pgear,m
pgearr1,pgearr1,m
pgemeni,pgemeni,n
pgm,pgm,m
pgmdemo,pgmdemo,n
pgmfrog,pgmfrog,n
pgoal,pgoal,m
phoenix,phoenix,m
photoy2k,photoy2k,m
piranha,piranha,m
piranhah,piranhah,m
piranhao,piranhao,m
pirates,pirates,m
pisces,pisces,m
piscesb,piscesb,m
pitfall2,pitfall2,m
pitfall2a,pitfall2a,m
pitfall2u,pitfall2u,m
pkunwar,pkunwar,m
pkunwarj,pkunwarj,m
plegends,plegends,m
pnickj,pnickj,m
pnyaa,pnyaa,m
pnyaand,pnyaand,n
poknight,poknight,n
ponpoko,ponpoko,m
ponpokov,ponpokov,m
pootan,pootan,m
pooyan,pooyan,m
pooyans,pooyans,m
popbounc,popbounc,m
porter,porter,m
pow,pow,m
powerins,powerins,m
powj,powj,m
ppchamp,ppchamp,m
prehisle,prehisle,m
preisl2n,preisl2n,n
preisle2,preisle2,m
progear,progear,m
progeara,progeara,m
progearj,progearj,m
progerjd,progerjd,m
pspikes2,pspikes2,m
puckman,puckman,m
puckmana,puckmana,m
puckmanf,puckmanf,m
puckmanh,puckmanh,m
puckmod,puckmod,m
pulirula,pulirula,m
pulirulaj,pulirulaj,m
pulstar,pulstar,m
punisher,punisher,m
puzlstar,puzlstar,m
puzzldpr,puzzldpr,m
puzzledp,puzzledp,m
pwheelsj,pwheelsj,m
pwrinst2,pwrinst2,m
pzlbowl,pzlbowl,m
pzloop2,pzloop2,m
pzloop2j,pzloop2j,m
qad,qad,m
qadj,qadj,m
qcrayon,qcrayon,m
qcrayon2,qcrayon2,m
qjinsei,qjinsei,m
qndream,qndream,m
qtono2,qtono2,m
qtorimon,qtorimon,m
quartet,quartet,m
quarth,quarth,m
quizdai2,quizdai2,m
quizdais,quizdais,m
quizhq,quizhq,m
quizkof,quizkof,m
quizo,quizo,m
qzchikyu,qzchikyu,m
qzquest,qzquest,m
rachero,rachero,m
racknrol,racknrol,m
raf102j,raf102j,m
raflesia,raflesia,m
ragnagrd,ragnagrd,m
raiden,raiden,m
raidena,raidena,m
raidenk,raidenk,m
raident,raident,m
raiga,raiga,m
rainbow,rainbow,m
rainbowe,rainbowe,m
rainbowo,rainbowo,m
rastan,rastan,m
rastanu,rastanu,m
rastanu2,rastanu2,m
rastsaga,rastsaga,m
rbff1,rbff1,m
rbff1a,rbff1a,m
rbff2,rbff2,m
rbff2h,rbff2h,m
rbff2k,rbff2k,m
rbffspec,rbffspec,m
rchase,rchase,m
rckman2j,rockman2j,m
redearth,redearth,m
redeartn,redeartn,m
redufo,redufo,m
regulus,regulus,m
reguluso,reguluso,m
regulusu,regulusu,m
renegade,renegade,m
repulse,repulse,m
rescue,rescue,m
revenger,revenger,m
ridhero,ridhero,m
ridheroh,ridheroh,m
ringdest,ringdest,m
ringdstd,ringdstd,m
ringohja,ringohja,m
riot,riot,m
riotcity,riotcity,m
rmancp2j,rmancp2j,m
roboarmy,roboarmy,m
rockclim,rockclim,m
rockduck,rockduck,m
rockmanj,rockmanj,m
rocktrv2,rocktrv2,m
rollerg,rollerg,m
rollergj,rollergj,m
rotd,rotd,m
rotdnd,rotdnd,n
route16,route16,m
route16a,route16a,m
route16b,route16b,m
routex,routex,m
runark,runark,m
rushatck,rushatck,m
rygar,rygar,m
rygar2,rygar2,m
rygar3,rygar3,m
rygarj,rygarj,m
ryukendn,ryukendn,m
ryukyu,ryukyu,m
s1945,s1945,m
s1945a,s1945a,m
s1945j,s1945j,m
s1945jn,s1945jn,m
s1945k,s1945k,m
s1945p,s1945p,m
s1945pn,s1945pn,n
sailormn,sailormn,m
samsh5nd,samsh5nd,n
samsh5sp,samsh5sp,m
samsh5sph,samsh5sph,m
samsh5spn,samsh5spn,m
samsho,samsho,m
samsho2,samsho2,m
samsho3,samsho3,m
samsho3h,samsho3h,m
samsho4,samsho4,m
samsho5,samsho5,m
samsho5b,samsho5b,m
samsho5h,samsho5h,m
samshoh,samshoh,m
samuraia,samuraia,m
saturn,saturn,m
savagere,savagere,m
savgbees,savgbees,m
sboblboa,sboblboa,m
sboblbob,sboblbob,m
sci,sci,m
scia,scia,m
scij,scij,m
scinegro,scin,m
sciu,sciu,m
scobra,scobra,m
scobrab,scobrab,m
scobras,scobras,m
scobrase,scobrase,m
scontra,scontra,m
scontraj,scontraj,m
scorpion,scorpion,m
scramb2,scramb2,m
scramblb,scramblb,m
scramble,scramble,m
scregg,scregg,m
sdfight,sdfight,m
sdi,sdi,m
sdib,sdib,m
sdibl,sdibl,m
sdodgeb,sdodgeb,m
searchar,searchar,m
searchey,searchey,m
searchp2,searchp2,m
sectionz,sectionz,m
seganinj,seganinj,m
seganinju,seganinju,m
semibase,semibase,m
sengokh,sengokh,m
sengoku,sengoku,m
sengoku2,sengoku2,m
sengoku3,sengoku3,m
sf,sf,m
sf2,sf2,m
sf2accp2,sf2accp2,m
sf2ce,sf2ce,m
sf2cej,sf2cej,m
sf2ceua,sf2ceua,m
sf2ceub,sf2ceub,m
sf2ceuc,sf2ceuc,m
sf2eb,sf2eb,m
sf2hf,sf2hf,m
sf2j,sf2j,m
sf2ja,sf2ja,m
sf2jc,sf2jc,m
sf2koryu,sf2koryu,m
sf2m2,sf2m2,m
sf2m3,sf2m3,m
sf2m4,sf2m4,m
sf2m5,sf2m5,m
sf2m6,sf2m6,m
sf2m7,sf2m7,m
sf2m8,sf2m8,n
sf2m9,sf2m9,n
sf2m10,sf2m10,n
sf2m11,sf2m11,n
sf2m12,sf2m12,n
sf2m13,sf2m13,n
sf2rb,sf2rb,m
sf2rb2,sf2rb2,m
sf2rb3,sf2rb3,m
sf2red,sf2red,m
sf2t,sf2t,m
sf2tj,sf2tj,m
sf2tlona,sf2tlona,n
sf2tlonb,sf2tlonb,n
sf2ua,sf2ua,m
sf2ub,sf2ub,m
sf2ud,sf2ud,m
sf2ue,sf2ue,m
sf2uf,sf2uf,m
sf2ui,sf2ui,m
sf2uk,sf2uk,m
sf2v004,sf2v004,m
sf2yyc,sf2yyc,m
sfa,sfa,m
sfa2,sfa2,m
sfa2u,sfa2u,m
sfa3,sfa3,m
sfa3b,sfa3b,m
sfa3u,sfa3u,m
sfa3ud,sfa3ud,m
sfa3ur1,sfa3ur1,m
sfad,sfad,m
sfar1,sfar1,m
sfar2,sfar2,m
sfar3,sfar3,m
sfau,sfau,m
sfiii,sfiii,m
sfiii2,sfiii2,m
sfiii2j,sfiii2j,m
sfiii2n,sfiii2n,m
sfiii3,sfiii3a,m
sfiii3a,sfiii3,m
sfiii3an,sfiii3an,m
sfiii3n,sfiii3n,m
sfiiij,sfiiij,m
sfiiin,sfiiin,m
sfp,sfp,m
sfus,sfus,m
sfx,sfx,m
sfz2a,sfz2a,m
sfz2ad,sfz2ad,m
sfz2al,sfz2al,m
sfz2alb,sfz2alb,m
sfz2ald,sfz2ald,m
sfz2alh,sfz2alh,m
sfz2alj,sfz2alj,m
sfz2b,sfz2b,m
sfz2br1,sfz2br1,m
sfz2h,sfz2h,m
sfz2j,sfz2j,m
sfz2n,sfz2n,m
sfz3a,sfz3a,m
sfz3ar1,sfz3ar1,m
sfz3j,sfz3j,m
sfz3jr1,sfz3jr1,m
sfz3jr2,sfz3jr2,m
sfza,sfza,m
sfzb,sfzb,m
sfzbr1,sfzbr1,m
sfzch,sfzch,n
sfzh,sfzh,m
sfzj,sfzj,m
sfzjr1,sfzjr1,m
sfzjr2,sfzjr2,m
sgemf,sgemf,m
sgemfa,sgemfa,m
sgemfd,sgemfd,m
sgemfh,sgemfh,m
shadfrce,shadfrce,m
shadoww,shadoww,m
shadowwa,shadowwa,m
shangon,shangon,m
shangon2,shangon2,m
shangon3,shangon3,m
sharrier,sharrier,m
shdancer,shdancer,m
shinobi,shinobi,m
shinobi1,shinobi1,m
shinobi2,shinobi2,m
shinobi3,shinobi3,m
shinobi4,shinobi4,m
shinobi5,shinobi5,m
shinobls,shinobls,m
shippumd,shippumd,m
shocktr2,shocktr2,m
shocktra,shocktra,m
shocktro,shocktro,m
shootbul,shootbul,m
silkroad,silkroad,m
silkworm,silkworm,m
simpsons,simpsons,m
sinvasn,sinvasn,m
sinvasnb,sinvasnb,m
sjryuko,sjryuko,m
sjryuko1,sjryuko1,m
skybase,skybase,m
skyfox,skyfox,m
skylancr,skylancr,m
skyraidr,skyraidr,m
skywolf,skywolf,m
skywolf2,skywolf2,m
slammast,slammast,m
slapbtjp,slapbtjp,m
slapbtuk,slapbtuk,m
slapfgtr,slapfgtr,m
slapfigh,slapfigh,m
smbomb,smbomb,m
smbombr1,smbombr1,m
smgp,smgp,m
smgp5,smgp5,m
smgp6,smgp6,m
smgpj,smgpj,m
smgpja,smgpja,m
smgpu,smgpu,m
smgpu1,smgpu1,m
smgpu2,smgpu2,m
smgpu3,smgpu3,m
smooncrs,smooncrs,m
sngkace,sngkace,m
sngoku3n,sngoku3n,n
snowbro2,snowbro2,m
snowbros,snowbros,m
socbrawl,socbrawl,m
socbrawla,socbrawla,m
solfigtr,solfigtr,m
solomon,solomon,m
solomonj,solomonj,m
sonicbom,sonicbom,m
sonicwi,sonicwi,m
sonicwi2,sonicwi2,m
sonicwi3,sonicwi3,m
sonofphx,sonofphx,m
sonson,sonson,m
sonsonj,sonsonj,m
spacbat2,spacbat2,m
spacbatt,spacbatt,m
spacecho,spacecho,m
spacegun,spacegun,m
spatter,spatter,m
spcdrag,spcdrag,m
spcdraga,spcdraga,m
spctbird,spctbird,m
spdcoin,spdcoin,m
speakres,speakres,m
spf2t,spf2t,m
spf2ta,spf2ta,m
spf2xj,spf2xj,m
spf2xjd,spf2xjd,m
spinlbrk,spinlbrk,m
spinmast,spinmast,m
sprglbpg,sprglbpg,m
sprglobp,sprglobp,m
spy,spy,m
spyu,spyu,m
srdmissn,srdmissn,m
ss5shnd,ss5shnd,n
ssanchan,ssanchan,m
sscandal,sscandal,m
ssf2,ssf2,m
ssf2a,ssf2a,m
ssf2ar1,ssf2ar1,m
ssf2j,ssf2j,m
ssf2jr1,ssf2jr1,m
ssf2jr2,ssf2jr2,m
ssf2t,ssf2t,m
ssf2ta,ssf2ta,m
ssf2tb,ssf2tb,m
ssf2tbd,ssf2tbd,m
ssf2tbj,ssf2tbj,m
ssf2tbr1,ssf2tbr1,m
ssf2tu,ssf2tu,m
ssf2tur1,ssf2tur1,m
ssf2u,ssf2u,m
ssf2ud,ssf2ud,m
ssf2xj,ssf2xj,m
ssf2xjd,ssf2xjd,m
ssi,ssi,m
ssideki,ssideki,m
ssideki2,ssideki2,m
ssideki3,ssideki3,m
ssideki4,ssideki4,m
sstriker,sstriker,m
stakwin,stakwin,m
stakwin2,stakwin2,m
starfght,starfght,m
starjack,starjack,m
starjacks,starjacks,m
stratgys,stratgys,m
stratgyx,stratgyx,m
stratof,stratof,m
stratvox,stratvox,m
streakng,streakng,m
streetsm,streetsm,m
strfbomb,strfbomb,m
strhoop,strhoop,m
strider,strider,m
striv,striv,m
strkfgtr,strkfgtr,m
sucasino,sucasino,m
sunaq,sunaq,m
superbon,superbon,m
superg,superg,m
superman,superman,m
supermanj,supermanj,m
superspy,superspy,m
supmodel,supmodel,m
suprglob,suprglob,m
suprheli,suprheli,m
suprleag,suprleag,m
suprtrio,suprtrio,m
suratk,suratk,m
suratka,suratka,m
suratkj,suratkj,m
svc,svc,m
svcboot,svcboot,m
svcnd,svcnd,n
svcpcb,svcpcb,m
svcpcba,svcpcba,m
svcpcbnd,svcpcbnd,n
svcplus,svcplus,m
svcplusa,svcplusa,m
svcsplus,svcsplus,m
swarm,swarm,m
swat,swat,m
swatpolc,swatpolc,m
syscheck,syscheck,n
tangtang,tangtang,m
taotaido,taotaido,m
tazmani2,tazmani2,m
tazmania,tazmania,m
tazzmang,tazzmang,m
teddybb,teddybb,m
teddybbo,teddybbo,m
tekipaki,tekipaki,m
tengai,tengaij,m
tengaij,tengaij,m
terraf,terraf,m
terrafa,terrafa,m
terrafu,terrafu,m
tetris,tetris,m
tetris1,tetris1,m
tetris2,tetris2,m
tetris3,tetris3,m
tetrisbl,tetrisbl,m
theend,theend,m
theends,theends,m
theglob,theglob,m
theglob2,theglob2,m
theglob3,theglob3,m
theglobp,theglobp,m
theroes,theroes,m
thetogyu,thetogyu,m
thndrbld,thndrbld,m
thunderx,thunderx,m
tigerh,tigerh,m
tigerhb1,tigerhb1,m
tigerhb2,tigerhb2,m
tigerhb3,tigerhb3,m
tigeroad,tigeroad,m
timescan,timescan,m
tknight,tknight,m
tmht,tmht,m
tmht2p,tmht2p,m
tmht2pa,tmht2pa,m
tmnt,tmnt,m
tmnt2pj,tmnt2pj,m
tmnt2po,tmnt2po,m
tmntj,tmntj,m
tmntu,tmntu,m
tmntua,tmntua,m
tnzs,tnzs,m
tnzsj,tnzsj,m
tophuntr,tophuntr,m
toppyrap,toppyrap,m
topsecrt,topsecrt,m
toramich,toramich,m
toryumon,toryumon,m
toutrun,toutrun,m
toutrun2,toutrun2,m
toutrunu,toutrunu,m
tpgolf,tpgolf,m
trally,trally,m
treahunt,treahunt,m
triplep,triplep,m
tripool,tripool,m
tripoola,tripoola,m
trojan,trojan,m
trojanj,trojanj,m
trojanr,trojanr,m
truxton,truxton,m
truxton2,truxton2,m
tst_galx,tst_galx,m
ttmahjng,ttmahjng,m
tturf,tturf,m
tturfu,tturfu,m
tumbleb,tumbleb,m
tumbleb2,tumbleb2,m
tumblep,tumblep,m
turbofrc,turbofrc,m
turfmast,turfmast,m
turpin,turpin,m
turpins,turpins,m
turtles,turtles,m
twinadv,twinadv,m
twinadvk,twinadvk,m
twinhawk,twinhawk,m
twinhawku,twinhawku,m
twinkle,twinkle,m
twinspri,twinspri,m
tws96,tws96,m
typhoon,typhoon,m
uballoon,uballoon,m
uecology,uecology,m
ultraman,ultraman,m
uniwars,uniwars,m
unsquad,unsquad,m
uopoko,uopoko,m
uopokoj,uopokoj,m
upndown,upndown,m
upndownu,upndownu,m
vampj,vampj,m
vampja,vampja,m
vampjr1,vampjr1,m
vanvan,vanvan,m
vanvanb,vanvanb,m
vanvank,vanvank,m
varth,varth,m
varthj,varthj,m
varthr1,varthr1,m
varthu,varthu,m
venus,venus,m
vfive,vfive,m
vhunt2,vhunt2,m
vhunt2r1,vhunt2r1,m
vhuntj,vhuntj,m
vhuntjr1,vhuntjr1,m
vhuntjr2,vhuntjr2,m
viewpoin,viewpoin,m
vigilant,vigilant,m
vliner,vliner,m
vlinero,vlinero,m
vpool,vpool,m
vsav,vsav,m
vsav2,vsav2,m
vsava,vsava,m
vsavd,vsavd,m
vsavh,vsavh,m
vsavj,vsavj,m
vsavu,vsavu,m
vulgus,vulgus,m
vulgus2,vulgus2,m
vulgusj,vulgusj,m
wakuwak7,wakuwak7,m
wallc,wallc,m
wallca,wallca,m
warofbug,warofbug,m
warzard,warzard,m
wb3,wb3,m
wb31,wb31,m
wb32,wb32,m
wb33,wb33,m
wb34,wb34,m
wbdeluxe,wbdeluxe,m
wboy,wboy,m
wboy2,wboy2,m
wboy2u,wboy2u,m
wboy3,wboy3,m
wboy4,wboy4,m
wboyo,wboyo,m
wboyu,wboyu,m
wc90,wc90,m
wc90a,wc90a,m
wc90b,wc90b,m
wc90t,wc90t,m
wh1,wh1,m
wh1h,wh1h,m
wh1ha,wh1ha,m
wh2,wh2,m
wh2j,wh2j,m
wh2jh,wh2jh,m
whp,whp,m
wildfang,wildfang,m
willow,willow,m
willowj,willowj,m
willowje,willowje,m
wintbob,wintbob,m
wjammers,wjammers,m
wlstar,wlstar,m
wmatch,wmatch,m
wof,wof,m
wof3js,wof3js,n
wofa,wofa,m
wofah,wofah,n
wofch,wofch,n
wofhfh,wofhfh,m
wofj,wofj,m
wofjh,wofjh,n
wofu,wofu,m
wonder3,wonder3,m
wondl96,wondl96,m
wondstck,wondstck,m
wrestwar,wrestwar,m
wwallyj,wwallyj,m
wwallyja,wwallyja,m
wwfwfest,wwfwfest,m
xmcota,xmcota,m
xmcotaa,xmcotaa,m
xmcotad,xmcotad,m
xmcotah,xmcotah,m
xmcotaj,xmcotaj,m
xmcotaj1,xmcotaj1,m
xmcotaj2,xmcotaj2,m
xmcotajr,xmcotajr,m
xmcotau,xmcotau,m
xmen,xmen,m
xmen2pj,xmen2pj,m
xmen6p,xmen6p,m
xmen6pu,xmen6pu,m
xmenj,xmenj,m
xmvsf,xmvsf,m
xmvsfa,xmvsfa,m
xmvsfar1,xmvsfar1,m
xmvsfb,xmvsfb,m
xmvsfh,xmvsfh,m
xmvsfj,xmvsfj,m
xmvsfjr1,xmvsfjr1,m
xmvsfjr2,xmvsfjr2,m
xmvsfr1,xmvsfr1,m
xmvsfu,xmvsfu,m
xmvsfu1d,xmvsfu1d,m
xmvsfur1,xmvsfur1,m
yankeedo,yankeedo,m
yesnoj,yesnoj,m
yuyugogo,yuyugogo,m
zedblade,zedblade,m
zeropnt,zeropnt,m
zeropnt2,zeropnt2,m
zeropnta,zeropnta,m
zerotime,zerotime,m
zerowing,zerowing,m
zerozone,zerozone,m
zigzag,zigzag,m
zigzag2,zigzag2,m
zintrckb,zintrckb,m
zintrkcd,zintrkcd,n
zupapa,zupapa,m
zupapan,zupapan,n
zzyzzyxx,zzyzzyxx,m
