1941j,1941j,m
1941,1941,m
1944j,1944j,m
1944,1944,m
19xxh,19xxh,m
19xxjr1,19xxjr1,m
19xxj,19xxj,m
19xx,19xx,m
19xxa,19xxa,m
2020bb,2020bb,m
2020bbh,2020bbh,m
3countb,3countb,m
sonicwi2,sonicwi2,m
sonicwi3,sonicwi3,m
aodk,aodk,m
agallet,agallet,m
avspa,avspa,m
avsp,avsp,m
avspj,avspj,m
avspu,avspu,m
alpham2,alpham2,m
androdun,androdun,m
area88,area88,m
armwara,armwara,m
armwarr1,armwarr1,m
armwaru,armwaru,m
aof2,aof2,m
aof3,aof3,m
aof,aof,m
bakatono,bakatono,m
bangbead,bangbead,m
bangbedp,bangbead,m
bstars2,bstars2,m
bstars,bstars,m
batrider,batrider,m
batridrk,batridrk,m
batridra,batridra,m
batugnsp,batugnsp,m
batsugun,batsugun,m
bbkradu,bbakradu,m
bbakraid,bbakraid,m
batcira,batcira,m
batcir,batcir,m
batcirj,batcirj,m
flipshot,flipshot,m
battlega,battlega,m
battlegb,battlegb,m
battleg,battleg,m
blazstar,blazstar,m
bjourney,bjourney,m
breakers,breakers,m
breakrev,breakrev,m
burningf,burningf,m
burningh,burningh,m
dinoj,dinoj,m
dinou,dinou,m
dino,dino,m
cscluba,cscluba,m
csclub,csclub,m
csclubh,csclubh,m
csclubj,csclubj,m
cworld2j,cworld2j,m
captcomj,captcomj,m
captcomu,captcomu,m
captcomm,captcomm,m
ctomaday,ctomaday,m
cawingu,cawingu,m
cawing,cawing,m
marukodq,marukodq,m
chikij,chikij,m
crsword,crsword,m
cyberlip,cyberlip,m
cybotsj,cybotsj,m
cybotsu,cybotsu,m
daimakai,daimakai,m
dfeveron,dfeveron,m
dstlka,dstlka,m
dstlk,dstlk,m
dstlkur1,dstlkur1,m
dstlku,dstlku,m
dimahoo,dimahoo,m
ddonpchj,ddonpchj,m
ddonpach,ddonpach,m
dogyuun,dogyuun,m
donpachj,donpacjp,m
donpachi,donpachi,m
donpachk,donpackr,m
doubledr,doubledr,m
ddsoma,ddsoma,m
ddsomr1,ddsomr2,m
ddsom,ddsom,m
ddsomjr1,ddsomjr1,m
ddsomj,ddsomj,m
ddsomur1,ddsomur1,m
ddsomu,ddsomu,m
ddtoda,ddtoda,m
ddtod,ddtod,m
ddtodh,ddtodh,m
ddtodjr1,ddtodjr1,m
ddtodur1,ddtodur1,m
ddtodu,ddtodu,m
espradeo,espradeo,m
espradej,espradej,m
esprade,esprade,m
ecofghtr,ecofghtr,m
eightman,eightman,m
fatfury2,fatfury2,m
fatfury3,fatfury3,m
fatfursp,fatfursp,m
fatfury1,fatfury1,m
fightfev,fightfev,m
ffightj1,ffightj1,m
ffightj,ffightj,m
ffightu,ffightu,m
ffight,ffight,m
fstarfrc,fstarfrc,m
fbfrenzy,fbfrenzy,m
forgottn,forgottn,m
gaia,gaia,m
galaxyfg,galaxyfg,m
ganryu,ganryu,m
garou,garou,m
garouo,garouo,m
garoup,garoup,m
gensitou,gensitou,m
getstar,getstar,m
gpilots,gpilots,m
ghoulsu,ghoulsu,m
ghouls,ghouls,m
gwingj,gwingj,m
gigawing,gigawing,m
goalx3,goalx3,m
gmahou,gmahou,m
grindsta,grindsta,m
grindstm,grindstm,m
getstarb,getstarb,m
gururin,gururin,m
guwange,guwange,m
hyperpac,hyperpac,m
hyperpcb,hyperpcb,m
janshin,janshin,m
kabukikl,kabukikl,m
karnovr,karnovr,m
kotm,kotm,m
kotm2,kotm2,m
kotmh,kotmh,m
kizuna,kizuna,m
knightsj,knightsj,m
knightsu,knightsu,m
knights,knights,m
knightsh,knightsh,n
kbash,kbash,m
lresort,lresort,m
lbowling,lbowling,m
legendos,legendos,m
lostwrld,lostwrld,m
mswordj,mswordj,m
mswordu,mswordu,m
mswordr1,mswordr1,m
msword,msword,m
magdrop2,magdrop2,m
magdrop3,magdrop3,m
maglord,maglord,m
maglordh,maglordh,m
mahretsu,mahretsu,m
mahoudai,mahoudai,m
mmatrixj,mmatrixj,m
mmatrix,mmatrix,m
msha,msha,m
mshb,mshb,m
mshh,mshh,m
mshjr1,mshjr1,m
mshu,mshu,m
mshvsfa1,mshvsfa1,m
mshvsfa,mshvsfa,m
mshvsfb,mshvsfb,m
mshvsfh,mshvsfh,m
mshvsfj2,mshvsfj2,m
mshvsfj1,mshvsfj1,m
mshvsfj,mshvsfj,m
mshvsfu1,mshvsfu1,m
mshvsf,mshvsfu,m
mvscar1,mvscar1,m
mvsch,mvsch,m
mvscjr1,mvscjr1,m
mvscj,mvscj,m
mvsc,mvscu,m
megamn2a,megamn2a,m
megaman2,megaman2,m
megaman,megaman,m
mtwins,mtwins,m
mercsu,mercsu,m
mercsua,mercsua,m
mercs,mercs,m
mslug2,mslug2,m
mslug3,mslug3,m
mslug3n,mslug3n,m
mslugx,mslugx,m
mslug,mslug,m
mpangj,mpangj,m
minasan,minasan,m
miexchng,miexchng,m
mbomberj,mbomberj,m
mbombrdj,mbombrdj,m
mbombrd,mbombrd,m
mutnat,mutnat,m
nam1975,nam1975,m
nemoj,nemoj,m
nemo,nemo,m
neobombe,neobombe,m
neodrift,neodrift,m
neomrdo,neomrdo,m
turfmast,turfmast,m
neocup98,neocup98,m
news,news,m
nwarrb,nwarrb,m
nwarrh,nwarrh,m
nwarr,nwarr,m
nitd,nitd,m
ncombat,ncombat,m
ncommand,ncommand,m
ninjamas,ninjamas,m
ohmygod,ohmygod,m
ragnagrd,ragnagrd,m
opwolf,opwolfu,m
outzone,outzoneb,m
outzonea,outzonea,m
overtop,overtop,m
pang3,pang3,m
pang3j,pang3j,m
panicbom,panicbom,m
pgoal,pgoal,m
pnickj,pnickj,m
pfghtj,pfghtj,m
popbounc,popbounc,m
pspikes2,pspikes2,m
pgearr1,pgearr1,m
pgear,pgear,m
preisle2,preisle2,m
prehislu,prehislu,m
prehisle,prehisle,m
sailormo,sailormo,m
sailormn,sailormn,m
pulstar,pulstar,m
pbobbl2n,pbobbl2n,m
pbobblna,pbobblna,m
pbobblen,pbobblen,m
puzzledp,puzzledp,m
puzzldpr,puzzldpr,m
joyjoy,joyjoy,m
qadj,qadj,m
qad,qad,m
quizdais,quizdais,m
quizkof,quizkof,m
quizdai2,quizdai2,m
qndream,qndream,m
qtono2,qtono2,m
rainbowe,rainbowe,m
rainbow,rainbow,m
rainbowo,rainbowo,m
rastan,rastan,m
rastanu,rastanu,m
rastanu2,rastanu2,m
rastsaga,rastsaga,m
rbff2a,rbff2a,m
rbff2,rbff2,m
rbffspec,rbffspec,m
rbff1,rbff1,m
ridhero,ridhero,m
ridheroh,ridheroh,m
ringdest,ringdest,m
roboarmy,roboarmy,m
rckman2j,rckman2j,m
rockmanj,rockmanj,m
samsho2,samsho2,m
samsho3,samsho3,m
samsho4,samsho4,m
samsho,samsho,m
wofa,wofa,m
slammasu,slammasu,m
slammast,slammast,m
savagere,savagere,m
sengoku2,sengoku2,m
sengokh,sengokh,m
sengoku,sengoku,m
mercsj,mercsj,m
shippumd,shippumd,m
shocktro,shocktro,m
shocktra,shocktra,m
shocktr2,shocktr2,m
slapbtjp,slapbtjp,m
slapfigh,slapfigh,m
snowbros,snowbros,m
snowbroa,snowbroa,m
snowbrob,snowbrob,m
snowbroj,snowbroj,m
snowbro2,snowbro2,m
socbrawl,socbrawl,m
solomon,solomonj,m
spinmast,spinmast,m
stakwin2,stakwin2,m
stakwin,stakwin,m
sfa2,sfa2,m
sfa3r1,sfa3r1,m
sfa3,sfa3,m
sfar3,sfar3,m
sfar1,sfar1,m
sfa,sfa,m
sfau,sfau,m
sf2accp2,sf2accp2,m
sf2m4,sf2m4,m
sf2m5,sf2m5,m
sf2m6,sf2m6,m
sf2m7,sf2m7,m
sf2rb,sf2rb,m
sf2rb2,sf2rb2,m
sf2red,sf2red,m
sf2v004,sf2v004,m
sf2yyc,sf2yyc,m
sf2koryu,sf2koryu,m
sf2cej,sf2cej,m
sf2ceua,sf2ceua,m
sf2ceub,sf2ceub,m
sf2ceuc,sf2ceuc,m
sf2ce,sf2ce,m
sf2t,sf2t,m
sf2ja,sf2ja,m
sf2jc,sf2jc,m
sf2j,sf2j,m
sf2ua,sf2ua,m
sf2ub,sf2ub,m
sf2ue,sf2ue,m
sf2ud,sf2ud,m
sf2uf,sf2uf,m
sf2ui,sf2ui,m
sf2eb,sf2eb,m
sf2,sf2,m
sf2tj,sf2tj,m
sfzb,sfzb,m
sfzch,sfzch,n
sfzh,sfzh,m
sfzjr2,sfzjr2,m
sfzjr1,sfzjr1,m
sfzj,sfzj,m
sfz2a,sfz2a,m
sfz2br1,sfz2br1,m
sfz2b,sfz2b,m
sfz2j,sfz2j,m
sfz2aa,sfz2aa,m
sfz2ab,sfz2ab,m
sfz2ah,sfz2ah,m
sfz2aj,sfz2aj,m
sfz3a,sfz3ar1,m
sfz3jr2,sfz3jr2,m
sfz3jr1,sfz3jr1,m
strhoop,strhoop,m
strider,strider,m
stridrua,stridrua,m
striderj,striderj,m
stridrja,stridrja,m
s1945p,s1945p,m
sdodgeb,sdodgeb,m
sgemfa,sgemfa,m
sgemfh,sgemfh,m
sgemf,sgemf,m
smbombr1,smbombr1,m
smbomb,smbomb,m
spf2t,spf2t,m
spf2xj,spf2xj,m
ssideki2,ssideki2,m
ssideki3,ssideki3,m
ssideki,ssideki,m
ssf2ta,ssf2ta,m
ssf2tur1,ssf2tur1,m
ssf2tu,ssf2tu,m
ssf2t,ssf2t,m
ssf2xj,ssf2xj,m
ssf2ar1,ssf2ar1,m
ssf2a,ssf2a,m
ssf2jr2,ssf2jr2,m
ssf2jr1,ssf2jr1,m
ssf2j,ssf2j,m
ssf2u,ssf2u,m
ssf2,ssf2,m
ssf2tbj,ssf2tbj,m
ssf2tb,ssf2tb,m
superman,superman,m
mosyougi,mosyougi,m
tws96,tws96,m
tekipaki,tekipaki,m
dynwarj,dynwarj,m
wofj,wofj,m
irrmaze,irrmaze,m
kodj,kodj,m
kodu,kodu,m
kod,kod,m
kof94,kof94,m
kof95,kof95,m
kof95a,kof95a,m
kof96,kof96,m
kof96h,kof96h,m
kof97,kof97,m
kof97a,kof97a,m
kof98,kof98,m
kof98n,kof98n,m
kof99,kof99,m
kof99a,kof99a,m
kof99e,kof99e,m
kof99n,kof99n,m
kof99p,kof99p,m
kof2000,kof2000,m
kof2000n,kof2000n,m
lastbld2,lastbld2,m
lastblda,lastblda,m
lastblad,lastblad,m
punishrj,punishrj,m
punishru,punishru,m
punisher,punisher,m
superspy,superspy,m
ssideki4,ssideki4,m
trally,trally,m
3wonderu,3wonderu,m
3wonders,3wonders,m
tigerhb1,tigerhb1,m
tigerh,tigerh,m
tophuntr,tophuntr,m
tpgolf,tpgolf,m
truxton2,truxton2,m
twinhwku,twinhwku,m
twinhawk,twinhawk,m
twinspri,twinspri,m
unsquad,unsquad,m
cawingj,cawingj,m
uecology,uecology,m
uopoko,uopokoj,m
vfive,vfive,m
vhunt2r1,vhunt2r1,m
vhunt2,vhunt2,m
vhuntjr2,vhuntjr2,m
vhuntj,vhuntj,m
vsav2,vsav2,m
vsava,vsava,m
vsav,vsav,m
vsavh,vsavh,m
vsavj,vsavj,m
vsavu,vsavu,m
vampjr1,vampjr1,m
vampja,vampja,m
vampj,vampj,m
varthj,varthj,m
varthu,varthu,m
varth,varthr1,m
viewpoin,viewpoin,m
gowcaizr,gowcaizr,m
wakuwak7,wakuwak7,m
wofu,wofu,m
wof,wof,m
willowje,willowje,m
willowj,willowj,m
willow,willow,m
wjammers,wjammers,m
wonder3,wonder3,m
wc90,wc90,m
wc90a,wc90a,m
wc90t,wc90t,m
wh1,wh1,m
wh2,wh2,m
wh2j,wh2j,m
whp,whp,m
wh1h,wh1h,m
xmvsfa,xmvsfa,m
xmvsfb,xmvsfb,m
xmvsf,xmvsfr1,m
xmvsfh,xmvsfh,m
xmvsfjr2,xmvsfjr2,m
xmvsfjr1,xmvsfjr1,m
xmvsfj,xmvsfj,m
xmvsfur1,xmvsfur1,m
xmcotaa,xmcotaa,m
xmcota,xmcota,m
xmcotah,xmcotah,m
xmcotajr,xmcotajr,m
xmcotaj1,xmcotaj1,m
xmcotaj,xmcotaj,m
xmcotau,xmcotau,m
zedblade,zedblade,m
kingdmgp,kingdmgp,m
msh,msh,m
sstriker,sstriker,m
xmvsfu,xmvsfu,m
2020bba,2020bba,m
aof2a,aof2a,m
armwar,armwar,m
battlegc,battlegc,m
bombjac2,bombjac2,m
bombjack,bombjack,m
btlkroad,btlkroad,m
cthd2003,cthd2003,m
cybots,cybots,m
ddtodj,ddtodj,m
dynwar,dynwar,m
fatfursa,fatfursa,m
feversos,feversos,m
fightfva,fightfva,m
ghostlop,ghostlop,m
gunbird,gunbird,m
gunbirdj,gunbirdj,m
gunbirdk,gunbirdk,m
kof2001,kof2001,m
kof2001h,kof2001h,m
kof2002,kof2002,m
kof97pls,kof97pls,m
kof98k,kof98k,m
matrim,matrim,m
mshj,mshj,m
mslug4,mslug4,m
ncombata,ncombata,m
progear,progear,m
progeara,progeara,m
progearj,progearj,m
roboarma,roboarma,m
rotd,rotd,m
s1945,s1945,m
s1945j,s1945j,m
s1945jn,s1945jn,m
samsho3a,samsho3a,m
samuraia,samuraia,m
sengoku3,sengoku3,m
sfz3j,sfz3j,m
sngkace,sngkace,m
sstrikra,sstrikra,m
tengai,tengai,m
tophunta,tophunta,m
zupapa,zupapa,m
sfar2,sfar2,m
