alieninv,alieninv,m
cosmicmo,cosmicmo,m
earthinv,searthin,m
galxwart,galxwart,m
invaddlx,invaddlx,m
invaders,invaders,m
invadpt2,invadpt2,m
lrescue,lrescue,m
lupin3,lupin3a,m
ozmawar2,ozmawar2,m
ozmawars,ozmawars,m
polaris,polaris,m
schaser,schaser,m
sinvemag,sinvemag,m
sinvzen,sinvzen,m
spaceat2,spaceat2,m
spaceatt,spaceatt,m
spclaser,spclaser,m
starw,starw,m
superinv,superinv,m
laser,laser,m
yosakdon,yosakdon,m
280zzzap,280zzzap,m
ballbomb,ballbomb,m
bandido,bandido,m
beaminv,beaminv,m
blueshrk,blueshrk,m
boothill,boothill,m
bowler,bowler,m
checkmat,checkmat,m
clowns,clowns,m
clowns1,clowns1,m
desertgu,desertgu,m
desterth,desterth,m
dogpatch,dogpatch,m
dplay,dplay,m
einnings,einning,m
galxwar2,galxwar2,m
galxwars,galxwars,m
gmissile,gmissile,m
grescue,grescue,m
gunfight,gunfight,m
helifira,helifira,m
helifire,helifire,m
hockeytv,hockeytv,n
invad2ct,invad2ct,m
invader1,invaderl,m
jspecter,jspecter,m
jspectr2,jspectr2,m
lagunar,lagunar,m
m4,m4,m
maze,maze,m
moonbase,moonbase,m
phantom2,phantom2,m
polarisa,polarisa,m
pong,pong,n
pongdbls,pongdbls,n
rollingc,rollingc,m
schasrcv,schasrcv,m
seawolf,seawolf,m
sfeverbw,highsplt,m
sheriff,sheriff,m
shuffle,shuffle,m
sicv,sicv,m
sisv,sisv,m
sisv2,sisv2,m
sitv,sitv,m
solfight,solfight,m
spacefev,spacefev,m
spaceph,spaceph,m
spceking,spceking,m
spcenctr,spcenctr,m
spcewar1,spcewarl,m
spcewars,spcewars,m
spcewr3,spacewr3,m
sstrangr,sstrangr,m
sstrngr2,sstrngr2,m
tornbase,tornbase,m
ace,ace,m
