19xx,19xx,m
avsp,avsp,m
avspu,avspu,m
cybotsj,cybotsj,m
ddtodu,ddtodu,m
ddtodur1,ddtodur1,m
vampj,vampj,m
mshu,mshu,m
qndream,qndream,m
sfau,sfau,m
sfzj,sfzj,m
sfzjr1,sfzjr1,m
ringdest,ringdest,m
ssf2u,ssf2u,m
ssf2j,ssf2j,m
ssf2jr1,ssf2jr1,m
ssf2jr2,ssf2jr2,m
ssf2t,ssf2t,m
ssf2ta,ssf2ta,m
ssf2tur1,ssf2tur1,m
xmcotau,xmcotau,m
xmcotaj,xmcotaj1,m
xmvsfur1,xmvsfur1,m
avspj,avspj,m
ddsomjr1,ddsomjr1,m
sfzjr2,sfzjr2,m
vampja,vampja,m
xmcotaj1,xmcotaj2,m
ddsomu,ddsomu,m
ddsomur1,ddsomur1,m
19xxh,19xxh,m
mshh,mshh,m
ddtodjr1,ddtodjr2,m
pgear,pgear,m
pgearr1,pgearr1,m
spf2xj,spf2xj,m
ssf2xj,ssf2xj,m
sfz3jr2,sfz3jr2,m
xmcotajr,xmcotajr,m
sfz2j,sfz2j,m
armwaru,armwaru,m
captcomm,captcomm,m
dino,dino,m
ffight,ffight,m
ghouls,ghouls,m
knights,knights,m
kod,kod,m
punisher,punisher,m
sf2ce,sf2ce,m
slammast,slammast,m
strider,strider,m
unsquad,unsquad,m
wof,wof,m
sfz2aj,sfz2alj,m
csclubj,csclubj,m
cscluba,cscluba,m
ssf2tb,ssf2tb,m
1941,1941,m
1941j,1941j,m
3wonders,3wonders,m
wonder3,wonder3,m
captcomj,captcommj,m
captcomu,captcommu,m
cawing,cawing,m
cawingj,cawingj,m
dinoj,dinoj,m
ffightj,ffightj,m
ffightu,ffightua,m
forgottn,forgottnu,m
lostwrld,lostwrld,m
daimakai,daimakai,m
ghoulsu,ghoulsu,m
knightsj,knightsj,m
knightsu,knightsu,m
kodb,kodb,m
kodj,kodj,m
kodu,kodu,m
megaman,megaman,m
rockmanj,rockmanj,m
mercs,mercs,m
mercsj,mercsj,m
mercsu,mercsu,m
msword,msword,m
mswordj,mswordj,m
mswordu,mswordu,m
mtwins,mtwins,m
chikij,chikij,m
nemo,nemo,m
nemoj,nemoj,m
pang3,pang3,m
punishrj,punisherj,m
punishru,punisheru,m
sf2accp2,sf2accp2,m
sf2cej,sf2cej,m
sf2ceua,sf2ceua,m
sf2ceub,sf2ceub,m
sf2rb,sf2rb,m
sf2rb2,sf2rb2,m
sf2red,sf2red,m
sf2t,sf2t,m
sf2tj,sf2tj,m
sf2v004,sf2v004,m
mbomberj,mbomberj,m
mbombrd,mbombrd,m
mbombrdj,mbombrdj,m
slammasu,slammastu,m
striderj,striderjr,m
stridrja,striderj,m
area88,area88,m
varth,varthr1,m
varthj,varthj,m
varthu,varthu,m
willowje,willowje,m
willowj,willowj,m
wofa,wofa,m
wofj,wofj,m
wofu,wofu,m
3wonderu,3wondersu,m
mshjr1,mshjr1,m
sf2eb,sf2eb,m
sf2j,sf2j,m
sf2ja,sf2ja,m
sf2jc,sf2jc,m
sf2ua,sf2ua,m
sf2ub,sf2ub,m
sf2ue,sf2ue,m
sf2ui,sf2ui,m
smbomb,smbomb,m
smbombr1,smbombr1,m
batcirj,batcirj,m
batcir,batcir,m
ecofghtr,ecofghtr,m
sfa3,sfa3u,m
sfa3r1,sfa3ur1,m
sfz3jr1,sfz3jr1,m
vampjr1,vampjr1,m
2020bb,2020bb,m
2020bbh,2020bbh,m
3countb,3countb,m
alpham2,alpham2,m
androdun,androdun,m
aodk,aodk,m
aof,aof,m
aof2,aof2,m
aof3,aof3,m
bakatono,bakatono,m
bjourney,bjourney,m
blazstar,blazstar,m
breakers,breakers,m
breakrev,breakrev,m
bstars,bstars,m
bstars2,bstars2,m
burningf,burningf,m
burningh,burningfh,m
crsword,crsword,m
ctomaday,ctomaday,m
cyberlip,cyberlip,m
diggerma,diggerma,m
doubledr,doubledr,m
dstlku,dstlku,m
eightman,eightman,m
fatfursp,fatfursp,m
fatfury1,fatfury1,m
fatfury2,fatfury2,m
fatfury3,fatfury3,m
fbfrenzy,fbfrenzy,m
fightfev,fightfev,m
flipshot,flipshot,m
galaxyfg,galaxyfg,m
garoup,garoup,m
goalx3,goalx3,m
gowcaizr,gowcaizr,m
gpilots,gpilots,m
gururin,gururin,m
irrmaze,irrmaze,m
janshin,janshin,m
joyjoy,joyjoy,m
kabukikl,kabukikl,m
karnovr,karnovr,m
kizuna,kizuna,m
kof94,kof94,m
kof95,kof95h,m
kof95a,kof95,m
kof96,kof96,m
kof97,kof97,m
kof98n,kof98n,m
kof99a,kof99a,m
kof99p,kof99p,m
kotm,kotm,m
kotm2,kotm2,m
lastblad,lastblad,m
lastbld2,lastbld2,m
lbowling,lbowling,m
legendos,legendos,m
lresort,lresort,m
magdrop2,magdrop2,m
magdrop3,magdrop3,m
maglord,maglord,m
maglordh,maglordh,m
mahretsu,mahretsu,m
marukodq,marukodq,m
miexchng,miexchng,m
minasan,minasan,m
mosyougi,mosyougi,m
mslug,mslug,m
mslug2,mslug2,m
mslugx,mslugx,m
mutnat,mutnat,m
nam1975,nam1975,m
ncombat,ncombat,m
ncommand,ncommand,m
neobombe,neobombe,m
neocup98,neocup98,m
neodrift,neodrift,m
neomrdo,neomrdo,m
ninjamas,ninjamas,m
overtop,overtop,m
panicbom,panicbom,m
pbobbl2n,pbobbl2n,m
pbobblen,pbobblen,m
pgoal,pgoal,m
popbounc,popbounc,m
preisle2,preisle2,m
pspikes2,pspikes2,m
pulstar,pulstar,m
puzzldpr,puzzldpr,m
puzzledp,puzzledp,m
quizdai2,quizdai2,m
quizdais,quizdais,m
quizkof,quizkof,m
ragnagrd,ragnagrd,m
rbff1,rbff1,m
rbff2,rbff2,m
rbffspec,rbffspec,m
ridhero,ridhero,m
ridheroh,ridheroh,m
roboarmy,roboarmy,m
samsho,samsho,m
samsho2,samsho2,m
samsho3,samsho3h,m
samsho3a,samsho3,m
samsho4,samsho4,m
savagere,savagere,m
sdodgeb,sdodgeb,m
sengokh,sengokh,m
sengoku,sengoku,m
sengoku2,sengoku2,m
sfa,sfa,m
shocktr2,shocktr2,m
shocktra,shocktra,m
shocktro,shocktro,m
socbrawl,socbrawl,m
sonicwi2,sonicwi2,m
sonicwi3,sonicwi3,m
spinmast,spinmast,m
ssideki,ssideki,m
ssideki2,ssideki2,m
ssideki3,ssideki3,m
ssideki4,ssideki4,m
stakwin,stakwin,m
stakwin2,stakwin2,m
strhoop,strhoop,m
superspy,superspy,m
tophuntr,tophuntr,m
tpgolf,tpgolf,m
trally,trally,m
turfmast,turfmast,m
twinspri,twinspri,m
tws96,tws96,m
viewpoin,viewpoin,m
wakuwak7,wakuwak7,m
wh1,wh1h,m
wh2,wh2,m
wh2j,wh2jh,m
whp,whp,m
wjammers,wjammers,m
zedblade,zedblade,m
ddsomr2,ddsomr2,m
dstlkur1,dstlkur1,m
sfar3,sfar3,m
ganryu,ganryu,m
armwarr1,armwarr1,m
mshvsfu1,mshvsfu1,m
mshvsfu,mshvsfu,m
mshvsfj,mshvsfj,m
mshvsfj1,mshvsfj1,m
vsavu,vsavu,m
vsav,vsav,m
nitd,nitd,m
s1945p,s1945p,m
vliner,vliner,m
vsav2,vsav2,m
ddtod,ddtod,m
ganryun,ganryun,n
kof2000,kof2000,m
kof2000n,kof2000n,m
nitdn,nitdn,n
preisl2n,preisl2n,n
s1945pn,s1945pn,n
sfz3ar1,sfz3ar1,m
vsava,vsava,m
xmcota,xmcota,m
xmvsf,xmvsfr1,m
garouo,garouo,m
garoun,garoun,n
mslug3,mslug3,m
mslug3n,mslug3h,m
mslug3nd,mslug3nd,n
dstlka,dstlka,m
garou,garou,m
msha,msha,m
rckman2j,rckman2j,m
sfa2,sfa2u,m
sfz2a,sfz2a,m
dynwarj,dynwarj,m
pnickj,pnickj,m
vsavj,vsavj,m
mvsc,mvscu,m
mvscj,mvscj,m
dinoh,dinoh,n
knightsh,knightsh,n
wofh,wofh,n
dynwar,dynwar,m
moo,mooua,m
spf2t,spf2t,m
neocd,neocd,h
uni-bios,uni-bios,h
neopong,neopong,n
bucky,bucky,m
buckyua,buckyua,m
cybotsu,cybotsu,m
dstlk,dstlk,m
kof99e,kof99e,m
kof99n,kof99n,m
mvscar1,mvscar1,m
mvscjr1,mvscjr1,m
pfghtj,pfghtj,m
sf2yyc,sf2yyc,m
sgemf,sgemf,m
sgemfa,sgemfa,m
ssf2a,ssf2a,m
ssf2ar1,ssf2ar1,m
orlegnde,orlegende,m
pang3j,pang3j,m
bngbeadn,bngbeadn,n
bangbead,bangbead,m
ddtodh,ddtodh,m
nwarr,nwarru,m
vhuntj,vhuntj,m
vhuntjr2,vhuntjr2,m
orlegend,orlegend,m
cworld2j,cworld2j,m
sf2koryu,sf2koryu,m
qad,qad,m
qadj,qadj,m
qtono2,qtono2,m
kov,kov,m
kov115,kov115,m
kovplus,kovplus,m
orlegndc,orlegendc,m
sngoku3n,sngoku3n,n
sengoku3,sengoku3,m
zupapa,zupapa,m
zupapan,zupapan,n
drgwld2c,drgw2c,m
gigawing,gigawing,m
gwingj,gigawingj,m
kof2knd,kof2knd,n
kof99nd,kof99nd,n
megaman2,megaman2,m
sfz2aa,sfz2al,m
vhunt2r1,vhunt2r1,m
xmcotaa,xmcotaa,m
sf2m1,sf2m1,m
sf2m2,sf2m2,m
sf2m3,sf2m3,m
sf2m4,sf2m4,m
sf2m5,sf2m5,m
sf2m6,sf2m6,m
sf2m7,sf2m7,m
dimahoo,dimahoou,m
gmahou,gmahou,m
kof2001,kof2001,m
mmatrix,mmatrix,m
mmatrixj,mmatrixj,m
1944,1944,m
jockeygp,jockeygp,m
mpangj,mpangj,m
ssf2,ssf2,m
19xxjr1,19xxjr1,m
csclub,csclub1,m
cthd2003,cthd2003,m
ddsom,ddsom,m
ddsoma,ddsoma,m
ddsomj,ddsomj,m
kof97a,kof97a,m
kof98,kof98,m
kof99,kof99,m
pbobblna,pbobblena,m
sfar1,sfar1,m
wh1h,wh1ha,m
kof2k1nd,kof2k1nd,n
kotmh,kotmh,m
lastblda,lastblad,m
neonopon,neonopon1,n
aof2a,aof2a,m
fatfursa,fatfursa,m
fightfva,fightfeva,m
kof2001h,kof2001h,m
kof96h,kof96h,m
kof97pls,kof97pls,m
kof98k,kof98k,m
tophunta,tophuntra,m
zintrckb,zintrckb,m
19xxa,19xxa,m
2020bba,2020bba,m
armwar,armwar,m
avspa,avspa,m
cawingu,cawingu,m
cybots,cybots,m
ddtodj,ddtodjr1,m
dragwld2,drgw2,m
ffightj1,ffightj1,m
ghostlop,ghostlop,m
kof2002,kof2002,m
kof2k2nd,kof2k2nd,n
kov2,kov2,m
kov2106,kov2106,m
kov2nd,kov2p,m
kovj,kovj,m
kovplusa,kovplusa,m
matrim,matrim,m
matrimbl,matrimbl,m
matrimnd,matrimnd,n
mercsua,mercsua,m
ms4plus,ms4plus,m
msh,msh,m
mshvsf,mshvsf,m
mslug4,mslug4,m
mslug4nd,mslug4nd,n
mswordr1,mswordr1,m
ncombata,ncombath,m
photoy2k,photoy2k,m
progear,progear,m
progearj,progearj,m
pzloop2j,pzloop2j,m
rotd,rotd,m
rotdnd,rotdnd,n
sf2,sf2,m
sf2ceuc,sf2ceuc,m
sf2hf,sf2hf,m
sf2toryu,sf2toryu,n
sf2turyu,sf2turyu,n
sf2turyu1,sf2turyu1,n
sf2ud,sf2ud,m
sf2uf,sf2uf,m
sf2uk,sf2uk,m
sfach,sfach,n
sfz3j,sfz3j,m
sfzch,sfzch,n
stridrua,striderua,m
vhunt2,vhunt2,m
vlinero,vlinero,m
willow,willow,m
xmvsfu,xmvsfu,m
zintrkcd,zintrkcd,n
dinou,dinou,m
killbld,killbld,m
klbld109,killbldt,m
kovsh,kovsh,m
martmasc,martmastc,m
martmast,martmast,m
puzlstar,puzlstar,m
roboarma,roboarma,n
