2020bb,2020bbh,m
3countb,3countb,m
alpham2,alpham2,m
androdun,androdun,m
aodk,aodk,m
aof,aof,m
aof2,aof2,m
aof3,aof3,m
bakatono,bakatono,m
bjourney,bjourney,m
blazstar,blazstar,m
breakers,breakers,m
breakrev,breakrev,m
bstars,bstarsh,m
bstars2,bstars2,m
burningf,burningfh,m
crsword,crsword,m
cyberlip,cyberlip,m
doubledr,doubledr,m
eightman,eightman,m
fatfursp,fatfursp,m
fatfury1,fatfury1,m
fatfury2,fatfury2,m
fatfury3,fatfury3,m
fbfrenzy,fbfrenzy,m
fightfev,fightfev,m
flipshot,flipshot,m
galaxyfg,galaxyfg,m
goalx3,goalx3,m
gowcaizr,gowcaizr,m
gpilots,gpilots,m
gururin,gururin,m
irrmaze,irrmaze,m
janshin,janshin,m
joyjoy,joyjoy,m
kabukikl,kabukikl,m
karnovr,karnovr,m
kizuna,kizuna,m
kof94,kof94,m
kof95,kof95h,m
kof96,kof96,m
kof97,kof97,m
kof98,kof98h,m
kotm,kotm,m
kotm2,kotm2,m
lastblad,lastblad,m
lastbld2,lastbld2,m
lbowling,lbowling,m
legendos,legendos,m
lresort,lresort,m
magdrop2,magdrop2,m
magdrop3,magdrop3,m
maglord,maglord,m
mahretsu,mahretsu,m
marukodq,marukodq,m
miexchng,miexchng,m
minasan,minasan,m
mslug,mslug,m
mslug2,mslug2,m
mslugx,mslugx,m
mutnat,mutnat,m
nam1975,nam1975,m
ncombat,ncombat,m
ncommand,ncommand,m
neobombe,neobombe,m
neocup98,neocup98,m
neodrift,neodrift,m
neomrdo,neomrdo,m
ninjamas,ninjamas,m
overtop,overtop,m
panicbom,panicbom,m
pbobbl2n,pbobbl2n,m
pbobble,pbobblen,m
popbounc,popbounc,m
pspikes2,pspikes2,m
pulstar,pulstar,m
puzzldpr,puzzldpr,m
puzzledp,puzzledp,m
quizdai2,quizdai2,m
quizdais,quizdais,m
quizkof,quizkof,m
ragnagrd,ragnagrd,m
rbff1,rbff1,m
rbff2,rbff2,m
rbffspec,rbffspec,m
ridhero,ridheroh,m
roboarmy,roboarmy,m
samsho,samsho,m
samsho2,samsho2,m
samsho3,samsho3h,m
samsho4,samsho4,m
savagere,savagere,m
sdodgeb,sdodgeb,m
sengoku,sengokh,m
sengoku2,sengoku2,m
shocktr2,shocktr2,m
shocktro,shocktro,m
socbrawl,socbrawlh,m
sonicwi2,sonicwi2,m
sonicwi3,sonicwi3,m
spinmast,spinmast,m
ssideki,ssideki,m
ssideki2,ssideki2,m
ssideki3,ssideki3,m
ssideki4,ssideki4,m
stakwin,stakwin,m
stakwin2,stakwin2,m
strhoop,strhoop,m
superspy,superspy,m
tophuntr,tophuntr,m
tpgolf,tpgolf,m
trally,trally,m
turfmast,turfmast,m
twinspri,twinspri,m
tws96,tws96,m
viewpoin,viewpoin,m
wakuwak7,wakuwak7,m
wh1,wh1h,m
wh2,wh2,m
wh2j,wh2jh,m
whp,whp,m
wjammers,wjammers,m
zedblade,zedblade,m
