kgpe,kgpe,n
64streej,64streej,m
64street,64street,m
ainferno,ainferno,m
horshoes,horshoes,m
aquajckj,aquajckj,m
arabianm,arabianm,m
arknid2j,arknid2j,m
arknid2u,arknid2u,m
arknoid2,arknoid2,m
arkarea,arkarea,m
arkretrn,arkretrn,m
armedf,armedf,m
ashura,ashura,m
ashurau,ashurau,m
astyanax,astyanax,m
asuka,asuka,m
avspirit,avspirit,m
ballbros,ballbros,m
batrider,batrider,m
batridra,batridra,m
batsugun,batsugun,m
battleg,bgaregga,m
bjtwin,bjtwin,m
bloodbro,bloodbro,m
boblbobl,boblbobl,m
bonzeadv,bonzeadv,m
bshark,bshark,m
bioship,bioship,m
bubblem,bubblem,m
bublbobl,bublbob1,m
bublbobr,bublbobr,m
bubsymph,bubsymph,m
cabalbl,cabalbl,m
cachat,cachat,m
cadash,cadash,m
cadashf,cadashf,m
cadashi,cadashi,m
cadashj,cadashj,m
cameltry,cameltry,m
camltrua,camltrua,m
cclimbr2,cclimbr2,m
chaknpop,chaknpop,m
champwr,champwr,m
champwrj,champwrj,m
champwru,champwru,m
sci,sci,m
sciu,sciu,m
chimerab,chimerab,m
chukatai,chukatai,m
cleopatr,cleopatr,m
crimecu,crimecu,m
ctribeb,ctribeb,m
cupfinal,cupfinal,m
scfinals,scfinals,m
cybattlr,cybattlr,m
daisenpu,daisenpu,m
dankuga,dankuga,m
dariusj,dariusj,m
darius2,darius2,m
drius2do,drius2do,m
darius,darius,m
dariuse,dariuse,m
dariusg,dariusgj,m
dariusgx,dariusgx,m
deadconx,deadconx,m
demonwl1,demonwl1,m
dinorex,dinorex,m
dleague,dleague,m
dogyuun,dogyuun,m
dondokdj,dondokod,m
ddrago3b,ddrago3b,m
driftout,driftout,m
driveout,driveout,m
drtoppel,drtoppel,m
elvact2u,elvact2u,m
earthjkr,earthjkr,m
edf,edf,m
espradeo,espradeo,m
extrmatn,extrmatn,m
exzisus,exzisus,m
f3demo,f3demo,n
footchmp,footchmp,m
euroch92,euroch92,m
hthero,hthero,m
dfeveron,dfeveron,m
fhawk,fhawkj,m
finalb,finalb,m
fireshrk,fireshrk,m
fixeight,fixeight,m
flstory,flstory,m
fullthrl,fullthrl,m
gaiden,gaiden,m
galmedes,galmedes,m
gcpinbal,gcpinbal,m
gekirido,gekirido,m
ghox,ghox,m
gseeker,gseeker,m
growl,growl,m
gunfront,gunfront,m
gunlock,gunlock,m
hachamf,hachamf,m
hachoo,hachoo,m
heavyunt,heavyunt,n
hellfire,hellfire,m
hitice,hitice,m
pwrgoal,pwrgoal,m
iganinju,iganinju,m
insectx,insectx,m
jigkmgri,jigkmgri,m
jumping,jumping,m
kageki,kageki,m
kaiserkn,kaiserkn,m
kbash,kbash,m
kicknrun,kicknrun,m
kickoff,kickoff,m
kikikai,kikikai,m
knightb,knightb,m
koshien,koshien,m
ktiger2,ktiger2,m
kurikint,kurikint,m
kurikina,kurikina,m
kurikinj,kurikinj,m
landmakr,landmakr,m
lightbr,lightbr,m
liquidk,liquidk,m
lomakai,lomakai,m
lordofk,lordofk,m
macross,macross,m
mahoudai,mahoudai,m
majest12,majest12,m
makaiden,makaiden,m
masterw,masterw,m
megab,megab,m
metalb,metalb,m
metalbj,metalbj,m
mjnquest,mjnquest,m
mnight,mnight,m
mofflott,mofflott,m
mustang,mustang,m
nastar,nastar,m
ninjak,ninjak,m
ninjakd2,ninjakd2,m
ninjaw,ninjaw,m
omegaf,omegaf,m
omegafs,omegafs,m
opwolf,opwolfu,m
opwolfb,opwolfb,m
othunder,othunder,m
outzone,outzoneb,m
p47,p47,m
p47j,p47j,m
palamed,palamed,m
pbobble2,pbobble2,m
pbobble3,pbobble3,m
peekaboo,peekaboo,m
phantasm,phantasm,m
pipibibi,pipibibi,m
plotting,plottina,m
plumppop,plumppop,m
plusalph,plusalph,m
popnpopj,popnpopj,m
puchicar,puchicrj,m
pulirula,pulirula,m
pbobbl2x,pbobbl2x,m
pbobble4,pbobble4,m
pbobble,pbobble,m
puzznic,puzznicj,m
qcrayon,qcrayon,m
qcrayon2,qcrayon2,m
qjinsei,qjinsei,m
qtorimon,qtorimon,m
quizhq,quizhq,m
qzchikyu,qzchikyu,m
qzshowby,qzshowby,m
rdaction,rdaction,m
raimais,raimaisj,m
rainbow,rainbowo,m
rainbowa,rainbow,m
rainbowe,rainbowe,m
rallybik,rallybik,m
rambo3,rambo3,m
rambo3a,rambo3a,m
rastan,rastan,m
rastsag2,rastsag2,m
rastanu,rastanu,m
rastanu2,rastanu2,m
rastsaga,rastsaga,m
recordbr,recordbr,m
recordb2,recordb2,n
ridingf,ridingf,m
ringrage,ringrage,m
robokid,robokid,m
robokidj,robokidj,m
rodland,rodland,m
rodlndjb,rodlndjb,m
samesame,samesame,m
sboblbob,sboblbob,m
shippumd,shippumd,m
silentd,silentd,m
snowbrob,snowbrob,m
snowbro2,snowbro2,m
snowbroa,snowbroa,m
snowbroj,snowbroj,m
snowbros,snowbros,m
soldamj,soldamj,m
solfigtr,solfigtr,m
spacedxj,spacedxj,m
akkanvdr,akkanvdr,m
ssi,ssi,m
stdragon,stdragon,m
strahl,strahl,m
superman,superman,m
syvalion,syvalion,m
truxton2,truxton2,m
tekipaki,tekipaki,m
terracre,terracre,m
terraf,terraf,m
tetrisp2,tetrisp2,m
tetrist,tetrist,m
tforceh,tharrier,m
tdragonb,tdragonb,m
tdragon,tdragon,m
tknight,tknight,m
tnzs,tnzsj,m
tnzs2,tnzso,m
tnzsb,tnzs,m
tokib,tokib,m
topland,topland,m
topspeed,topspeed,m
trstar,trstar,m
prmtmfgo,prmtmfgo,m
truxton,truxton,m
twinqix,twinqix,m
undrfire,undrfire,m
uopoko,uopokoj,m
vfive,vfive,m
vimana1,vimana1,m
vimana,vimana,m
viofight,viofight,m
volfiedj,volfiedj,m
warriorb,warriorb,m
weststry,weststry,m
wgp,wgp,m
wgpj,wgpj,m
whoopee,whoopee,m
wintbob,wintbob,m
wwfwfsta,wwfwfsta,m
wwfsstar,wwfsstau,m
yuyugogo,yuyugogo,m
zerowing,zerowing,m
zerozone,zerozone,m
grindstm,grindstm,m
plgirls,plgirls,m
plgirls2,plgirls2,m
bublbob2,bublbob2,m
tshingna,tshingna,m
biomtoy,biomtoy,m
btlkroad,btlkroad,m
crimec,crimec,m
ctribe,ctribe,m
ddonpchj,ddonpchj,m
gunbirdj,gunbirdj,m
guwange,guwange,m
sabotenb,sabotenb,m
sngkace,sngkace,m
superchs,superchs,m
dariuso,dariuso,m
galpanic,galpania,m
bubblemj,bubblemj,m
ninjawj,ninjawj,m
nastarw,nastarw,m
crimecj,crimecj,m
silkworm,silkworm,m
bubsympu,bubsympu,m
cubybop,cubybop,m
tubeit,tubeit,m
3wonderu,3wonderu,m
donpachj,donpacjp,m
hotdogst,hotdogst,m
silkwrm2,silkwrm2,m
1941,1941,m
1941j,1941j,m
3wonders,3wonders,m
dangarb,dangarb,m
area88,area88,m
bubbobr1,bubbobr1,m
captcomj,captcomj,m
captcomm,captcomm,m
captcomu,captcomu,m
cawing,cawing,m
cawingj,cawingj,m
chikij,chikij,m
cworld2j,cworld2j,m
daimakai,daimakai,m
dino,dino,m
dinoj,dinoj,m
dynwarj,dynwarj,m
ffight,ffight,m
ffightj,ffightj,m
ffightu,ffightu,m
forgottn,forgottn,m
ghouls,ghouls,m
ghoulsu,ghoulsu,m
knights,knights,m
knightsj,knightsj,m
knightsu,knightsu,m
kod,kod,m
kodj,kodj,m
kodu,kodu,m
lostwrld,lostwrld,m
mbomberj,mbomberj,m
mbombrd,mbombrd,m
mbombrdj,mbombrdj,m
megaman,megaman,m
mercs,mercs,m
mercsj,mercsj,m
mercsu,mercsu,m
msword,msword,m
mswordj,mswordj,m
mswordu,mswordu,m
mtwins,mtwins,m
nemo,nemo,m
nemoj,nemoj,m
pang3,pang3,m
pang3j,pang3j,m
pnickj,pnickj,m
punisher,punisher,m
punishrj,punishrj,m
punishru,punishru,m
qad,qad,m
qadj,qadj,m
qtono2,qtono2,m
rayforce,rayforce,m
rayforcj,rayforcj,m
rockmanj,rockmanj,m
sf2eb,sf2eb,m
sf2accp2,sf2accp2,m
sf2ce,sf2ce,m
sf2cej,sf2cej,m
sf2ceua,sf2ceua,m
sf2ceub,sf2ceub,m
sf2j,sf2j,m
sf2ja,sf2ja,m
sf2jc,sf2jc,m
sf2rb,sf2rb,m
sf2rb2,sf2rb2,m
sf2red,sf2red,m
sf2t,sf2t,m
sf2tj,sf2tj,m
sf2ua,sf2ua,m
sf2ub,sf2ub,m
sf2ue,sf2ue,m
sf2ui,sf2ui,m
sf2v004,sf2v004,m
slammast,slammast,m
slammasu,slammasu,m
strider,strider,m
striderj,striderj,m
stridrja,stridrja,m
unsquad,unsquad,m
varthr1,varthr1,m
varthj,varthj,m
varthu,varthu,m
willowje,willowje,m
willowj,willowj,m
wof,wof,m
wofa,wofa,m
wofj,wofj,m
wofu,wofu,m
wonder3,wonder3,m
opwolf3,opwolf3,m
psyforce,psyforcj,m
salmndr2,salmndr2,m
intcup94,intcup94,m
bbakraid,bbakradu,m
bbakrada,bbakraid,m
mazinger,mazinger,m
bgaregc,bgaregcn,m
donpachk,donpackr,m
gunbirdk,gunbirdk,m
gunbird,gunbird,m
sailormn,sailormn,m
sailormo,sailormo,m
macross2,macross2,m
acrobatm,acrobatm,m
agallet,agallet,m
blkhearj,blkhearj,m
blkheart,blkheart,m
s1945j,s1945j,m
esprade,esprade,m
espradej,espradej,m
s1945,s1945,m
samuraia,samuraia,m
tengai,tengai,m
sfzch,sfzch,n
bgaregh,bgaregnv,m
hyperpac,hyperpac,m
hyperpcb,hyperpcb,m
macrossp,macrossp,m
ssmissin,ssmissin,m
tdragon2,tdragn2a,m
cawingu,cawingu,m
ddragon3,ddragon3,m
dinou,dinou,m
fantasia,fantasia,m
fantsia2,fantsia2,m
gemini,gemini,m
maniacsq,maniacsp,m
missw96,missw96,m
newfant,newfant,m
rodlandj,rodlandj,m
rygar,rygar,m
sf2ceuc,sf2ceuc,m
sf2,sf2,m
sf2ud,sf2ud,m
sf2uf,sf2uf,m
tshingen,tshingen,m
willow,willow,m
arkangc,arkangc,m
arkanoid,arkanoid,m
arkatayt,arktayt2,m
arkatour,arkatour,m
ddonpach,ddonpach,m
donpachi,donpachi,m
eto,eto,m
gigandes,gigandes,m
kodure,kodure,m
legion,legion,m
mcatadv,mcatadv,m
mcatadvj,mcatadvj,m
pengo,pengo,m
pengo2u,pengo2u,m
ryujin,ryujin,m
selfeena,selfeena,m
twinhawk,twinhawk,m
f2demo,f2demo,n
ffightj1,ffightj1,m
genix,genix,m
mercsua,mercsua,m
mspacmab,mspacmab,m
mspacman,mspacman,m
mswordr1,mswordr1,m
pacman,pacman,m
pacplus,pacplus,m
pirates,pirates,m
puckman,puckman,m
ryukendn,ryukendn,m
sf2koryu,sf2koryu,m
sf2m4,sf2m4,m
sf2m5,sf2m5,m
sf2m6,sf2m6,m
sf2m7,sf2m7,m
sf2uk,sf2uk,m
sf2yyc,sf2yyc,m
shadoww,shadoww,m
shadowwa,shadowwa,m
stridrua,stridrua,m
thundfox,thundfox,m
wildfang,wildfang,m
cookbib2,cookbib2,m
feversos,feversos,m
moremorp,moremorp,m
arbalest,arbalest,m
blandia,blandia,m
calibr50,calibr50,m
daioh,daioh,m
downtown,downtown,m
drgnunit,drgnunit,m
eightfrc,eightfrc,m
excthour,excthour,m
gundhara,gundhara,m
jjsquawk,jjsquawk,m
matmania,matmania,m
metafox,metafox,m
msgundam,msgundam,m
neobattl,neobattl,m
rezon,rezon,m
stg,stg,m
thunderl,thunderl,m
tndrcade,tndrcade,m
twineagl,twineagl,m
umanclub,umanclub,m
usclssic,usclssic,m
wiggie,wiggie,m
wits,wits,m
wrofaero,wrofaero,m
zingzip,zingzip,m
zombraid,zombraid,m
dkong,dkong,m
dkongjp,dkongjp,m
frogger,frogger,m
mspac6m,mspac6m,n
mspacpls,mspacpls,m
namcosil,namcosil,n
pacman25,pacman25,n
pacman3d,pacman3d,n
sstriker,sstriker,m
xenrev,xenrev,n
1944,1944,m
19xx,19xx,m
armwaru,armwaru,m
avsp,avsp,m
batcir,batcir,m
csclub,csclub,m
cybots,cybots,m
cybotsu,cybotsu,m
ddsom,ddsom,m
ddtod,ddtod,m
dimahoo,dimahoo,m
dstlk,dstlk,m
ecofghtr,ecofghtr,m
gigawing,gigawing,m
megaman2,megaman2,m
mmatrix,mmatrix,m
mpangj,mpangj,m
msh,msh,m
mshh,mshh,m
mshvsfu,mshvsfu,m
mvscu,mvscu,m
nost,nost,m
nwarr,nwarru,m
ringdest,ringdest,m
sfa,sfa,m
sfa2,sfa2,m
sfa3,sfa3,m
sgemf,sgemf,m
spf2t,spf2t,m
ssf2,ssf2,m
vhunt2,vhunt2,m
vhunt2r1,vhunt2r1,m
vsav,vsav,m
vsav2,vsav2,m
xmcota,xmcota,m
xmvsfr1,xmvsfr1,m
mshu,mshu,m
progear,progear,m
pzloop2j,pzloop2j,m
block,block,m
blockj,blockj,m
pang,pang,m
pkladies,pkladies,m
spang,spang,m
3in1semi,3in1semi,m
chokchok,chokchok,m
cookbib,cookbib,m
finalttr,finalttr,m
htchctch,htchctch,m
moremore,moremore,m
twinkle,twinkle,m
crospang,crospang,m
diverboy,diverboy,m
hedpanic,hedpanic,m
jumppop,jumppop,m
mchampdx,mchampda,m
mugsmash,mugsmash,m
multchmp,multchmk,m
armwarr1,armwarr1,m
blockjoy,blockjoy,m
cawingr1,cawingr1,m
dynwar,dynwar,m
ffightua,ffightua,m
fixeighb,fixeighb,m
sf2hf,sf2hf,m
varth,varth,m
multi15,multi15,n
dkongex,dkongex,n
froggs,froggs,n
galapx,galapx,m
galaxian,galaxian,m
superg,superg,m
chasehq,chasehq,m
chasehqj,chasehqj,m
contcirc,contcirc,m
contcrcu,contcrcu,m
nightstr,nightstr,m
spacegun,spacegun,m
