1942,1942b,m
3stooges,3stooges,m
amidar,amidaru,m
amidarjp,amidar,m
amigo,amigo,m
anteater,anteater,m
arabian,arabiana,m
atlantis,atlantis,m
bagman,bagmans2,m
blaster,blaster,m
blueprnt,blueprnt,m
bnj,bnj,m
boblbobl,boblbobl,m
bombjack,bombjac2,m
bosco,boscomdo,m
btime,btimem,m
btimea,btime,m
bublbobl,bublbob1,m
carnival,carnival,m
cavenger,cavenger,m
ccastles,ccastle3,m
ccboot,ccboot,m
ccjap,cclimbrj,m
cclimber,cclimber,m
centiped,centiped,m
ckong,ckonga,m
ckonga,ckong,m
ckongjeu,ckongjeu,m
ckongs,ckongs,m
commando,commando,m
congo,congo,m
crush,crush2,m
defender,defender,m
desterth,desterth,m
diamond,diamond,m
digdug2,digdug2o,m
digdugat,digduga1,m
digdugnm,digdugb,m
dkong,dkong,m
dkong3,dkong3,m
dkongjp,dkongjp,m
dkongjr,dkongjr,m
docastle,docastl2,m
dorunrun,dorunrun,m
douni,douni,m
dowild,dowild,m
earthinv,searthin,m
eggs,eggs,m
elevatob,elevatob,m
exedexes,exedexes,m
fantazia,fantazia,m
frogger,frogseg2,m
froggers,froggers,m
frogsega,frogseg2,m
galaga,galagamw,m
galagabl,galaga,m
galaganm,galaga,m
galap1,galap1,m
galap4,galap4,m
galapx,galapx,m
galaxian,galaxian,m
gallag,gallag,m
galmidw,galmidw,m
galnamco,galap4,m
galturbo,galturbo,m
galxwars,galxwart,m
gberet,gberet,m
gng,gng,m
gngcross,gngt,m
gorf,gorf,m
gyruss,gyrussce,m
hangly,hangly,m
invaders,invaders,m
invdelux,invaddlx,m
invrvnge,invrvnge,m
japirem,gteikoku,m
jhunt,jungleh,m
joust,joustr,m
jrpacman,jrpacman,m
jumpbug,jumpbug,m
jumpsega,jumpbugb,m
junglek,junglkj2,m
kangaroo,kangaroa,m
kickridr,kickridr,m
krull,krull,m
kungfub,kungfub2,m
kungfum,kungfum,m
ladybug,ladybug,m
locomotn,locomotn,m
losttomb,losttomb,m
lrescue,lrescue,m
mappy,mappy,m
mario,marioo,m
milliped,milliped,m
missile,missile,m
mooncrsb,mooncrsg,m
mooncrst,mooncrst,m
moonqsr,moonqsr,m
mpatrol,mpatrol,m
mplanets,mplanets,m
mranger,mranger,n
mrdo,mrdo,m
mrdot,mrdot,m
mrlo,mrlo,m
mspacatk,mspacpls,m
mspacman,mspacmab,m
mtrap,mtrap,m
mystston,myststno,m
namcopac,puckman,m
pacman4x,pacman,m
naughtyb,naughtyc,m
nibbler,nibblera,m
pacman,pacman,m
pacmanh,pacmod,m
pacmanjp,puckmana,m
pacnpal,pacnpal,m
pacplus,pacplus,m
panic,panic2,m
panica,panic3,m
pengo,pengo2u,m
pengopop,pengo3u,m
penta,penta,m
pengoa,penta,m
pepper2,pepper2,m
phoenix,phoenix,m
phoenix3,phoenix3,m
phoenixt,phoenixt,m
piranha,piranhah,m
pisces,piscesb,m
pleiades,pleiadce,m
pooyan,pooyans,m
popeyebl,popeyebl,m
puckman,newpuckx,m
qbert,qbert,m
qbertjp,qbertjp,m
qbertqub,qbertqub,m
qix,qix,m
rallyx,rallyxm,m
reactor,reactor,m
rescue,rescue,m
robby,robby,m
robotron,robotron,m
rushatck,rushatck,m
sbagman,sbagmans,m
scobra,scobras,m
scobrab,scobrab,m
scobrak,scobra,m
scramble,scrambls,m
seawolf2,seawolf2,m
seicross,seicross,m
snapjack,snapjack,m
sonson,sonson,m
spaceatt,spaceat2,m
spacefb,spacefb,m
spaceplt,spaceplt,m
spacezap,spacezap,m
splat,splat,m
starforc,starforc,m
stargate,stargate,m
superg,superg,m
superpac,superpcm,m
theend,theends,m
timeplt,timeplt,m
turpin,turpin,m
turtles,turtles,m
tutankhm,tutankst,m
uniwars,uniwars,m
vanguard,vanguard,m
venture,venture,m
vulgus,vulgusj,m
warlord,warlords,m
warofbug,warofbug,m
warpwarp,warpwarr,m
wow,wow,m
xevious,xeviousa,m
xeviousn,xevious,m
yard,10yardj,m
yiear,yiear2,m
zaxxon,zaxxon,m
