1942,1942b,m
amidars,amidars,m
arch-riv,archrivl,m
arkabeta,arktayt2,m
armora,armora,m
astdelux,astdelux,m
asteroi2,asteroid,m
atarifb,atarifb1,m
barrier,barrier,m
berzerk,berzerk,m
blaster,blaster,m
blstroid,blstroi2,m
boothill,boothill,m
bosco,boscomdo,m
boxingb,boxingb,m
btime,btimem,m
bubbles,bubbles,m
bwidow,bwidow,m
bzone,bzone,m
ccastles,ccastle3,m
centiped,centiped,m
cloak,cloak,m
crater,crater,m
crush,crush2,m
defender,defender,m
demon,demon,m
destderb,demoderb,m
digdug,digduga1,m
digdug2,digdug2o,m
dkong,dkong,m
dkongjr,dkongjr,m
domino,domino,m
dotron,dotrone,m
fantasy,fantasyu,m
foodf,foodf,m
frenzy,frenzy,m
frogger,frogseg2,m
galaga,galagao,m
galaxian,galaxian,m
gravitar,gravitr2,m
gyrussce,gyrussce,m
invaders,invaders,m
invadpt2,invadpt2,m
journey,journey,m
joust,joust,m
kick,kick,m
klax,klax,m
llander,llander,m
lrescue,lrescue,m
mappy,mappy,m
mario,marioo,m
maxrpm,maxrpm,m
mhavoc,mhavoc,m
mhavocrv,mhavocrv,m
missile,missile,m
mooncrst,mooncrst,m
mrdo,mrdo,m
mspacatk,mspacpls,m
mspacman,mspacmab,m
nibbler,nibblera,m
omegrace,omegrace,m
pacman,pacman,m
pballoon,pballoon,m
phoenix,phoenix,m
piranha,piranhah,m
pleiads,pleiadce,m
powerdrv,powerdrv,m
quantum,quantum1,m
rampage,rampage,m
rbtapper,rbtapper,m
redbaron,redbaron,m
ripoff,ripoff,m
robotron,robotron,m
sarge,sarge,m
scobra,scobras,m
scramble,scrambls,m
shollow,shollow,m
sinistar,sinistar,m
oldsin,sinista1,m
snowbros,snowbroa,m
solarfox,solarfox,m
solarq,solarq,m
spacduel,spacduel,m
spacewar,spacewar,m
spectar,spectar1,m
speedfrk,speedfrk,m
splat,splat,m
spyhunt,spyhunt,m
ssi,ssi,m
starcas,starcas1,m
stargate,stargate,m
starhawk,starhawk,m
starwars,starwar1,m
sundance,sundance,m
tailg,tailg,m
tapper,tapper,m
targ,targ,m
tempest,tempest1,m
temptube,temptube,m
theend,theends,m
timber,timber,m
timeplt,timeplt,m
toobin,toobin,m
tron,tron,m
tutankst,tutankst,m
twotiger,twotigrc,m
vanguard,vanguard,m
vulgus,vulgusj,m
wacko,wacko,m
warrior,warrior,m
wotw,wotw,m
xenophob,xenophob,m
yiear,yiear2,m
zerozone,zerozone,m
