1942,1942a,m
1943,1943,m
1943kai,1943kai,m
600,600,m
amidar,amidar,m
amidaru,amidaru,m
anteater,anteater,m
armorcar,armorcar,m
atlantis,atlantis,m
ballbomb,ballbomb,m
bombjack,bombjack,m
calipso,calipso,m
checkman,checkman,m
crush2,crush2,m
devilfsh,devilfsh,m
dkjrjp,dkngjnrj,m
dkong,dkong,m
dkongjp,dkongjp,m
dkongjr,dkongjr,m
docastle,docastle,m
earthinv,searthin,m
eyes,eyes,m
frogger,frogger,m
galaga,galagao,m
galaga84,galaga,m
galagads,galagamw,m
galapx,galapx,m
galaxian,galaxian,m
galturbo,galturbo,m
galxwars,galxwart,m
gunsmoke,gunsmoke,m
hangly,hangly,m
hotshock,hotshock,m
hustler,hustler,m
invaders,invaders,m
invadpt2,invadpt2,m
invrvnge,invrvnge,m
jjack,jjack,m
jrpacman,jrpacman,m
jumpbug,jumpbug,m
ladybug,ladybug,m
levers,levers,m
lizwiz,lizwiz,m
losttomb,losttomb,m
lrescue,lrescue,m
mooncrst,mooncrst,m
mrdo,mrdo,m
mrtnt,mrtnt,m
mspacatk,mspacpls,m
mspacman,mspacmab,m
orbitron,orbitron,m
pacheart,pacheart,m
pacman,puckman,m
pacmanbl,pacmanbl,m
pacplus,pacplus,m
pengo2u,pengo2u,m
phoenix,phoenix,m
piranha,piranhah,m
pisces,piscesb,m
pooyan,pooyan,m
puckman,newpuckx,m
redufo,redufo,m
scobra,scobra,m
scramble,scramble,m
spaceph,spaceph,m
spdcoin,spdcoin,m
superbon,superbon,m
superg,superg,m
swarm,swarm,m
tazmania,tazmania,m
theend,theend,m
theglob,theglobp,m
triplep,triplep,m
turtles,turtles,m
uniwars,uniwars,m
vanvan,vanvank,m
warofbug,warofbug,m
yankeedo,yankeedo,m
zaxxon,zaxxon,m
zigzag,zigzag,m
azurian,azurian,m
blkhole,blkhole,m
cosmo,cosmo,m
dingo,dingo,m
futspy,futspy,m
jumpshot,jumpshot,m
moonwar,moonwar,m
rescue,rescue,m
schasrcv,schasrcv,m
spclaser,spclaser,m
szaxxon,szaxxon,m
