aquarush,aquarush,m
beastrzb,beastrzb,m
beastrzr,beastrzr,m
bldyror2,bldyror2,m
brvblade,brvblade,m
cbaj,cbaj,m
danceyes,danceyes,m
doapp,doapp,m
dunkmnia,dunkmnia,m
dunkmnic,dunkmniaj,m
ehrgeiz,ehrgeiz,m
fgtlayer,fgtlayer,m
ftimpcta,ftimpcta,m
gdarius,gdarius,m
gdarius2,gdarius2,m
glpracr3,glpracr3,m
hvnsgate,hvnsgate,m
hyperath,hyperath,m
mfjump,mfjump,m
mgcldtex,mgcldtex,m
mrdrillr,mrdrillr,m
myangel3,myangel3,m
pacapp,pacapp,m
pbball96,pbball96,m
plsmaswd,plsmaswd,m
stargld2,stargld2,m
primglex,primglex,m
psyforce,psyforce,m
psyforcj,psyforcej,m
psyfrcex,psyforcex,m
raystorm,raystorm,m
raystorj,raystormj,m
rvschool,rvschool,m
jgakuen,jgakuen,m
rvschola,rvschoola,m
sfex,sfexu,m
sfexa,sfexa,m
sfexj,sfexj,m
sfex2,sfex2,m
sfex2j,sfex2j,m
sfex2p,sfex2p,m
sfex2pa,sfex2pa,m
sfex2pj,sfex2pj,m
sfexpu1,sfexpu1,m
sfexpj,sfexpj,m
shngmtkb,shngmtkb,m
sncwgltd,sncwgltd,m
souledge,souledge,m
souledga,souledge1,m
souledgb,souledge1j,m
starglad,starglad,m
starswep,starswep,m
strider2,strider2a,m
shiryu2,shiryu2,m
susume,susume,m
techromn,techromnu,m
kikaioh,kikaioh,m
tekken,tekken,m
tekkena,tekkenb,m
tekkenb,tekkenc,m
tekken2,tekken2,m
tekken2a,tekken2a,m
tekken2b,tekken2b,m
tgmj,tgmj,m
tondemo,tondemo,m
ts2,ts2,m
ts2j,ts2j,m
weddingr,weddingr,m
xevi3dg,xevi3dg,m
sfexp,sfexp,m
tekken3,tekken3,m
