1941,1941,m
1942,1942a,m
1943,1943u,m
1943kai,1943kai,m
19xx,19xx,m
2020bb,2020bb,m
3countb,3countb,m
3wonders,3wonders,m
4dwarrio,4dwarrio,m
720,720,m
88games,88games,m
actfancr,actfancr,m
aerofgt,aerofgt,m
aodk,aodk,m
koshien,koshien,m
airbustr,airbustr,m
aircombj,aircombj,m
ainferno,ainferno,m
aburner2,aburner2,m
alien3,alien3,m
aliens,aliens,m
astorm,astorm,m
avsp,avsp,m
alpham2,alpham2,m
altbeast,altbeast,m
amazon,amazon,m
amidar,amidar,m
androdun,androdun,m
apb,apb,m
aquajack,aquajack,m
aquarium,aquarium,m
arabfgt,arabfgtu,m
arabianm,arabianm,m
arkretrn,arkretrn,m
armedf,armedff,m
batrider,batridj,m
armwar,armwar,m
aof,aof,m
aof2,aof2,m
aof3,aof3,m
ashura,ashuraj,m
assault,assault,m
asterix,asterix,m
asuka,asuka,m
avengers,avengers,m
bssoccer,bssoccer,m
baddudes,baddudes,m
bakatono,bakatono,m
bakutotu,bakutotu,m
bangbead,bangbead,m
bstars,bstarsh,m
bstars2,bstars2,m
batman,batman,m
ts2,ts2,m
flipshot,flipshot,m
bbakraid,bkraidj,m
bgaregga,bgaregga,m
btlkroad,btlkroad,m
bayroute,bayroute,m
blswhstl,blswhstl,m
berabohm,berabohm,m
bigrun,bigrun,m
birdtry,birdtry,m
blkpnthr,blkpnthr,m
blstroid,blstroid,m
blastoff,blastoff,m
blazer,blazer,m
blzntrnd,blzntrnd,m
blazstar,blazstar,m
blockgal,blockgal,m
blockout,blockout,m
bloodstm,bloodstm,m
bloxeed,bloxeed,m
bjourney,bjourney,m
bombjack,bombjack,m
bonzeadv,bonzeadv,m
boogwing,boogwing,m
bouldash,bouldash,m
boxyboy,boxyboy,m
brain,brain,m
breakers,breakers,m
breakrev,breakrev,m
bublbobl,bublbobl1,m
bublbob2,bublbob2,m
bubblem,bubblem,m
bubsys,gradius,h
bucky,bucky,m
bullfgt,bullfgt,m
burningf,burningf,m
brival,brivalj,m
cadash,cadash,m
dino,dino,m
cameltry,cameltry,m
csclub,csclub1,m
cworld2j,cworld2j,m
captaven,captaven,m
captcomm,captcommr1,m
ctomaday,ctomaday,m
cawing,cawing,m
csprint,csprint,m
chasehq,chasehq,m
chelnov,chelnov,m
marukodq,marukodq,m
chinagat,chinagat,m
chinatwn,chinatwn,m
chplft,choplift,m
cischeat,cischeat,m
citybomb,citybomb,m
cleopatr,cleopatr,m
cltchitr,cltchitr,m
cobracom,cobracom,m
commando,commando,m
contcirc,contcirc,m
contra,contra1,m
cosmogng,cosmogng,m
cottonj,cottonj,m
cclimbr2,cclimbr2,m
crimec,crimec,m
crimfght,crimfght,m
crsword,crsword,m
cbuster,cbuster,m
cuebrick,cuebrickj,m
cyberlip,cyberlip,m
cybsled,cybsled,m
cybots,cybots,m
cyvern,cyvern,m
twinhawk,twinhawk,m
dakkochn,dakkochn,m
dangar,dangar,m
dangseed,dangseed,m
darius,darius,m
darius2,darius2,m
dariusg,dariusg,m
darkedge,darkedge,m
darkseal,darkseal,m
dstlk,dstlk,m
daytonau,daytonau,n
daytona,daytona,m
ddcrew,ddcrewu,m
deadconx,deadconx,m
demonwld,demonwld,m
devstors,devstors,m
devilw,devilw,m
digdug2,digdug2,m
dinorex,dinorex,m
dirtfoxj,dirtfoxj,m
dotron,dotron,m
djboy,djboy,m
dondokod,dondokod,m
doubledr,doubledr,m
ddragon2,ddragon2,m
ddragon3,ddragon3b,m
dbz2,dbz2,m
dbzvrvs,dbzvrvs,m
dragngun,dragngun,m
dsaber,dsaber,m
dspirit,dspirit,m
driftout,driftout,m
drivedge,drivedge,m
ddtod,ddtod,m
ddsom,ddsom,m
dungeonm,dungeonm,m
dunkshot,dunkshot,m
edf,edf,m
ecofghtr,ecofghtr,m
eightman,eightman,m
enduror,enduror,m
endurobl,endurobl,m
endurob2,endurob2,m
enforce,enforce,m
elvactr,elvactr,m
exctleag,exctleag,m
exzisus,exzisusa,m
f1en,f1en,m
f1gp,f1gp,m
f1gp2,f1gp2,m
f1gpstar,f1gpstar,m
f1lap,f1lap,m
faceoff,faceoff,m
fatfury1,fatfury1,m
fatfury2,fatfury2,m
fatfury3,fatfury3,m
fatfursp,fatfursp,m
fcombat,fcombat,m
fghthist,fghthistu,m
fightfev,fightfev,m
fhawk,fhawk,m
finalb,finalb,m
ffight,ffight,m
finallap,finallap,m
finalap2,finalap2,m
finalap3,finalap3,m
fround,fround,m
finehour,finehour,m
flower,flower,m
flicky,flicky,m
fshark,fshark,m
footchmp,footchmp,m
fbfrenzy,fbfrenzy,m
forgottn,forgottnu,m
fourtrax,fourtrax,m
frogger,frogger,m
gwarrior,gwarrior,m
galaga88,galaga88,m
galivan,galivan,m
galaxyfg,galaxyfg,m
gforce2,gforce2,m
galmedes,galmedes,m
gaplus,gaplus,m
gardia,gardia,m
garou,garou,m
garyoret,garyoret,m
gauntlet,gauntlet,m
gaunt2,gaunt2,m
gekirido,gekirido,m
gng,gng,m
gpilots,gpilots,m
ghouls,ghouls,m
gijoe,gijoe,m
gigawing,gigawing,m
gloc,gloc,m
goalx3,goalx3,m
gokuparo,gokuparo,m
ga2,ga2,m
gldneye,gldneye,n
gt3dv18,gt3dv18,m
gollygho,gollygho,m
gondo,gondo,m
gprider,gprider1,m
gradius,gradius,m
gradius3,gradius3,m
gseeker,gseeker,m
grobda,grobda,m
growl,growl,m
guardian,guardian,m
gulfwar2,gulfwar2,m
gunbird,gunbird,m
gunbustr,gunbustr,m
gunfront,gunfront,m
gunlock,gunlock,m
gnr_300,gnr_300,n
gunsmoke,gunsmoke,m
gururin,gururin,m
guwange,guwange,m
gyruss,gyruss,m
hachoo,hachoo,m
harddunk,harddunk,m
hasamu,hasamu,m
hangon,hangon,m
hcastle,hcastle,m
hbarrel,hbarrel,m
hvymetal,hvymetal,m
hwchamp,hwchamp,m
hellfire,hellfire,m
hiimpact,hiimpact4,m
hippodrm,hippodrm,m
hitice,hitice,m
holo,holo,m
hopmappy,hopmappy,m
hotdogst,hotdogst,m
hydra,hydra,m
imsorry,imsorry,m
indytemp,indytemp,m
janshin,janshin,m
journey,journey,m
jpark,jpark,m
jupk_513,jupk_513,n
kabukikl,kabukikl,m
kaiserkn,kaiserkn,m
karnov,karnov,m
karnovr,karnovr,m
horekid,horekid,m
techromn,techromnu,m
kod,kod,m
kof94,kof94,m
kof95,kof95h,m
kof96,kof96,m
kof97,kof97,m
kof98,kof98,m
kof99,kof99,m
kof2000,kof2000,m
kof2001,kof2001,m
kotm,kotm,m
kotm2,kotm2,m
kittenk,kittenk,m
kizuna,kizuna,m
kodure,kodure,m
konamigt,konamigt,m
knights,knights,m
eto,eto,m
kungfum,kungfum,m
tcobra2,tcobra2,m
kyukaidk,kyukaidk,m
landmakr,landmakr,m
lghost,lghostu,m
lah_112,lah_112,n
lastblad,lastblad,m
lastbld2,lastbld2,m
lastmisn,lastmisn,m
lresort,lresort,m
lbowling,lbowling,m
lwings,lwings,m
lomakai,lomakai,m
legendos,legendos,m
legion,legion,m
lemmings,lemmings,m
lethalen,lethalen,m
le2,le2,m
lw3_208,lw3_208,n
liblrabl,liblrabl,m
lgtnfght,lgtnfghtu,m
loffire,loffire,m
liquidk,liquidk,m
locklodu,lockloadu,m
ldrun,ldrun,m
ldrun2,ldrun2,m
ldrun3,ldrun3,m
luckywld,luckywld,m
macross2,macross2,m
madmotor,madmotor,m
mahretsu,mahretsu,m
mjnquest,mjnquest,m
mahoudai,mahoudai,m
msword,msword,m
mcatadv,mcatadv,m
magdrop2,magdrop2,m
magdrop3,magdrop3,m
maglord,maglord,m
manybloc,manybloc,m
mappy,mappy,m
marble,marble,m
mmaze,mmaze,m
mmatrix,mmatrix,m
mtlchamp,mtlchamp1,m
marvland,marvland,m
msh,msh,m
mshvsf,mshvsfu,m
mvsc,mvscu,m
mosyougi,mosyougi,m
masterw,masterw,m
mofflott,mofflott,m
mazinger,mazinger,m
megab,megablst,m
megaman2,megaman2,m
mtwins,mtwins,m
mercs,mercs,m
metalb,metalb,m
metlhawk,metlhawk,m
mslug,mslug,m
mslug2,mslug2,m
mslug3,mslug3,m
mslugx,mslugx,m
metamrph,metamrphu,m
mwalk,mwalk,m
minasan,minasan,m
mirninja,mirninja,m
mia,mia,m
mrviking,mrviking,m
miexchng,miexchng,m
mpatrol,mpatrol,m
quizhuhu,quizhuhu,m
mk,mk,m
motofren,motofren,m
motos,motos,m
mugsmash,mugsmash,m
ganryu,ganryu,m
mutantf,mutantf,m
mutnat,mutnat,m
mvp,mvp,m
myhero,myhero,m
mystwarr,mystwarr,m
nam1975,nam1975,m
nastar,nastar,m
nbajam,nbajam,m
nbajamte,nbajamte,m
nemesis,nemesis,m
nemo,nemo,m
neobombe,neobombe,m
neodrift,neodrift,m
neocup98,neocup98,m
neomrdo,neomrdo,m
turfmast,turfmast,m
hardyard,hardyard,m
nitd,nitd,m
nightstr,nightstru,m
nwarr,nwarru,m
ncombat,ncombat,m
ncommand,ncommand,m
ninjemak,ninjemak,m
ninjak,ninjak,m
ninjamas,ninjamas,m
noboranb,nobb,m
nost,nost,m
offtwall,offtwall,m
ragnagrd,ragnagrd,m
opwolf,opwolfu,m
ordyne,ordyne,m
outrun,outrunra,m
orunners,orunnersu,m
outzone,outzoneb,m
overdriv,overdriv,m
overtop,overtop,m
p47,p47,m
pacnpal,pacnpal,m
pacmania,pacmania,m
pairs,pairs,m
pang3,pang3n,m
panicbom,panicbom,m
paperboy,paperboy,m
parodius,parodius,m
peterpak,peterpak,m
phelios,phelios,m
phozon,phozon,m
pipibibs,pipibibs,m
pistoldm,pistoldm,m
pitfall2,pitfall2,m
pitfight,pitfight4,m
pgoal,pgoal,m
plusalph,plusalph,m
pnickj,pnickj,m
plygonet,plygonet,m
popbounc,popbounc,m
popnpop,popnpop,m
pdrift,pdrift,m
pwrgoal,pwrgoal,m
pspikes2,pspikes2,m
pwheelsj,pwheelsj,m
preisle2,preisle2,m
psyforce,psyforcej,m
oscar,oscaru,m
puchicar,puchicar,m
pulirula,pulirula,m
pulstar,pulstar,m
punkshot,punkshot,m
pbobble,pbobble,m
pbobblen,pbobblen,m
pbobbl2n,pbobbl2n,m
pbobble2,pbobble2o,m
pbobble3,pbobble3,m
pbobble4,pbobble4,m
puzlclub,puzlclub,m
puzzledp,puzzledp,m
pzloop2,pzloop2,m
joyjoy,joyjoy,m
quester,quester,m
qad,qad,m
qzchikyu,qzchikyu,m
qcrayon,qcrayon,m
qcrayon2,qcrayon2,m
quizdais,quizdais,m
quizf1,quizf1,m
quizhq,quizhq,m
qjinsei,qjinsei,m
quizkof,quizkof,m
quizdai2,quizdai2,m
qndream,qndream,m
qzquest,qzquest,m
qzshowby,qzshowby,m
qtono2,qtono2j,m
qtorimon,qtorimon,m
rtype,rtype,m
rtype2,rtype2,m
rtypeleo,rtypeleo,m
racinfrc,racinfrcu,m
radm,radm,m
raflesia,raflesia,m
raiden,raiden,m
raiden2,raiden2,m
rchase,rchase,m
raimais,raimaisj,m
rainbow,rainbow,m
rallybik,rallybik,m
rambo3,rambo3,m
rastan,rastan,m
ridhero,ridhero,m
rbff1,rbff1,m
rbff2,rbff2,m
rbffspec,rbffspec,m
regulus,regulus,m
riotcity,riotcity,m
riskchal,riskchal,m
rvschool,rvschoola,m
roadblst,roadblst,m
roadriot,roadriot,m
rrreveng,rrreveng,m
roadrunn,roadrunn,m
roboarmy,roboarmy,m
robocop,robocop,m
rab_320,rab_130,n
rodland,rodland,m
rohga,rohga1,m
rthunder,rthunder,m
rthun2,rthun2,m
rompers,rompers,m
rungun,rungun,m
rungun2,rungun2,m
rushhero,rushhero,m
ryujin,ryujin,m
stdragon,stdragon,m
salamand,salamand,m
salmndr2,salmndr2,m
samsho,samsho,m
samsho2,samsho2,m
samsho3,samsho3h,m
samsho4,samsho4,m
slammast,slammast,m
savagere,savagere,m
scramble,scramble,m
sectionz,sectionz,m
seganinj,seganinj,m
selfeena,selfeena,m
sengekis,sengekis,m
sengoku,sengoku,m
sengoku2,sengoku2,m
sengoku3,sengoku3,m
sexyparo,sexyparo,m
shackled,shackled,m
shdancer,shdancer,m
shadfrce,shadfrce,m
shadowld,shadowld,m
shinobi,shinobi,m
shippumd,shippumd,m
matchit2,matchit2,m
shocktro,shocktro,m
shocktr2,shocktr2,m
shufshot,shufshot139,m
sidepckt,sidepckt,m
silentd,silentd,m
skullxbo,skullxbo,m
skykiddx,skykiddx,m
slyspy,slyspy,m
smashtv,smashtv,m
snowbros,snowbros,m
socbrawl,socbrawl,m
soldamj,soldamj,m
solfigtr,solfigtr,m
solvalou,solvalou,m
sbm,sbm,m
sonicwi2,sonicwi2,m
sonicwi3,sonicwi3,m
sharrier,sharrier1,m
spacedx,spacedx,m
spcinvdj,spcinvdj,m
spcinv95,spcinv95,m
spclords,spclords,m
spatter,spatter,m
sci,sci,m
spidman,spidman,m
spinmast,spinmast,m
splatter,splatterj,m
stadhero,stadhero,m
stagger1,stagger1,m
stakwin,stakwin,m
stakwin2,stakwin2,m
starblad,starblad,m
plsmaswd,plsmaswd,m
starjack,starjack,m
trek_201,trek_201,n
starwars,starwars,m
stwr_103,stwr_103,n
sgunner2,sgunner2,m
steeltal,steeltal,m
strkfgtr,strkfgtr,m
s1945,s1945,m
s1945jn,s1945jn,m
s1945p,s1945p,m
sf,sf,m
sfa,sfa,m
sfa2,sfa2u,m
sfa3,sfa3u,m
sfex,sfexa,m
sfex2,sfex2,m
sfex2p,sfex2p,m
sf2,sf2,m
sf2ce,sf2ce,m
sftm,sftm,m
strhoop,strhoop,m
strider,strider,m
strider2,strider2a,m
stunrun,stunrun,m
supbtime,supbtime,m
superchs,superchs,m
scfinals,scfinals,m
sdodgeb,sdodgeb,m
sfchamp,sfchampj,m
shangon,shangon,m
shimpact,shimpact,m
suprloco,suprloco,m
superman,superman,m
ringdest,ringdest,m
superpac,superpac,m
srdarwin,srdarwin,m
ssideki,ssideki,m
ssideki2,ssideki2,m
ssideki3,ssideki3,m
ssideki4,ssideki4,m
suprslam,suprslam,m
ssi,ssi,m
ssprint,ssprint,m
ssf2,ssf2,m
sws92,sws92,m
ssriders,ssriders,m
suzuka8h,suzuka8h,m
suzuk8h2,suzuk8h2,m
swat,swat,m
tftc_303,tftc_303,n
tankfrce,tankfrce,m
tapper,tapper,m
tharrier,tharrier,m
tattass,tattass,m
tws96,tws96,m
teddybb,teddybb,m
tmnt,tmnt,m
tmnt2,tmnt2,m
tengai,tengaij,m
term2,term2la3,m
terracre,terracre,m
terraf,terraf,m
tetrisp2,tetrisp2,m
tgmj,tgmj,m
astyanax,astyanax,m
battroad,battroad,m
ctribe,ctribe,m
irrmaze,irrmaze,m
mainevt,mainevt,m
ninjaw,ninjaw,m
punisher,punisher,m
ghostb,ghostb,m
roishtar,roishtar,m
simpsons,simpsons,m
superspy,superspy,m
trally,trally,m
thndrbld,thndrbld,m
thnderxa,thunderxa,m
thndrx2,thndrx2j,m
thundfox,thundfox,m
thunderj,thunderj,m
timekill,timekill,m
timeplt,timeplt,m
tokisens,tokisens,m
tokio,tokiou,m
tomy_400,tomy_400,n
toobin,toobin,m
tophuntr,tophuntr,m
topland,topland,m
tpgolf,tpgolf,m
trstar,trstar,m
topspeed,topspeed,m
totcarn,totcarn,m
todruaga,todruaga,m
toypop,toypop,m
triothep,triothepj,m
trog,trog4,m
trojan,trojan,m
tron,tron2,m
truxton,truxton,m
tumblep,tumblep,m
toutrun,toutrun2,m
turtles,turtles,m
tutankhm,tutankhm,m
twinbee,twinbee,m
tbyahhoo,tbyahhoo,m
twincobr,twincobr,m
twinspri,twinspri,m
twinqix,twinqix,m
ufosensi,ufosensi,m
mmaulers,mmaulers,m
uballoon,uballoon,m
undrfire,undrfire,m
earthjkr,earthjkr,m
unsquad,unsquad,m
upndown,upndown,m
mustangb,mustangb,m
valkyrie,valkyrie,m
vhunt2,vhunt2,m
vsav,vsav,m
vsav2,vsav2,m
varth,varthr1,m
vendetta,vendetta,m
hustler,hustler,m
viewpoin,viewpoin,m
vindictr,vindictr,m
vindctr2,vindctr2,m
viofight,viofight,m
viostorm,viostorm,m
vcop,vcop,m
vf,vf,m
vr,vr,m
volfied,volfied,m
gowcaizr,gowcaizr,m
vulcan,vulcan,m
wakuwak7,wakuwak7,m
wardner,wardner,m
wof,wof,m
wmatch,wmatch,m
moo,moo,m
willow,willow,m
wjammers,wjammers,m
winspike,winspike,m
wingwar,wingwaru,m
wizdfire,wizdfireu,m
wbml,wbml,m
wb3,wb3,m
wndrmomo,wndrmomo,m
wndrplnt,wndrplnt,m
wcbowl,wcbowl,m
wldcourt,wldcourt,m
wh1,wh1h,m
wh2,wh2,m
wh2j,wh2jh,m
whp,whp,m
ws,ws,m
wwfr_106,wwfr_106,n
wwfsstar,wwfsstaru,m
wwfwfest,wwfwfest,m
xexex,xexex,m
xmen,xmen,m
xmcota,xmcota,m
xmvsf,xmvsfr1,m
xybots,xybots,m
yesnoj,yesnoj,m
yuyugogo,yuyugogo,m
zedblade,zedblade,m
zerowing,zerowing,m
zupapa,zupapa,m
1944,1944,m
64street,64street,m
airduel,airduel,m
ajax,typhoon,m
ajaxj,ajaxj,m
alexkidd,alexkidd1,m
arknid2u,arknoid2u,m
aurail,aurail,m
aliensec,aliensec,m
batcir,batcir,m
battlnts,battlnts,m
bbmanw,bbmanw,m
bchopper,bchopper,m
bladestl,bladestl,m
blockhl,blockhl,m
bodyslam,bodyslam,m
bottom9,bottom9,m
btoads,btoads,m
burnforc,burnforc,m
chqflag,chqflag,m
circusc,circusc,m
cninja,cninja,m
combasc,combatsc,m
cosmccop,cosmccop,m
cosmognj,cosmogngj,m
crusnusa,crusnusa,m
crusnwld,crusnwld23,m
daiskiss,daiskiss,m
dbreed72,dbreedm72,m
dbz,dbz,m
ddragon,ddragon,m
ddribble,ddribble,m
feversos,feversos,m
dleague,dleague,m
domino,domino,m
dragoona,dragoona,m
drgnbstr,drgnbstr,m
dumpmtmt,dumpmtmt,m
dynwar,dynwar,m
dynwarj,dynwarj,m
dyger,dyger,m
edrandy,edrandy,m
esb,esb,m
esprade,esprade,m
eswat,eswat,m
fantzone,fantzone,m
fantzon1,fantzone1,m
fstarfrc,fstarfrc,m
gaiapols,gaiapolsj,m
shadoww,shadoww,m
gallop,gallop,m
gbusters,gbusters,m
genpeitd,genpeitd,m
ginkun,ginkun,m
goldnaxe,goldnaxe2,m
gstriker,gstriker,m
imgfight,imgfighto,m
jackal,jackal,m
jdreddp,jdreddp,m
jedi,jedi,m
kick,kick,m
kidniki,kidnikiu,m
kinst,kinst,m
kinst2,kinst2,m
kodj,kodj,m
kroozr,kroozr,m
ldrun4,ldrun4,m
lifefrce,lifefrce,m
lifefrcj,lifefrcej,m
loht,loht,m
lotlot,lotlot,m
megaman,megaman,m
metrocrs,metrocrs,m
midres,midres,m
midresj,midresj,m
mjleague,mjleague,m
mk2,mk2,m
mk3,mk3,m
mpangj,mpangj,m
mrheli,mrheli,m
mrkougar,mrkougar,m
mstadium,mstadium,m
mx5000,mx5000,m
narc,narc,m
nbahangt,nbahangt,m
nspirit,nspirit,m
nspiritj,nspiritj,m
offroadc,offroadc1,m
openice,openice,m
opwolf3,opwolf3,m
pacland,pacland,m
pacmanij,pacmaniaj,m
pipedrm,pipedrmu,m
puzldama,puzldama,m
qadj,qadj,m
quartet,quartet,m
quizmoon,quizmoon,m
stratof,stratof,m
recordbr,recordbr,m
renegade,renegade,m
revx,revx,m
rmpgwt,rmpgwt,m
robocop2,robocop2,m
rushcrsh,rushcrsh,m
ryukendn,ryukendn,m
scontra,scontra,m
sdi,sdi,m
sgemf,sgemf,m
sgunner,sgunner,m
shollow,shollow,m
shollow2,shollow2,m
sidearms,sidearms,m
skykid,skykid,m
slapshot,slapshot,m
solarfox,solarfox,m
spf2t,spf2t,m
srumbler,srumbler,m
ssf2t,ssf2t,m
sutapper,sutapper,m
syvalion,syvalion,m
tail2nos,tail2nos,m
taotaido,taotaido,m
tetris,tetris,m
rackemup,rackemup,m
thunderx,thunderx,m
tkmmpzdm,tkmmpzdm,m
wildfang,wildfang,m
tnzsj,tnzsjo,m
tokkae,tokkae,m
turtship,turtshipk,m
twotigrc,twotigerc,m
twotiger,twotiger,m
uopoko,uopokoj,m
vaportra,vaportra,m
wacko,wacko,m
wecleman,wecleman,m
welltris,welltrisj,m
wwfmania,wwfmania,m
xmultipl,xmultiplm72,m
afighter,afighter,m
afm_113,afm_113,n
bel,bel,m
cc_13,cc_13,n
congo_21,congo_21,n
corv_21,corv_21,n
cp_16,cp_16,n
cv_14,cv_14,n
deroon,deroon,m
dh_lx2,dh_lx2,n
dm_lx4,dm_lx4,n
doa,doa,m
dynabb,dynabb,m
dynamcop,dynamcop,m
fs_lx5,fs_lx5,n
fvipers,fvipers,m
gunblade,gunblade,m
heavyunt,hvyunito,m
hotd,hotd,m
i500_11r,i500_11r,n
ij_l7,ij_l7,n
indy500,indy500to,m
jb_10r,jb_10r,n
jd_l7,jd_l7,n
jm_12r,jm_12r,n
jy_12,jy_12,n
lastbrnx,lastbrnx,m
mb_10,mb_10,n
mm_10,mm_10,n
nbaf_31,nbaf_31,n
nf_23x,nf_23x,n
ngg_13,ngg_13,n
opengolf,opengolf,m
pltkids,pltkids,m
pop_lx5,pop_lx5,n
rs_l6,rs_l6,n
ryukyu,ryukyu,m
sc_18,sc_18,n
schamp,sfight,m
scud,scud,m
sfzch,sfzch,n
srallyc,srallyc,m
sgt24h,sgt24h,m
soccerss,soccerssja,m
ss_15,ss_15,n
scross,scross,m
stcc,stcc,m
sttng_l7,sttng_l7,n
tkdensho,tkdensho,m
tom_13,tom_13,n
totan_14,totan_14,n
ts_lx5,ts_lx5,n
vf2,vf2,m
vgoalsoc,vgoalsoc,m
von,vonj,m
vstriker,vstrikero,m
wcs_l2,wcs_l2,n
wd_12,wd_12,n
twrldc94,twrldc94,m
zerogun,zerogun,m
acedrvrw,acedrvrw,m
agallet,agallet,m
airco22b,airco22b,m
aliensyn,aliensyn,m
alpinerd,alpinerd,m
arknid2j,arknoid2j,m
arknoid2,arknoid2,m
bermudat,bermudat,m
blktiger,blktiger,m
chasehqj,chasehqj,m
cupsoc,cupsocs2,m
cybrcomm,cybrcomm,m
cybrcycc,cybrcycc,m
danceyes,danceyes,m
darksel2,darkseal2,m
digdug,digdug,m
docastle,docastle,m
dorunrun,dorunrun,m
douni,douni,m
dowild,dowild,m
dunkmnia,dunkmnia,m
dynablst,dynablst,m
eprom,eprom,m
exterm,exterm,m
f1dream,f1dream,m
freddy,freddy,n
galaga,galaga,m
gemini,gemini,m
getstar,getstar,m
gwar,gwar,m
heatbrl,heatbrl2,m
hharry,hharry,m
hotchase,hotchase,m
iganinju,iganinju,m
jjack,jjack,m
kickridr,kickridr,m
landgear,landgear,m
lastduel,lastduel,m
lostwrld,lostwrld,m
madgear,madgear,m
manxtt,manxtt,m
marvlanj,marvlandj,m
meikyuh,meikyuh,m
missb2,missb2,m
myangel3,myangel3,m
nebulray,nebulray,m
perfrman,perfrman,m
plumppop,plumppop,m
primglex,primglex,m
propcycl,propcycl,m
psychic5,psychic5,m
psychos,psychos,m
raveracw,raveracw,m
ridgera2,ridgera2,m
ridgerac,ridgeracb,m
rockrage,rockrage,m
rollerg,rollerg,m
rygar,rygar,m
scudscsp,scud,m
sidebs2,sidebs2,m
silkworm,silkworm,m
skytargt,skytargt,m
slapfigh,slapfigh,m
souledge,souledge,m
speedrcr,speedrcr,m
starswep,starswep,m
stridrua,striderua,m
tceptor2,tceptor2,m
tdfever,tdfever,m
tdfeverj,tdfeverj,m
tekken,tekken,m
terracra,terracren,m
terracrb,terracrea,m
thndzone,thndzone,m
tigerh,tigerh,m
tigeroad,tigeroad,m
timecris,timecris,m
toramich,toramich,m
vcop2,vcop2,m
vf3,vf3,m
victlapw,victlapw,m
victroad,victroad,m
von2,von2,m
vs2,vs2,m
vs298,vs298,m
vs2v991,vs2v991,m
wc90,wc90,m
windheat,windheatu,m
xevi3dg,xevi3dg,m
xevious,xevious,m
andretti,andretti,n
barbwire,barbwire,n
batmanf,batmanf,n
baywatch,baywatch,n
bbnny_l2,bbnny,n
bighurt,bighurt,n
cactjack,cactjack,n
carhop,carhop,n
clas1812,clas1812,n
cueball,cueball,n
deadweap,deadweap,n
frankst,frankst,n
gladiatp,gladiatp,n
opthund,opthund,n
rescu911,rescu911,n
sfight2,sfight2,n
shaqattq,shaqattq,n
silvslug,silvslug,n
smb,smb,n
stargatp,stargatp,n
surfnsaf,surfnsaf,n
teedoffp,teedoffp,n
tfight,tfight,n
tz_92,tz_92,n
vegas,vegas,n
waterwld,waterwld,n
wcsoccer,wcsoccer,n
wipeout,wipeout,n
aquarush,aquarush,m
asurabld,asurabld,m
dirtdvls,dirtdvls,m
ehrgeiz,ehrgeiz,m
fgtlayer,fgtlayer,m
godzilla,godzilla,m
golgo13,golgo13,m
kuniokun,kuniokun,m
mdhorse,mdhorse,m
mrdrillr,mrdrillr,m
ncv1,ncv1,m
ncv2,ncv2,m
outfxies,outfxies,m
pacapp,pacapp,m
ptblank,ptblank,m
sidebs,sidebs,m
soulclbr,soulclbr,m
sws99,sws99,m
tekken3,tekken3,m
47pie2,47pie2,m
aceattac,aceattac,m
akiss,akiss,m
aliensy2,aliensyn2,m
arescue,arescue,m
arkarea,arkarea,m
bass,bass,m
bbbxing,bbbxing,m
beastrzr,beastrzr,m
bldyror2,bldyror2,m
bmaster,bmaster,m
brvblade,brvblade,m
bullet,bullet,m
cotton,cotton,m
daytona2,dayto2pe,m
ddux,ddux,m
dendeg,dendeg,m
dendeg2,dendeg2,m
desertbr,desertbr,m
desertwr,desertwr,m
dietgo,dietgo,m
f1superb,f1superb,m
fpoint,fpoint,m
fromanc2,fromanc2,m
fromanc4,fromanc4,m
fromancr,fromancr,m
gametngk,gametngk,m
gp500,500gp,m
gratia,gratia,m
gslgr94u,gslgr94u,m
gslugrsj,gslugrsj,m
gt3d,gt3d,m
gunforc2,gunforc2,m
gunforce,gunforce,m
harley,harley,m
hayaosi2,hayaosi2,m
hook,hook,m
inthunt,inthunt,m
karianx,karianx,m
kirarast,kirarast,m
kof2002,kof2002,m
lethalth,lethalth,m
logicpro,logicpro,m
machbrkr,machbrkr,m
majtitl2,majtitl2,m
matrim,matrim,m
mnight,mnight,m
mslug4,mslug4,m
mysticri,mysticri,m
nbbatman,nbbatman,m
p47aces,p47aces,m
passsht,passsht,m
pontoon,pontoon,m
racingb,racingb,m
raidndx,raidndxa1,m
rdft,rdft,m
rfjet,rfjet,m
rotd,rotd,m
sjryuko,sjryuko,m
sonicbom,sonicbom,m
srally2,srally2,m
ssoldier,ssoldier,m
starglad,starglad,m
suprleag,suprleag,m
swa,swa,m
swa_dsb,swa,m
sws95,sws95,m
tekken2,tekken2,m
tektagt,tektagt,m
tenkomor,tenkomor,m
tetrisp,tetrisp,m
timecrs2,timecrs2,m
timescan,timescan,m
topskatr,topskatr,m
toryumon,toryumon,m
tp2m32,tp2m32,m
tturfu,tturfu,m
uccops,uccops,m
uccopsj,uccopsj,m
viprp1j,viprp1j,m
vshoot,vshoot,m
vsnetscr,vsnetscru,m
wrestwar,wrestwar,m
wwallyj,wwallyj,m
zeroteam,zeroteam,m
xfilepin,xfilesp,n
dimahoo,dimahoou,m
finalapr,finalapr,m
ghostlop,ghostlop,m
jockeygp,jockeygp,m
progear,progear,m
vliner,vliner,m
bubbletr,bubbletr,m
abcop,abcop,m
alpinesa,alpinesa,m
alpinr2b,alpinr2b,m
apollo13,apollo13,n
diggerma,diggerma,m
diner_l4,diner_l4,n
driveyes,driveyes,m
eca,eca,m
finfurl2,finfurl2,m
fvipers2,fvipers2,m
ghlpanic,ghlpanic,m
gladiatr,gladiatr,m
goldcue,goldcue,n
gradius4,gradius4,m
gticlub,gticluba,m
hook_408,hook_408,n
hsf2,hsf2a,m
id4,id4,n
jplstw22,jplstw22,n
kncljoe,kncljoe,m
kof2003,kof2003,m
lemans24,lemans24,m
mav_402,mav_402,n
mslug5,mslug5,m
nbapbp,nbapbp,m
pacapp2,pacapp2,m
pacappsp,pacappsp,m
pnyaa,pnyaa,m
pool_l7,pool_l7,n
ptblnk2a,ptblnk2a,m
rachero,rachero,m
radcl_l1,radcl_l1,n
rollr_l2,rollr_l2,n
rvrbt_l3,rvrbt_l3,n
samsh5sp,samsh5sp,m
samsho5,samsho5,m
skisuprg,skisuprg,m
slrasslt,slrasslt,m
spacejam,spacejam,n
spikeofe,spikeofe,m
spikeout,spikeout,m
startrp,startrp,n
svcpcb,svcpcb,m
swtmpeg,swtrilgy,m
swtril43,swtril43,n
thunderh,thunderhu,m
toki,toki,m
ttt_10,ttt_10,n
twst_405,twst_405,n
vigilant,vigilant,m
winrun,winrun,m
winrun91,winrun91,m
10yard,10yard,m
alpha1v,alpha1v,m
anteater,anteater,m
archrivl,archrivl,m
armorcar,armorcar,m
asurabus,asurabus,m
avspirit,avspirit,m
bigstrik,bigstrik,m
butasan,butasan,m
calipso,calipso,m
champwr,champwr,m
chimerab,chimerab,m
choko,choko,m
ckongs,ckongs,m
crater,crater,m
darkplnt,darkplnt,m
esckids,esckids,m
funkyjet,funkyjet,m
horizon,horizon,m
hunchbks,hunchbks,m
joust2,joust2,m
jungler,jungler,m
jyangoku,jyangoku,m
kengo,kengo,m
kikcubic,kikcubic,m
losttomb,losttomb,m
mars,mars,m
matchit,matchit,m
midnrun,midnrun,m
mimonkey,mimonkey,m
minefld,minefld,m
mlanding,mlanding,m
moonwar,moonwar,m
newsin7,newsin7,m
newtangl,newtangl,m
nitrobal,nitrobal,m
omegaf,omegaf,m
othunder,othunder,m
pigskin,pigskin,m
pooyan,pooyan,m
poundfor,poundfor,m
racingj,racingj,m
racingj2,racingj2,m
rapidrvr,rapidrvr,m
mmancp2u,mmancp2u,m
robokid,robokid,m
rocnrope,rocnrope,m
schmeisr,schmeisr,m
scobra,scobra,m
shtrider,shtrider,m
skichamp,skichamp,m
sotsugyo,sotsugyo,m
spdcoin,spdcoin,m
spelunk2,spelunk2,m
spelunkr,spelunkr,m
sscope2,sscope2,m
stratgyx,stratgyx,m
strkforc,strkforc,m
superbon,superbon,m
tactcian,tactcian,m
theend,theend,m
thrilld,thrilld,m
timber,timber,m
travrusa,travrusa,m
trisport,trisport,m
tshingen,tshingena,m
warriorb,warriorb,m
wgp,wgp,m
wgp2,wgp2,m
youjyudn,youjyudn,m
zintrckb,zintrckb,m
atlantisp,atlantisp,n
bcats_l5,bcats_l5,n
bellring,bellring,n
bguns_l8,bguns_l8,n
bnzai_l3,bnzai_l3,n
btmn_103,btmn_103,n
ccruise,ccruise,n
cycln_l5,cycln_l5,n
dd_l2,dd_l2,n
drac_l1,drac_l1,n
eatpm_l4,eatpm_l4,n
esha_la3,esha_la3,n
f14_l1,f14_l1,n
fire_l3,fire_l3,n
ft_l5,ft_l5,n
grand_l4,grand_l4,n
gs_l4,gs_l4,n
gw_l5,gw_l5,n
hs_l4,hs_l4,n
lca,lca,n
milln_l3,milln_l3,n
mousn_l4,mousn_l4,n
pb_l5,pb_l5,n
polic_l4,polic_l4,n
rdkng_l4,rdkng_l4,n
spstn_l5,spstn_l5,n
swrds_l2,swrds_l2,n
taf_l5,taf_l5,n
tafg_lx3,tafg_lx3,n
taxi_l4,taxi_l4,n
trucksp3,trucksp3,n
tsptr_l3,tsptr_l3,n
whirl_l3,whirl_l3,n
7ordi,7ordi,m
aceattaa,aceattaca,m
agress,agress,m
athena,athena,m
bbusters,bbusters,m
beathead,beathead,m
benberob,benberob,m
bioatack,bioatack,m
bionicc,bionicc,m
bk2k_l4,bk2k_l4,n
bkrtmaq,bkrtmaq,m
bloodbro,bloodbro,m
bombsa,bombsa,m
bosco,bosco,m
btime,btime,m
buggyb1,buggyboyjr,m
cavelon,cavelon,m
cgangpzl,cgangpzl,m
chopper,chopper,m
crshrace,crshrace,m
cyberb2p,cyberbal2p,m
denjinmk,denjinmk,m
devilfsh,devilfsh,m
dm_h5,dm_h5,n
dynduke,dynduke,m
elevator,elevator,m
emeralda,emeralda,m
exedexes,exedexes,m
extrmatn,extrmatnu,m
exvania,exvania,m
fghtatck,fghtatck,m
firebarr,firebarr,m
fitegolf,fitegolf,m
frontlin,frontlin,m
g13knd,g13knd,m
garogun,garogun,m
godzillp,godzillp,n
goodejan,goodejan,m
guts,guts,m
halleys,halleys,m
hayaosi3,hayaosi3,m
hwrace,hwrace,m
hyprduel,hyprduel,m
ikari,ikari,m
ikari3,ikari3,m
jetwave,waveshrk,m
jrpacman,jrpacman,m
kabukiz,kabukiz,m
kaiunqz,kaiunqz,m
kikstart,kikstart,m
klaxp1,klaxp1,m
knckhead,knckhead,m
lbgrande,lbgrande,m
legionna,legionna,m
lkage,lkageo,m
lnc,lnc,m
lockon,lockon,m
locomotn,locomotn,m
lostspc,lostspc,n
magicbub,magicbub,m
majtitle,majtitlej,m
mechatt,mechatt,m
mgcldtex,mgcldtex,m
motoraid,motoraid,m
nmg5,nmg5,m
nrallyx,nrallyxb,m
numanath,numanath,m
overrev,overrev,m
pacman,pacman,m
pclubys,pclubys,m
pocketrc,pocketrc,m
pow,pow,m
prehisle,prehisle,m
psychosj,psychosj,m
ptblank2,ptblank2,m
qgakumon,qgakumon,m
quiz18k,quiz18k,m
quiztou,quiztou,m
rallyx,rallyx,m
rescue,rescue,m
riot,riot,m
rollr_e1,rollr_e1,n
sdgndmrb,grainbow,m
searchar,searchar,m
searchey,searchey,m
searchp2,searchp2,m
sfposeid,sfposeid,m
sfx,sfx,m
skyrobo,skyrobo,m
skysmash,skysmash,m
smbmush,smbmush,n
souledgb,souledge1,m
spacegun,spacegun,m
spaceskr,spaceskr,m
spy,spy,m
sscope,sscopea,m
streetsm,streetsm,m
sttng_x7,sttng_x7,n
swcourt,swcourt,m
sws2000,sws2000,m
tazmania,tazmania,m
tdragon2,tdragon2,m
terabrst,terabrsta,m
timetunl,timetunl,m
tinklpit,tinklpit,m
tinstar,tinstar,m
titlef,titlef,m
totmejan,totmejan,m
toukon3,toukon3,m
vball,vballb,m
viprsega,viprsega,n
waterski,waterski,m
wboy,wboy,m
wondstck,wondstck,m
wpksoc,wpksoc,m
ws89,ws89,m
40love,40love,m
bigfight,bigfight,m
bullfgtr,bullfgtr,m
cyclwarr,cyclwarr,m
equites,equites,m
fieldday,fieldday,m
flstory,flstory,m
gekisou,gekisou,m
hvoltage,hvoltage,m
kouyakyu,kouyakyu,m
msisaac,msisaac,m
nslasher,nslasher,m
onna34ro,onna34ro,m
roundup5,roundup5,m
smgp,smgp,m
splndrbt,splndrbt,m
victnine,victnine,m
g_acro,g_acro,n
g_acr2,g_acr2,n
g_arca,g_arca,n
g_clay,g_clay,n
g_desd,g_desd,n
g_ejim,g_ejim,n
g_jim2,g_jim2,n
g_ma96,g_ma96,n
g_scob,g_scob,n
g_ootw,g_ootw,n
shtngmst,shtngmst,m
